MPLINK 5.09, LINKER
Linker Map File - Created Mon Jul 27 18:39:38 2020

                                 Section Info
                  Section       Type    Address   Location Size(Bytes)
                ---------  ---------  ---------  ---------  ---------
                 RES_VECT       code   0x000000    program   0x000002
                   .cinit    romdata   0x000001    program   0x000004
                MAIN_PROG       code   0x000100    program   0x000048
.config_2007_BUILD/DEFAULT/PRODUCTION/DELAY.O       code   0x002007    program   0x000002
.config_2008_BUILD/DEFAULT/PRODUCTION/DELAY.O       code   0x002008    program   0x000002
                  GPR_VAR      udata   0x000020       data   0x000003



                              Program Memory Usage 
                               Start         End      
                           ---------   ---------      
                            0x000000    0x000002      
                            0x000100    0x000123      
                            0x002007    0x002008      
            41 out of 8455 program addresses used, program memory utilization is 0%



                              Symbols - Sorted by Name
                     Name    Address   Location    Storage File                     
                ---------  ---------  ---------  --------- ---------                
                  CONFIG1   0x000113    program     static D:\programacion\PIC\lab1.X\delay.asm
                  CONFIG2   0x000119    program     static D:\programacion\PIC\lab1.X\delay.asm
                DELAY_BIG   0x000111    program     static D:\programacion\PIC\lab1.X\delay.asm
             DELAY_MEDIUM   0x000117    program     static D:\programacion\PIC\lab1.X\delay.asm
              DELAY_SMALL   0x00011d    program     static D:\programacion\PIC\lab1.X\delay.asm
                     LOOP   0x00010e    program     static D:\programacion\PIC\lab1.X\delay.asm
                    SETUP   0x000100    program     static D:\programacion\PIC\lab1.X\delay.asm
                    START   0x000100    program     static D:\programacion\PIC\lab1.X\delay.asm
          _MAIN_PROG_0120   0x000120    program     static D:\programacion\PIC\lab1.X\delay.asm
                    CONT1   0x000020       data     static D:\programacion\PIC\lab1.X\delay.asm
                    CONT2   0x000021       data     static D:\programacion\PIC\lab1.X\delay.asm
                    CONT3   0x000022       data     static D:\programacion\PIC\lab1.X\delay.asm



                              Symbols - Sorted by Address
                     Name    Address   Location    Storage File                     
                ---------  ---------  ---------  --------- ---------                
                    SETUP   0x000100    program     static D:\programacion\PIC\lab1.X\delay.asm
                    START   0x000100    program     static D:\programacion\PIC\lab1.X\delay.asm
                     LOOP   0x00010e    program     static D:\programacion\PIC\lab1.X\delay.asm
                DELAY_BIG   0x000111    program     static D:\programacion\PIC\lab1.X\delay.asm
                  CONFIG1   0x000113    program     static D:\programacion\PIC\lab1.X\delay.asm
             DELAY_MEDIUM   0x000117    program     static D:\programacion\PIC\lab1.X\delay.asm
                  CONFIG2   0x000119    program     static D:\programacion\PIC\lab1.X\delay.asm
              DELAY_SMALL   0x00011d    program     static D:\programacion\PIC\lab1.X\delay.asm
          _MAIN_PROG_0120   0x000120    program     static D:\programacion\PIC\lab1.X\delay.asm
                    CONT1   0x000020       data     static D:\programacion\PIC\lab1.X\delay.asm
                    CONT2   0x000021       data     static D:\programacion\PIC\lab1.X\delay.asm
                    CONT3   0x000022       data     static D:\programacion\PIC\lab1.X\delay.asm


