MPLINK 5.09, LINKER
Linker Map File - Created Mon Sep 21 22:55:59 2020

                                 Section Info
                  Section       Type    Address   Location Size(Bytes)
                ---------  ---------  ---------  ---------  ---------
                 RES_VECT       code   0x000000    program   0x000002
                   .cinit    romdata   0x000001    program   0x000004
            INTERRUPT_VEC       code   0x000004    program   0x000146
                MAIN_PROG       code   0x0000a7    program   0x00051e
.config_2007_BUILD/DEFAULT/PRODUCTION/MAIN.O       code   0x002007    program   0x000002
.config_2008_BUILD/DEFAULT/PRODUCTION/MAIN.O       code   0x002008    program   0x000002
                    DATOS      udata   0x000020       data   0x000025



                              Program Memory Usage 
                               Start         End      
                           ---------   ---------      
                            0x000000    0x000002      
                            0x000004    0x000335      
                            0x002007    0x002008      
            823 out of 8455 program addresses used, program memory utilization is 9%



                              Symbols - Sorted by Name
                     Name    Address   Location    Storage File                     
                ---------  ---------  ---------  --------- ---------                
                  CAMBIAR   0x0001f5    program     static C:\Users\AngelOrellana\OneDrive\Escritorio\uvg\4toSemestre\PrograDeMicros\Programas_ensamblador\proyecto1.2.X\main.asm
                CAMBIAR_0   0x0001f4    program     static C:\Users\AngelOrellana\OneDrive\Escritorio\uvg\4toSemestre\PrograDeMicros\Programas_ensamblador\proyecto1.2.X\main.asm
   CAMBIAR_0_TEMPORIZADOR   0x0002b7    program     static C:\Users\AngelOrellana\OneDrive\Escritorio\uvg\4toSemestre\PrograDeMicros\Programas_ensamblador\proyecto1.2.X\main.asm
                CAMBIAR_1   0x00024b    program     static C:\Users\AngelOrellana\OneDrive\Escritorio\uvg\4toSemestre\PrograDeMicros\Programas_ensamblador\proyecto1.2.X\main.asm
            CAMBIAR_FECHA   0x00024c    program     static C:\Users\AngelOrellana\OneDrive\Escritorio\uvg\4toSemestre\PrograDeMicros\Programas_ensamblador\proyecto1.2.X\main.asm
     CAMBIAR_TEMPORIZADOR   0x0002b8    program     static C:\Users\AngelOrellana\OneDrive\Escritorio\uvg\4toSemestre\PrograDeMicros\Programas_ensamblador\proyecto1.2.X\main.asm
           CONTAR_SEGUNDO   0x000011    program     static C:\Users\AngelOrellana\OneDrive\Escritorio\uvg\4toSemestre\PrograDeMicros\Programas_ensamblador\proyecto1.2.X\main.asm
                 CONTINUE   0x0002a5    program     static C:\Users\AngelOrellana\OneDrive\Escritorio\uvg\4toSemestre\PrograDeMicros\Programas_ensamblador\proyecto1.2.X\main.asm
   CORRECCION_BCD_AUMENTO   0x000194    program     static C:\Users\AngelOrellana\OneDrive\Escritorio\uvg\4toSemestre\PrograDeMicros\Programas_ensamblador\proyecto1.2.X\main.asm
CORRECCION_BCD_DISMINUCION   0x00019e    program     static C:\Users\AngelOrellana\OneDrive\Escritorio\uvg\4toSemestre\PrograDeMicros\Programas_ensamblador\proyecto1.2.X\main.asm
          CORRECCION_HORA   0x0001d9    program     static C:\Users\AngelOrellana\OneDrive\Escritorio\uvg\4toSemestre\PrograDeMicros\Programas_ensamblador\proyecto1.2.X\main.asm
  CORREGIR_BCD_DIA_EDITAR   0x00025d    program     static C:\Users\AngelOrellana\OneDrive\Escritorio\uvg\4toSemestre\PrograDeMicros\Programas_ensamblador\proyecto1.2.X\main.asm
 CORREGIR_BCD_HORA_EDITAR   0x000217    program     static C:\Users\AngelOrellana\OneDrive\Escritorio\uvg\4toSemestre\PrograDeMicros\Programas_ensamblador\proyecto1.2.X\main.asm
  CORREGIR_BCD_MES_EDITAR   0x000276    program     static C:\Users\AngelOrellana\OneDrive\Escritorio\uvg\4toSemestre\PrograDeMicros\Programas_ensamblador\proyecto1.2.X\main.asm
CORREGIR_BCD_MES_INCREMENTAR   0x000284    program     static C:\Users\AngelOrellana\OneDrive\Escritorio\uvg\4toSemestre\PrograDeMicros\Programas_ensamblador\proyecto1.2.X\main.asm
CORREGIR_BCD_MINUTOS_TEMPORIZADO   0x0002f8    program     static C:\Users\AngelOrellana\OneDrive\Escritorio\uvg\4toSemestre\PrograDeMicros\Programas_ensamblador\proyecto1.2.X\main.asm
CORREGIR_BCD_MINUTO_EDITAR   0x000200    program     static C:\Users\AngelOrellana\OneDrive\Escritorio\uvg\4toSemestre\PrograDeMicros\Programas_ensamblador\proyecto1.2.X\main.asm
CORREGIR_BCD_SEGUNDO_TEMPORIZADO   0x0002cd    program     static C:\Users\AngelOrellana\OneDrive\Escritorio\uvg\4toSemestre\PrograDeMicros\Programas_ensamblador\proyecto1.2.X\main.asm
CORREGIR_BCD_TEMP_SEG_DEC   0x0002c7    program     static C:\Users\AngelOrellana\OneDrive\Escritorio\uvg\4toSemestre\PrograDeMicros\Programas_ensamblador\proyecto1.2.X\main.asm
CORREGIR_BCD_TEMP_SEG_INC   0x0002dd    program     static C:\Users\AngelOrellana\OneDrive\Escritorio\uvg\4toSemestre\PrograDeMicros\Programas_ensamblador\proyecto1.2.X\main.asm
         CUENTA_DE_ALARMA   0x000016    program     static C:\Users\AngelOrellana\OneDrive\Escritorio\uvg\4toSemestre\PrograDeMicros\Programas_ensamblador\proyecto1.2.X\main.asm
           DECISION_FECHA   0x000254    program     static C:\Users\AngelOrellana\OneDrive\Escritorio\uvg\4toSemestre\PrograDeMicros\Programas_ensamblador\proyecto1.2.X\main.asm
          DECREMENTAR_DAY   0x000257    program     static C:\Users\AngelOrellana\OneDrive\Escritorio\uvg\4toSemestre\PrograDeMicros\Programas_ensamblador\proyecto1.2.X\main.asm
DECREMENTAR_MINUTOS_TEMPORIZADOR   0x000084    program     static C:\Users\AngelOrellana\OneDrive\Escritorio\uvg\4toSemestre\PrograDeMicros\Programas_ensamblador\proyecto1.2.X\main.asm
       DECREMENTAR_SECOND   0x0002ba    program     static C:\Users\AngelOrellana\OneDrive\Escritorio\uvg\4toSemestre\PrograDeMicros\Programas_ensamblador\proyecto1.2.X\main.asm
                 DELAY_MS   0x00032b    program     static C:\Users\AngelOrellana\OneDrive\Escritorio\uvg\4toSemestre\PrograDeMicros\Programas_ensamblador\proyecto1.2.X\main.asm
                 DELAY_US   0x000331    program     static C:\Users\AngelOrellana\OneDrive\Escritorio\uvg\4toSemestre\PrograDeMicros\Programas_ensamblador\proyecto1.2.X\main.asm
DISPLAY_1_1_EDITAR_NORMAL   0x000174    program     static C:\Users\AngelOrellana\OneDrive\Escritorio\uvg\4toSemestre\PrograDeMicros\Programas_ensamblador\proyecto1.2.X\main.asm
       DISPLAY_1_2_EDITAR   0x000178    program     static C:\Users\AngelOrellana\OneDrive\Escritorio\uvg\4toSemestre\PrograDeMicros\Programas_ensamblador\proyecto1.2.X\main.asm
DISPLAY_1_2_EDITAR_NORMAL   0x00017c    program     static C:\Users\AngelOrellana\OneDrive\Escritorio\uvg\4toSemestre\PrograDeMicros\Programas_ensamblador\proyecto1.2.X\main.asm
       DISPLAY_2_1_EDITAR   0x000180    program     static C:\Users\AngelOrellana\OneDrive\Escritorio\uvg\4toSemestre\PrograDeMicros\Programas_ensamblador\proyecto1.2.X\main.asm
DISPLAY_2_1_EDITAR_NORMAL   0x000184    program     static C:\Users\AngelOrellana\OneDrive\Escritorio\uvg\4toSemestre\PrograDeMicros\Programas_ensamblador\proyecto1.2.X\main.asm
       DISPLAY_2_2_EDITAR   0x000188    program     static C:\Users\AngelOrellana\OneDrive\Escritorio\uvg\4toSemestre\PrograDeMicros\Programas_ensamblador\proyecto1.2.X\main.asm
DISPLAY_2_2_EDITAR_NORMAL   0x00018c    program     static C:\Users\AngelOrellana\OneDrive\Escritorio\uvg\4toSemestre\PrograDeMicros\Programas_ensamblador\proyecto1.2.X\main.asm
           DISPLAY_EDITAR   0x000169    program     static C:\Users\AngelOrellana\OneDrive\Escritorio\uvg\4toSemestre\PrograDeMicros\Programas_ensamblador\proyecto1.2.X\main.asm
        DISPLAY_NO_EDITAR   0x00014f    program     static C:\Users\AngelOrellana\OneDrive\Escritorio\uvg\4toSemestre\PrograDeMicros\Programas_ensamblador\proyecto1.2.X\main.asm
                 DISP_1_2   0x000159    program     static C:\Users\AngelOrellana\OneDrive\Escritorio\uvg\4toSemestre\PrograDeMicros\Programas_ensamblador\proyecto1.2.X\main.asm
                 DISP_2_1   0x00015d    program     static C:\Users\AngelOrellana\OneDrive\Escritorio\uvg\4toSemestre\PrograDeMicros\Programas_ensamblador\proyecto1.2.X\main.asm
                 DISP_2_2   0x000161    program     static C:\Users\AngelOrellana\OneDrive\Escritorio\uvg\4toSemestre\PrograDeMicros\Programas_ensamblador\proyecto1.2.X\main.asm
           EDITANDO_FECHA   0x000062    program     static C:\Users\AngelOrellana\OneDrive\Escritorio\uvg\4toSemestre\PrograDeMicros\Programas_ensamblador\proyecto1.2.X\main.asm
            EDITANDO_HORA   0x00005c    program     static C:\Users\AngelOrellana\OneDrive\Escritorio\uvg\4toSemestre\PrograDeMicros\Programas_ensamblador\proyecto1.2.X\main.asm
           EDITANDO_TIMER   0x000069    program     static C:\Users\AngelOrellana\OneDrive\Escritorio\uvg\4toSemestre\PrograDeMicros\Programas_ensamblador\proyecto1.2.X\main.asm
             EDITAR_FECHA   0x000232    program     static C:\Users\AngelOrellana\OneDrive\Escritorio\uvg\4toSemestre\PrograDeMicros\Programas_ensamblador\proyecto1.2.X\main.asm
              EDITAR_HORA   0x0001dd    program     static C:\Users\AngelOrellana\OneDrive\Escritorio\uvg\4toSemestre\PrograDeMicros\Programas_ensamblador\proyecto1.2.X\main.asm
      EDITAR_TEMPORIZADOR   0x000295    program     static C:\Users\AngelOrellana\OneDrive\Escritorio\uvg\4toSemestre\PrograDeMicros\Programas_ensamblador\proyecto1.2.X\main.asm
                 EDIT_DAY   0x000257    program     static C:\Users\AngelOrellana\OneDrive\Escritorio\uvg\4toSemestre\PrograDeMicros\Programas_ensamblador\proyecto1.2.X\main.asm
                EDIT_HOUR   0x00020e    program     static C:\Users\AngelOrellana\OneDrive\Escritorio\uvg\4toSemestre\PrograDeMicros\Programas_ensamblador\proyecto1.2.X\main.asm
              EDIT_MINUTE   0x0001f7    program     static C:\Users\AngelOrellana\OneDrive\Escritorio\uvg\4toSemestre\PrograDeMicros\Programas_ensamblador\proyecto1.2.X\main.asm
 EDIT_MINUTE_TEMPORIZADOR   0x0002e5    program     static C:\Users\AngelOrellana\OneDrive\Escritorio\uvg\4toSemestre\PrograDeMicros\Programas_ensamblador\proyecto1.2.X\main.asm
               EDIT_MONTH   0x00026d    program     static C:\Users\AngelOrellana\OneDrive\Escritorio\uvg\4toSemestre\PrograDeMicros\Programas_ensamblador\proyecto1.2.X\main.asm
              EDIT_SECOND   0x0002ba    program     static C:\Users\AngelOrellana\OneDrive\Escritorio\uvg\4toSemestre\PrograDeMicros\Programas_ensamblador\proyecto1.2.X\main.asm
        ESTABLECER_OPCION   0x0000fe    program     static C:\Users\AngelOrellana\OneDrive\Escritorio\uvg\4toSemestre\PrograDeMicros\Programas_ensamblador\proyecto1.2.X\main.asm
        FLANCO_SUBIDA_RB0   0x000313    program     static C:\Users\AngelOrellana\OneDrive\Escritorio\uvg\4toSemestre\PrograDeMicros\Programas_ensamblador\proyecto1.2.X\main.asm
        FLANCO_SUBIDA_RB1   0x000319    program     static C:\Users\AngelOrellana\OneDrive\Escritorio\uvg\4toSemestre\PrograDeMicros\Programas_ensamblador\proyecto1.2.X\main.asm
        FLANCO_SUBIDA_RB2   0x00031f    program     static C:\Users\AngelOrellana\OneDrive\Escritorio\uvg\4toSemestre\PrograDeMicros\Programas_ensamblador\proyecto1.2.X\main.asm
        FLANCO_SUBIDA_RB5   0x000325    program     static C:\Users\AngelOrellana\OneDrive\Escritorio\uvg\4toSemestre\PrograDeMicros\Programas_ensamblador\proyecto1.2.X\main.asm
FUNCIONAMIENTO_NORMAL_TEMPORIZAD   0x00007e    program     static C:\Users\AngelOrellana\OneDrive\Escritorio\uvg\4toSemestre\PrograDeMicros\Programas_ensamblador\proyecto1.2.X\main.asm
              IF_NOT_CERO   0x0002a3    program     static C:\Users\AngelOrellana\OneDrive\Escritorio\uvg\4toSemestre\PrograDeMicros\Programas_ensamblador\proyecto1.2.X\main.asm
          INCREMENTAR_DAY   0x000260    program     static C:\Users\AngelOrellana\OneDrive\Escritorio\uvg\4toSemestre\PrograDeMicros\Programas_ensamblador\proyecto1.2.X\main.asm
         INCREMENTAR_HOUR   0x00021a    program     static C:\Users\AngelOrellana\OneDrive\Escritorio\uvg\4toSemestre\PrograDeMicros\Programas_ensamblador\proyecto1.2.X\main.asm
       INCREMENTAR_MINUTE   0x000203    program     static C:\Users\AngelOrellana\OneDrive\Escritorio\uvg\4toSemestre\PrograDeMicros\Programas_ensamblador\proyecto1.2.X\main.asm
INCREMENTAR_MINUTE_TEMPORIZADOR   0x0002fb    program     static C:\Users\AngelOrellana\OneDrive\Escritorio\uvg\4toSemestre\PrograDeMicros\Programas_ensamblador\proyecto1.2.X\main.asm
        INCREMENTAR_MONTH   0x000279    program     static C:\Users\AngelOrellana\OneDrive\Escritorio\uvg\4toSemestre\PrograDeMicros\Programas_ensamblador\proyecto1.2.X\main.asm
       INCREMENTAR_SECOND   0x0002d0    program     static C:\Users\AngelOrellana\OneDrive\Escritorio\uvg\4toSemestre\PrograDeMicros\Programas_ensamblador\proyecto1.2.X\main.asm
                     LOAD   0x000085    program     static C:\Users\AngelOrellana\OneDrive\Escritorio\uvg\4toSemestre\PrograDeMicros\Programas_ensamblador\proyecto1.2.X\main.asm
                     LOOP   0x0000e6    program     static C:\Users\AngelOrellana\OneDrive\Escritorio\uvg\4toSemestre\PrograDeMicros\Programas_ensamblador\proyecto1.2.X\main.asm
   MOSTRAR_DISPLAY_EDITAR   0x00018f    program     static C:\Users\AngelOrellana\OneDrive\Escritorio\uvg\4toSemestre\PrograDeMicros\Programas_ensamblador\proyecto1.2.X\main.asm
            MOSTRAR_VALOR   0x000164    program     static C:\Users\AngelOrellana\OneDrive\Escritorio\uvg\4toSemestre\PrograDeMicros\Programas_ensamblador\proyecto1.2.X\main.asm
                   NORMAL   0x0000f4    program     static C:\Users\AngelOrellana\OneDrive\Escritorio\uvg\4toSemestre\PrograDeMicros\Programas_ensamblador\proyecto1.2.X\main.asm
          NO_EDITAR_FECHA   0x000128    program     static C:\Users\AngelOrellana\OneDrive\Escritorio\uvg\4toSemestre\PrograDeMicros\Programas_ensamblador\proyecto1.2.X\main.asm
           NO_EDITAR_HORA   0x000118    program     static C:\Users\AngelOrellana\OneDrive\Escritorio\uvg\4toSemestre\PrograDeMicros\Programas_ensamblador\proyecto1.2.X\main.asm
   NO_EDITAR_TEMPORIZADOR   0x000138    program     static C:\Users\AngelOrellana\OneDrive\Escritorio\uvg\4toSemestre\PrograDeMicros\Programas_ensamblador\proyecto1.2.X\main.asm
                 OPCIONES   0x00010c    program     static C:\Users\AngelOrellana\OneDrive\Escritorio\uvg\4toSemestre\PrograDeMicros\Programas_ensamblador\proyecto1.2.X\main.asm
          OPCIONES_NORMAL   0x000109    program     static C:\Users\AngelOrellana\OneDrive\Escritorio\uvg\4toSemestre\PrograDeMicros\Programas_ensamblador\proyecto1.2.X\main.asm
             OPCION_FECHA   0x000125    program     static C:\Users\AngelOrellana\OneDrive\Escritorio\uvg\4toSemestre\PrograDeMicros\Programas_ensamblador\proyecto1.2.X\main.asm
             OPCION_RELOJ   0x000115    program     static C:\Users\AngelOrellana\OneDrive\Escritorio\uvg\4toSemestre\PrograDeMicros\Programas_ensamblador\proyecto1.2.X\main.asm
      OPCION_TEMPORIZADOR   0x000135    program     static C:\Users\AngelOrellana\OneDrive\Escritorio\uvg\4toSemestre\PrograDeMicros\Programas_ensamblador\proyecto1.2.X\main.asm
           PUNTOS_ENMEDIO   0x000036    program     static C:\Users\AngelOrellana\OneDrive\Escritorio\uvg\4toSemestre\PrograDeMicros\Programas_ensamblador\proyecto1.2.X\main.asm
                   REPITE   0x00032d    program     static C:\Users\AngelOrellana\OneDrive\Escritorio\uvg\4toSemestre\PrograDeMicros\Programas_ensamblador\proyecto1.2.X\main.asm
                    SALIR   0x000224    program     static C:\Users\AngelOrellana\OneDrive\Escritorio\uvg\4toSemestre\PrograDeMicros\Programas_ensamblador\proyecto1.2.X\main.asm
              SALIR_FECHA   0x000287    program     static C:\Users\AngelOrellana\OneDrive\Escritorio\uvg\4toSemestre\PrograDeMicros\Programas_ensamblador\proyecto1.2.X\main.asm
       SALIR_TEMPORIZADOR   0x000305    program     static C:\Users\AngelOrellana\OneDrive\Escritorio\uvg\4toSemestre\PrograDeMicros\Programas_ensamblador\proyecto1.2.X\main.asm
                     SAVE   0x000004    program     static C:\Users\AngelOrellana\OneDrive\Escritorio\uvg\4toSemestre\PrograDeMicros\Programas_ensamblador\proyecto1.2.X\main.asm
         SEGUIR_NO_EDITAR   0x000142    program     static C:\Users\AngelOrellana\OneDrive\Escritorio\uvg\4toSemestre\PrograDeMicros\Programas_ensamblador\proyecto1.2.X\main.asm
              SELECCIONAR   0x000007    program     static C:\Users\AngelOrellana\OneDrive\Escritorio\uvg\4toSemestre\PrograDeMicros\Programas_ensamblador\proyecto1.2.X\main.asm
          SI_EDITAR_FECHA   0x00012e    program     static C:\Users\AngelOrellana\OneDrive\Escritorio\uvg\4toSemestre\PrograDeMicros\Programas_ensamblador\proyecto1.2.X\main.asm
           SI_EDITAR_HORA   0x00011e    program     static C:\Users\AngelOrellana\OneDrive\Escritorio\uvg\4toSemestre\PrograDeMicros\Programas_ensamblador\proyecto1.2.X\main.asm
   SI_EDITAR_TEMPORIZADOR   0x000148    program     static C:\Users\AngelOrellana\OneDrive\Escritorio\uvg\4toSemestre\PrograDeMicros\Programas_ensamblador\proyecto1.2.X\main.asm
     SI_YA_SE_ENTRO_ANTES   0x0001ea    program     static C:\Users\AngelOrellana\OneDrive\Escritorio\uvg\4toSemestre\PrograDeMicros\Programas_ensamblador\proyecto1.2.X\main.asm
SI_YA_SE_ENTRO_ANTES_FECHA   0x000241    program     static C:\Users\AngelOrellana\OneDrive\Escritorio\uvg\4toSemestre\PrograDeMicros\Programas_ensamblador\proyecto1.2.X\main.asm
SI_YA_SE_ENTRO_ANTES_TEMPORIZADO   0x0002ad    program     static C:\Users\AngelOrellana\OneDrive\Escritorio\uvg\4toSemestre\PrograDeMicros\Programas_ensamblador\proyecto1.2.X\main.asm
             SONAR_BUZZER   0x000021    program     static C:\Users\AngelOrellana\OneDrive\Escritorio\uvg\4toSemestre\PrograDeMicros\Programas_ensamblador\proyecto1.2.X\main.asm
                    START   0x0000a7    program     static C:\Users\AngelOrellana\OneDrive\Escritorio\uvg\4toSemestre\PrograDeMicros\Programas_ensamblador\proyecto1.2.X\main.asm
                    TABLA   0x00008a    program     static C:\Users\AngelOrellana\OneDrive\Escritorio\uvg\4toSemestre\PrograDeMicros\Programas_ensamblador\proyecto1.2.X\main.asm
              TABLA_MESES   0x000095    program     static C:\Users\AngelOrellana\OneDrive\Escritorio\uvg\4toSemestre\PrograDeMicros\Programas_ensamblador\proyecto1.2.X\main.asm
               TITILAR_7S   0x00002b    program     static C:\Users\AngelOrellana\OneDrive\Escritorio\uvg\4toSemestre\PrograDeMicros\Programas_ensamblador\proyecto1.2.X\main.asm
                 TMR0_INT   0x00000e    program     static C:\Users\AngelOrellana\OneDrive\Escritorio\uvg\4toSemestre\PrograDeMicros\Programas_ensamblador\proyecto1.2.X\main.asm
                 TMR1_INT   0x000048    program     static C:\Users\AngelOrellana\OneDrive\Escritorio\uvg\4toSemestre\PrograDeMicros\Programas_ensamblador\proyecto1.2.X\main.asm
                 TMR2_INT   0x00006e    program     static C:\Users\AngelOrellana\OneDrive\Escritorio\uvg\4toSemestre\PrograDeMicros\Programas_ensamblador\proyecto1.2.X\main.asm
              VALOR_FECHA   0x0001af    program     static C:\Users\AngelOrellana\OneDrive\Escritorio\uvg\4toSemestre\PrograDeMicros\Programas_ensamblador\proyecto1.2.X\main.asm
              VALOR_RELOJ   0x0001c7    program     static C:\Users\AngelOrellana\OneDrive\Escritorio\uvg\4toSemestre\PrograDeMicros\Programas_ensamblador\proyecto1.2.X\main.asm
       VALOR_TEMPORIZADOR   0x0001a8    program     static C:\Users\AngelOrellana\OneDrive\Escritorio\uvg\4toSemestre\PrograDeMicros\Programas_ensamblador\proyecto1.2.X\main.asm
VERIFICAR_OVERFLOW_SEGUNDOS_TEMP   0x0002e0    program     static C:\Users\AngelOrellana\OneDrive\Escritorio\uvg\4toSemestre\PrograDeMicros\Programas_ensamblador\proyecto1.2.X\main.asm
                VER_PORTB   0x0002ef    program     static C:\Users\AngelOrellana\OneDrive\Escritorio\uvg\4toSemestre\PrograDeMicros\Programas_ensamblador\proyecto1.2.X\main.asm
          _MAIN_PROG_028D   0x000334    program     static C:\Users\AngelOrellana\OneDrive\Escritorio\uvg\4toSemestre\PrograDeMicros\Programas_ensamblador\proyecto1.2.X\main.asm
          CONTADOR_ALARMA   0x000026       data     static C:\Users\AngelOrellana\OneDrive\Escritorio\uvg\4toSemestre\PrograDeMicros\Programas_ensamblador\proyecto1.2.X\main.asm
          CONTADOR_BUZZER   0x000024       data     static C:\Users\AngelOrellana\OneDrive\Escritorio\uvg\4toSemestre\PrograDeMicros\Programas_ensamblador\proyecto1.2.X\main.asm
            CONTADOR_TMR1   0x000022       data     static C:\Users\AngelOrellana\OneDrive\Escritorio\uvg\4toSemestre\PrograDeMicros\Programas_ensamblador\proyecto1.2.X\main.asm
            CONTADOR_TMR2   0x000025       data     static C:\Users\AngelOrellana\OneDrive\Escritorio\uvg\4toSemestre\PrograDeMicros\Programas_ensamblador\proyecto1.2.X\main.asm
          CONTROL_DISPLAY   0x00002a       data     static C:\Users\AngelOrellana\OneDrive\Escritorio\uvg\4toSemestre\PrograDeMicros\Programas_ensamblador\proyecto1.2.X\main.asm
                CUENTALED   0x000021       data     static C:\Users\AngelOrellana\OneDrive\Escritorio\uvg\4toSemestre\PrograDeMicros\Programas_ensamblador\proyecto1.2.X\main.asm
               CUENTATMR0   0x000020       data     static C:\Users\AngelOrellana\OneDrive\Escritorio\uvg\4toSemestre\PrograDeMicros\Programas_ensamblador\proyecto1.2.X\main.asm
                    DELAY   0x000028       data     static C:\Users\AngelOrellana\OneDrive\Escritorio\uvg\4toSemestre\PrograDeMicros\Programas_ensamblador\proyecto1.2.X\main.asm
                  DELAY_2   0x000029       data     static C:\Users\AngelOrellana\OneDrive\Escritorio\uvg\4toSemestre\PrograDeMicros\Programas_ensamblador\proyecto1.2.X\main.asm
                      DIA   0x000037       data     static C:\Users\AngelOrellana\OneDrive\Escritorio\uvg\4toSemestre\PrograDeMicros\Programas_ensamblador\proyecto1.2.X\main.asm
               DIA_EDITAR   0x00003b       data     static C:\Users\AngelOrellana\OneDrive\Escritorio\uvg\4toSemestre\PrograDeMicros\Programas_ensamblador\proyecto1.2.X\main.asm
                  DIA_MAX   0x000038       data     static C:\Users\AngelOrellana\OneDrive\Escritorio\uvg\4toSemestre\PrograDeMicros\Programas_ensamblador\proyecto1.2.X\main.asm
                DISPLAY_1   0x000043       data     static C:\Users\AngelOrellana\OneDrive\Escritorio\uvg\4toSemestre\PrograDeMicros\Programas_ensamblador\proyecto1.2.X\main.asm
                DISPLAY_2   0x000044       data     static C:\Users\AngelOrellana\OneDrive\Escritorio\uvg\4toSemestre\PrograDeMicros\Programas_ensamblador\proyecto1.2.X\main.asm
                    FLAGS   0x00002b       data     static C:\Users\AngelOrellana\OneDrive\Escritorio\uvg\4toSemestre\PrograDeMicros\Programas_ensamblador\proyecto1.2.X\main.asm
                  FLAGS_2   0x00002c       data     static C:\Users\AngelOrellana\OneDrive\Escritorio\uvg\4toSemestre\PrograDeMicros\Programas_ensamblador\proyecto1.2.X\main.asm
                    HORAS   0x000032       data     static C:\Users\AngelOrellana\OneDrive\Escritorio\uvg\4toSemestre\PrograDeMicros\Programas_ensamblador\proyecto1.2.X\main.asm
              HORA_EDITAR   0x000034       data     static C:\Users\AngelOrellana\OneDrive\Escritorio\uvg\4toSemestre\PrograDeMicros\Programas_ensamblador\proyecto1.2.X\main.asm
                  MES_BCD   0x000035       data     static C:\Users\AngelOrellana\OneDrive\Escritorio\uvg\4toSemestre\PrograDeMicros\Programas_ensamblador\proyecto1.2.X\main.asm
           MES_BCD_EDITAR   0x000039       data     static C:\Users\AngelOrellana\OneDrive\Escritorio\uvg\4toSemestre\PrograDeMicros\Programas_ensamblador\proyecto1.2.X\main.asm
                  MES_BIN   0x000036       data     static C:\Users\AngelOrellana\OneDrive\Escritorio\uvg\4toSemestre\PrograDeMicros\Programas_ensamblador\proyecto1.2.X\main.asm
           MES_BIN_EDITAR   0x00003a       data     static C:\Users\AngelOrellana\OneDrive\Escritorio\uvg\4toSemestre\PrograDeMicros\Programas_ensamblador\proyecto1.2.X\main.asm
                  MINUTOS   0x000031       data     static C:\Users\AngelOrellana\OneDrive\Escritorio\uvg\4toSemestre\PrograDeMicros\Programas_ensamblador\proyecto1.2.X\main.asm
     MINUTOS_TEMPORIZADOR   0x00003d       data     static C:\Users\AngelOrellana\OneDrive\Escritorio\uvg\4toSemestre\PrograDeMicros\Programas_ensamblador\proyecto1.2.X\main.asm
MINUTOS_TEMPORIZADOR_EDITAR   0x00003f       data     static C:\Users\AngelOrellana\OneDrive\Escritorio\uvg\4toSemestre\PrograDeMicros\Programas_ensamblador\proyecto1.2.X\main.asm
            MINUTO_EDITAR   0x000033       data     static C:\Users\AngelOrellana\OneDrive\Escritorio\uvg\4toSemestre\PrograDeMicros\Programas_ensamblador\proyecto1.2.X\main.asm
                   OPCION   0x00002d       data     static C:\Users\AngelOrellana\OneDrive\Escritorio\uvg\4toSemestre\PrograDeMicros\Programas_ensamblador\proyecto1.2.X\main.asm
             PORTB_ACTUAL   0x00002e       data     static C:\Users\AngelOrellana\OneDrive\Escritorio\uvg\4toSemestre\PrograDeMicros\Programas_ensamblador\proyecto1.2.X\main.asm
           PORTB_ANTERIOR   0x00002f       data     static C:\Users\AngelOrellana\OneDrive\Escritorio\uvg\4toSemestre\PrograDeMicros\Programas_ensamblador\proyecto1.2.X\main.asm
                SAVE_TEMP   0x000040       data     static C:\Users\AngelOrellana\OneDrive\Escritorio\uvg\4toSemestre\PrograDeMicros\Programas_ensamblador\proyecto1.2.X\main.asm
                 SEGUNDOS   0x000030       data     static C:\Users\AngelOrellana\OneDrive\Escritorio\uvg\4toSemestre\PrograDeMicros\Programas_ensamblador\proyecto1.2.X\main.asm
          SEGUNDOS_ALARMA   0x000027       data     static C:\Users\AngelOrellana\OneDrive\Escritorio\uvg\4toSemestre\PrograDeMicros\Programas_ensamblador\proyecto1.2.X\main.asm
    SEGUNDOS_TEMPORIZADOR   0x00003c       data     static C:\Users\AngelOrellana\OneDrive\Escritorio\uvg\4toSemestre\PrograDeMicros\Programas_ensamblador\proyecto1.2.X\main.asm
SEGUNDOS_TEMPORIZADOR_EDITAR   0x00003e       data     static C:\Users\AngelOrellana\OneDrive\Escritorio\uvg\4toSemestre\PrograDeMicros\Programas_ensamblador\proyecto1.2.X\main.asm
                STATUSRAM   0x000042       data     static C:\Users\AngelOrellana\OneDrive\Escritorio\uvg\4toSemestre\PrograDeMicros\Programas_ensamblador\proyecto1.2.X\main.asm
         TITILAR_DISPLAYS   0x000023       data     static C:\Users\AngelOrellana\OneDrive\Escritorio\uvg\4toSemestre\PrograDeMicros\Programas_ensamblador\proyecto1.2.X\main.asm
                     WRAM   0x000041       data     static C:\Users\AngelOrellana\OneDrive\Escritorio\uvg\4toSemestre\PrograDeMicros\Programas_ensamblador\proyecto1.2.X\main.asm



                              Symbols - Sorted by Address
                     Name    Address   Location    Storage File                     
                ---------  ---------  ---------  --------- ---------                
                     SAVE   0x000004    program     static C:\Users\AngelOrellana\OneDrive\Escritorio\uvg\4toSemestre\PrograDeMicros\Programas_ensamblador\proyecto1.2.X\main.asm
              SELECCIONAR   0x000007    program     static C:\Users\AngelOrellana\OneDrive\Escritorio\uvg\4toSemestre\PrograDeMicros\Programas_ensamblador\proyecto1.2.X\main.asm
                 TMR0_INT   0x00000e    program     static C:\Users\AngelOrellana\OneDrive\Escritorio\uvg\4toSemestre\PrograDeMicros\Programas_ensamblador\proyecto1.2.X\main.asm
           CONTAR_SEGUNDO   0x000011    program     static C:\Users\AngelOrellana\OneDrive\Escritorio\uvg\4toSemestre\PrograDeMicros\Programas_ensamblador\proyecto1.2.X\main.asm
         CUENTA_DE_ALARMA   0x000016    program     static C:\Users\AngelOrellana\OneDrive\Escritorio\uvg\4toSemestre\PrograDeMicros\Programas_ensamblador\proyecto1.2.X\main.asm
             SONAR_BUZZER   0x000021    program     static C:\Users\AngelOrellana\OneDrive\Escritorio\uvg\4toSemestre\PrograDeMicros\Programas_ensamblador\proyecto1.2.X\main.asm
               TITILAR_7S   0x00002b    program     static C:\Users\AngelOrellana\OneDrive\Escritorio\uvg\4toSemestre\PrograDeMicros\Programas_ensamblador\proyecto1.2.X\main.asm
           PUNTOS_ENMEDIO   0x000036    program     static C:\Users\AngelOrellana\OneDrive\Escritorio\uvg\4toSemestre\PrograDeMicros\Programas_ensamblador\proyecto1.2.X\main.asm
                 TMR1_INT   0x000048    program     static C:\Users\AngelOrellana\OneDrive\Escritorio\uvg\4toSemestre\PrograDeMicros\Programas_ensamblador\proyecto1.2.X\main.asm
            EDITANDO_HORA   0x00005c    program     static C:\Users\AngelOrellana\OneDrive\Escritorio\uvg\4toSemestre\PrograDeMicros\Programas_ensamblador\proyecto1.2.X\main.asm
           EDITANDO_FECHA   0x000062    program     static C:\Users\AngelOrellana\OneDrive\Escritorio\uvg\4toSemestre\PrograDeMicros\Programas_ensamblador\proyecto1.2.X\main.asm
           EDITANDO_TIMER   0x000069    program     static C:\Users\AngelOrellana\OneDrive\Escritorio\uvg\4toSemestre\PrograDeMicros\Programas_ensamblador\proyecto1.2.X\main.asm
                 TMR2_INT   0x00006e    program     static C:\Users\AngelOrellana\OneDrive\Escritorio\uvg\4toSemestre\PrograDeMicros\Programas_ensamblador\proyecto1.2.X\main.asm
FUNCIONAMIENTO_NORMAL_TEMPORIZAD   0x00007e    program     static C:\Users\AngelOrellana\OneDrive\Escritorio\uvg\4toSemestre\PrograDeMicros\Programas_ensamblador\proyecto1.2.X\main.asm
DECREMENTAR_MINUTOS_TEMPORIZADOR   0x000084    program     static C:\Users\AngelOrellana\OneDrive\Escritorio\uvg\4toSemestre\PrograDeMicros\Programas_ensamblador\proyecto1.2.X\main.asm
                     LOAD   0x000085    program     static C:\Users\AngelOrellana\OneDrive\Escritorio\uvg\4toSemestre\PrograDeMicros\Programas_ensamblador\proyecto1.2.X\main.asm
                    TABLA   0x00008a    program     static C:\Users\AngelOrellana\OneDrive\Escritorio\uvg\4toSemestre\PrograDeMicros\Programas_ensamblador\proyecto1.2.X\main.asm
              TABLA_MESES   0x000095    program     static C:\Users\AngelOrellana\OneDrive\Escritorio\uvg\4toSemestre\PrograDeMicros\Programas_ensamblador\proyecto1.2.X\main.asm
                    START   0x0000a7    program     static C:\Users\AngelOrellana\OneDrive\Escritorio\uvg\4toSemestre\PrograDeMicros\Programas_ensamblador\proyecto1.2.X\main.asm
                     LOOP   0x0000e6    program     static C:\Users\AngelOrellana\OneDrive\Escritorio\uvg\4toSemestre\PrograDeMicros\Programas_ensamblador\proyecto1.2.X\main.asm
                   NORMAL   0x0000f4    program     static C:\Users\AngelOrellana\OneDrive\Escritorio\uvg\4toSemestre\PrograDeMicros\Programas_ensamblador\proyecto1.2.X\main.asm
        ESTABLECER_OPCION   0x0000fe    program     static C:\Users\AngelOrellana\OneDrive\Escritorio\uvg\4toSemestre\PrograDeMicros\Programas_ensamblador\proyecto1.2.X\main.asm
          OPCIONES_NORMAL   0x000109    program     static C:\Users\AngelOrellana\OneDrive\Escritorio\uvg\4toSemestre\PrograDeMicros\Programas_ensamblador\proyecto1.2.X\main.asm
                 OPCIONES   0x00010c    program     static C:\Users\AngelOrellana\OneDrive\Escritorio\uvg\4toSemestre\PrograDeMicros\Programas_ensamblador\proyecto1.2.X\main.asm
             OPCION_RELOJ   0x000115    program     static C:\Users\AngelOrellana\OneDrive\Escritorio\uvg\4toSemestre\PrograDeMicros\Programas_ensamblador\proyecto1.2.X\main.asm
           NO_EDITAR_HORA   0x000118    program     static C:\Users\AngelOrellana\OneDrive\Escritorio\uvg\4toSemestre\PrograDeMicros\Programas_ensamblador\proyecto1.2.X\main.asm
           SI_EDITAR_HORA   0x00011e    program     static C:\Users\AngelOrellana\OneDrive\Escritorio\uvg\4toSemestre\PrograDeMicros\Programas_ensamblador\proyecto1.2.X\main.asm
             OPCION_FECHA   0x000125    program     static C:\Users\AngelOrellana\OneDrive\Escritorio\uvg\4toSemestre\PrograDeMicros\Programas_ensamblador\proyecto1.2.X\main.asm
          NO_EDITAR_FECHA   0x000128    program     static C:\Users\AngelOrellana\OneDrive\Escritorio\uvg\4toSemestre\PrograDeMicros\Programas_ensamblador\proyecto1.2.X\main.asm
          SI_EDITAR_FECHA   0x00012e    program     static C:\Users\AngelOrellana\OneDrive\Escritorio\uvg\4toSemestre\PrograDeMicros\Programas_ensamblador\proyecto1.2.X\main.asm
      OPCION_TEMPORIZADOR   0x000135    program     static C:\Users\AngelOrellana\OneDrive\Escritorio\uvg\4toSemestre\PrograDeMicros\Programas_ensamblador\proyecto1.2.X\main.asm
   NO_EDITAR_TEMPORIZADOR   0x000138    program     static C:\Users\AngelOrellana\OneDrive\Escritorio\uvg\4toSemestre\PrograDeMicros\Programas_ensamblador\proyecto1.2.X\main.asm
         SEGUIR_NO_EDITAR   0x000142    program     static C:\Users\AngelOrellana\OneDrive\Escritorio\uvg\4toSemestre\PrograDeMicros\Programas_ensamblador\proyecto1.2.X\main.asm
   SI_EDITAR_TEMPORIZADOR   0x000148    program     static C:\Users\AngelOrellana\OneDrive\Escritorio\uvg\4toSemestre\PrograDeMicros\Programas_ensamblador\proyecto1.2.X\main.asm
        DISPLAY_NO_EDITAR   0x00014f    program     static C:\Users\AngelOrellana\OneDrive\Escritorio\uvg\4toSemestre\PrograDeMicros\Programas_ensamblador\proyecto1.2.X\main.asm
                 DISP_1_2   0x000159    program     static C:\Users\AngelOrellana\OneDrive\Escritorio\uvg\4toSemestre\PrograDeMicros\Programas_ensamblador\proyecto1.2.X\main.asm
                 DISP_2_1   0x00015d    program     static C:\Users\AngelOrellana\OneDrive\Escritorio\uvg\4toSemestre\PrograDeMicros\Programas_ensamblador\proyecto1.2.X\main.asm
                 DISP_2_2   0x000161    program     static C:\Users\AngelOrellana\OneDrive\Escritorio\uvg\4toSemestre\PrograDeMicros\Programas_ensamblador\proyecto1.2.X\main.asm
            MOSTRAR_VALOR   0x000164    program     static C:\Users\AngelOrellana\OneDrive\Escritorio\uvg\4toSemestre\PrograDeMicros\Programas_ensamblador\proyecto1.2.X\main.asm
           DISPLAY_EDITAR   0x000169    program     static C:\Users\AngelOrellana\OneDrive\Escritorio\uvg\4toSemestre\PrograDeMicros\Programas_ensamblador\proyecto1.2.X\main.asm
DISPLAY_1_1_EDITAR_NORMAL   0x000174    program     static C:\Users\AngelOrellana\OneDrive\Escritorio\uvg\4toSemestre\PrograDeMicros\Programas_ensamblador\proyecto1.2.X\main.asm
       DISPLAY_1_2_EDITAR   0x000178    program     static C:\Users\AngelOrellana\OneDrive\Escritorio\uvg\4toSemestre\PrograDeMicros\Programas_ensamblador\proyecto1.2.X\main.asm
DISPLAY_1_2_EDITAR_NORMAL   0x00017c    program     static C:\Users\AngelOrellana\OneDrive\Escritorio\uvg\4toSemestre\PrograDeMicros\Programas_ensamblador\proyecto1.2.X\main.asm
       DISPLAY_2_1_EDITAR   0x000180    program     static C:\Users\AngelOrellana\OneDrive\Escritorio\uvg\4toSemestre\PrograDeMicros\Programas_ensamblador\proyecto1.2.X\main.asm
DISPLAY_2_1_EDITAR_NORMAL   0x000184    program     static C:\Users\AngelOrellana\OneDrive\Escritorio\uvg\4toSemestre\PrograDeMicros\Programas_ensamblador\proyecto1.2.X\main.asm
       DISPLAY_2_2_EDITAR   0x000188    program     static C:\Users\AngelOrellana\OneDrive\Escritorio\uvg\4toSemestre\PrograDeMicros\Programas_ensamblador\proyecto1.2.X\main.asm
DISPLAY_2_2_EDITAR_NORMAL   0x00018c    program     static C:\Users\AngelOrellana\OneDrive\Escritorio\uvg\4toSemestre\PrograDeMicros\Programas_ensamblador\proyecto1.2.X\main.asm
   MOSTRAR_DISPLAY_EDITAR   0x00018f    program     static C:\Users\AngelOrellana\OneDrive\Escritorio\uvg\4toSemestre\PrograDeMicros\Programas_ensamblador\proyecto1.2.X\main.asm
   CORRECCION_BCD_AUMENTO   0x000194    program     static C:\Users\AngelOrellana\OneDrive\Escritorio\uvg\4toSemestre\PrograDeMicros\Programas_ensamblador\proyecto1.2.X\main.asm
CORRECCION_BCD_DISMINUCION   0x00019e    program     static C:\Users\AngelOrellana\OneDrive\Escritorio\uvg\4toSemestre\PrograDeMicros\Programas_ensamblador\proyecto1.2.X\main.asm
       VALOR_TEMPORIZADOR   0x0001a8    program     static C:\Users\AngelOrellana\OneDrive\Escritorio\uvg\4toSemestre\PrograDeMicros\Programas_ensamblador\proyecto1.2.X\main.asm
              VALOR_FECHA   0x0001af    program     static C:\Users\AngelOrellana\OneDrive\Escritorio\uvg\4toSemestre\PrograDeMicros\Programas_ensamblador\proyecto1.2.X\main.asm
              VALOR_RELOJ   0x0001c7    program     static C:\Users\AngelOrellana\OneDrive\Escritorio\uvg\4toSemestre\PrograDeMicros\Programas_ensamblador\proyecto1.2.X\main.asm
          CORRECCION_HORA   0x0001d9    program     static C:\Users\AngelOrellana\OneDrive\Escritorio\uvg\4toSemestre\PrograDeMicros\Programas_ensamblador\proyecto1.2.X\main.asm
              EDITAR_HORA   0x0001dd    program     static C:\Users\AngelOrellana\OneDrive\Escritorio\uvg\4toSemestre\PrograDeMicros\Programas_ensamblador\proyecto1.2.X\main.asm
     SI_YA_SE_ENTRO_ANTES   0x0001ea    program     static C:\Users\AngelOrellana\OneDrive\Escritorio\uvg\4toSemestre\PrograDeMicros\Programas_ensamblador\proyecto1.2.X\main.asm
                CAMBIAR_0   0x0001f4    program     static C:\Users\AngelOrellana\OneDrive\Escritorio\uvg\4toSemestre\PrograDeMicros\Programas_ensamblador\proyecto1.2.X\main.asm
                  CAMBIAR   0x0001f5    program     static C:\Users\AngelOrellana\OneDrive\Escritorio\uvg\4toSemestre\PrograDeMicros\Programas_ensamblador\proyecto1.2.X\main.asm
              EDIT_MINUTE   0x0001f7    program     static C:\Users\AngelOrellana\OneDrive\Escritorio\uvg\4toSemestre\PrograDeMicros\Programas_ensamblador\proyecto1.2.X\main.asm
CORREGIR_BCD_MINUTO_EDITAR   0x000200    program     static C:\Users\AngelOrellana\OneDrive\Escritorio\uvg\4toSemestre\PrograDeMicros\Programas_ensamblador\proyecto1.2.X\main.asm
       INCREMENTAR_MINUTE   0x000203    program     static C:\Users\AngelOrellana\OneDrive\Escritorio\uvg\4toSemestre\PrograDeMicros\Programas_ensamblador\proyecto1.2.X\main.asm
                EDIT_HOUR   0x00020e    program     static C:\Users\AngelOrellana\OneDrive\Escritorio\uvg\4toSemestre\PrograDeMicros\Programas_ensamblador\proyecto1.2.X\main.asm
 CORREGIR_BCD_HORA_EDITAR   0x000217    program     static C:\Users\AngelOrellana\OneDrive\Escritorio\uvg\4toSemestre\PrograDeMicros\Programas_ensamblador\proyecto1.2.X\main.asm
         INCREMENTAR_HOUR   0x00021a    program     static C:\Users\AngelOrellana\OneDrive\Escritorio\uvg\4toSemestre\PrograDeMicros\Programas_ensamblador\proyecto1.2.X\main.asm
                    SALIR   0x000224    program     static C:\Users\AngelOrellana\OneDrive\Escritorio\uvg\4toSemestre\PrograDeMicros\Programas_ensamblador\proyecto1.2.X\main.asm
             EDITAR_FECHA   0x000232    program     static C:\Users\AngelOrellana\OneDrive\Escritorio\uvg\4toSemestre\PrograDeMicros\Programas_ensamblador\proyecto1.2.X\main.asm
SI_YA_SE_ENTRO_ANTES_FECHA   0x000241    program     static C:\Users\AngelOrellana\OneDrive\Escritorio\uvg\4toSemestre\PrograDeMicros\Programas_ensamblador\proyecto1.2.X\main.asm
                CAMBIAR_1   0x00024b    program     static C:\Users\AngelOrellana\OneDrive\Escritorio\uvg\4toSemestre\PrograDeMicros\Programas_ensamblador\proyecto1.2.X\main.asm
            CAMBIAR_FECHA   0x00024c    program     static C:\Users\AngelOrellana\OneDrive\Escritorio\uvg\4toSemestre\PrograDeMicros\Programas_ensamblador\proyecto1.2.X\main.asm
           DECISION_FECHA   0x000254    program     static C:\Users\AngelOrellana\OneDrive\Escritorio\uvg\4toSemestre\PrograDeMicros\Programas_ensamblador\proyecto1.2.X\main.asm
                 EDIT_DAY   0x000257    program     static C:\Users\AngelOrellana\OneDrive\Escritorio\uvg\4toSemestre\PrograDeMicros\Programas_ensamblador\proyecto1.2.X\main.asm
          DECREMENTAR_DAY   0x000257    program     static C:\Users\AngelOrellana\OneDrive\Escritorio\uvg\4toSemestre\PrograDeMicros\Programas_ensamblador\proyecto1.2.X\main.asm
  CORREGIR_BCD_DIA_EDITAR   0x00025d    program     static C:\Users\AngelOrellana\OneDrive\Escritorio\uvg\4toSemestre\PrograDeMicros\Programas_ensamblador\proyecto1.2.X\main.asm
          INCREMENTAR_DAY   0x000260    program     static C:\Users\AngelOrellana\OneDrive\Escritorio\uvg\4toSemestre\PrograDeMicros\Programas_ensamblador\proyecto1.2.X\main.asm
               EDIT_MONTH   0x00026d    program     static C:\Users\AngelOrellana\OneDrive\Escritorio\uvg\4toSemestre\PrograDeMicros\Programas_ensamblador\proyecto1.2.X\main.asm
  CORREGIR_BCD_MES_EDITAR   0x000276    program     static C:\Users\AngelOrellana\OneDrive\Escritorio\uvg\4toSemestre\PrograDeMicros\Programas_ensamblador\proyecto1.2.X\main.asm
        INCREMENTAR_MONTH   0x000279    program     static C:\Users\AngelOrellana\OneDrive\Escritorio\uvg\4toSemestre\PrograDeMicros\Programas_ensamblador\proyecto1.2.X\main.asm
CORREGIR_BCD_MES_INCREMENTAR   0x000284    program     static C:\Users\AngelOrellana\OneDrive\Escritorio\uvg\4toSemestre\PrograDeMicros\Programas_ensamblador\proyecto1.2.X\main.asm
              SALIR_FECHA   0x000287    program     static C:\Users\AngelOrellana\OneDrive\Escritorio\uvg\4toSemestre\PrograDeMicros\Programas_ensamblador\proyecto1.2.X\main.asm
      EDITAR_TEMPORIZADOR   0x000295    program     static C:\Users\AngelOrellana\OneDrive\Escritorio\uvg\4toSemestre\PrograDeMicros\Programas_ensamblador\proyecto1.2.X\main.asm
              IF_NOT_CERO   0x0002a3    program     static C:\Users\AngelOrellana\OneDrive\Escritorio\uvg\4toSemestre\PrograDeMicros\Programas_ensamblador\proyecto1.2.X\main.asm
                 CONTINUE   0x0002a5    program     static C:\Users\AngelOrellana\OneDrive\Escritorio\uvg\4toSemestre\PrograDeMicros\Programas_ensamblador\proyecto1.2.X\main.asm
SI_YA_SE_ENTRO_ANTES_TEMPORIZADO   0x0002ad    program     static C:\Users\AngelOrellana\OneDrive\Escritorio\uvg\4toSemestre\PrograDeMicros\Programas_ensamblador\proyecto1.2.X\main.asm
   CAMBIAR_0_TEMPORIZADOR   0x0002b7    program     static C:\Users\AngelOrellana\OneDrive\Escritorio\uvg\4toSemestre\PrograDeMicros\Programas_ensamblador\proyecto1.2.X\main.asm
     CAMBIAR_TEMPORIZADOR   0x0002b8    program     static C:\Users\AngelOrellana\OneDrive\Escritorio\uvg\4toSemestre\PrograDeMicros\Programas_ensamblador\proyecto1.2.X\main.asm
       DECREMENTAR_SECOND   0x0002ba    program     static C:\Users\AngelOrellana\OneDrive\Escritorio\uvg\4toSemestre\PrograDeMicros\Programas_ensamblador\proyecto1.2.X\main.asm
              EDIT_SECOND   0x0002ba    program     static C:\Users\AngelOrellana\OneDrive\Escritorio\uvg\4toSemestre\PrograDeMicros\Programas_ensamblador\proyecto1.2.X\main.asm
CORREGIR_BCD_TEMP_SEG_DEC   0x0002c7    program     static C:\Users\AngelOrellana\OneDrive\Escritorio\uvg\4toSemestre\PrograDeMicros\Programas_ensamblador\proyecto1.2.X\main.asm
CORREGIR_BCD_SEGUNDO_TEMPORIZADO   0x0002cd    program     static C:\Users\AngelOrellana\OneDrive\Escritorio\uvg\4toSemestre\PrograDeMicros\Programas_ensamblador\proyecto1.2.X\main.asm
       INCREMENTAR_SECOND   0x0002d0    program     static C:\Users\AngelOrellana\OneDrive\Escritorio\uvg\4toSemestre\PrograDeMicros\Programas_ensamblador\proyecto1.2.X\main.asm
CORREGIR_BCD_TEMP_SEG_INC   0x0002dd    program     static C:\Users\AngelOrellana\OneDrive\Escritorio\uvg\4toSemestre\PrograDeMicros\Programas_ensamblador\proyecto1.2.X\main.asm
VERIFICAR_OVERFLOW_SEGUNDOS_TEMP   0x0002e0    program     static C:\Users\AngelOrellana\OneDrive\Escritorio\uvg\4toSemestre\PrograDeMicros\Programas_ensamblador\proyecto1.2.X\main.asm
 EDIT_MINUTE_TEMPORIZADOR   0x0002e5    program     static C:\Users\AngelOrellana\OneDrive\Escritorio\uvg\4toSemestre\PrograDeMicros\Programas_ensamblador\proyecto1.2.X\main.asm
                VER_PORTB   0x0002ef    program     static C:\Users\AngelOrellana\OneDrive\Escritorio\uvg\4toSemestre\PrograDeMicros\Programas_ensamblador\proyecto1.2.X\main.asm
CORREGIR_BCD_MINUTOS_TEMPORIZADO   0x0002f8    program     static C:\Users\AngelOrellana\OneDrive\Escritorio\uvg\4toSemestre\PrograDeMicros\Programas_ensamblador\proyecto1.2.X\main.asm
INCREMENTAR_MINUTE_TEMPORIZADOR   0x0002fb    program     static C:\Users\AngelOrellana\OneDrive\Escritorio\uvg\4toSemestre\PrograDeMicros\Programas_ensamblador\proyecto1.2.X\main.asm
       SALIR_TEMPORIZADOR   0x000305    program     static C:\Users\AngelOrellana\OneDrive\Escritorio\uvg\4toSemestre\PrograDeMicros\Programas_ensamblador\proyecto1.2.X\main.asm
        FLANCO_SUBIDA_RB0   0x000313    program     static C:\Users\AngelOrellana\OneDrive\Escritorio\uvg\4toSemestre\PrograDeMicros\Programas_ensamblador\proyecto1.2.X\main.asm
        FLANCO_SUBIDA_RB1   0x000319    program     static C:\Users\AngelOrellana\OneDrive\Escritorio\uvg\4toSemestre\PrograDeMicros\Programas_ensamblador\proyecto1.2.X\main.asm
        FLANCO_SUBIDA_RB2   0x00031f    program     static C:\Users\AngelOrellana\OneDrive\Escritorio\uvg\4toSemestre\PrograDeMicros\Programas_ensamblador\proyecto1.2.X\main.asm
        FLANCO_SUBIDA_RB5   0x000325    program     static C:\Users\AngelOrellana\OneDrive\Escritorio\uvg\4toSemestre\PrograDeMicros\Programas_ensamblador\proyecto1.2.X\main.asm
                 DELAY_MS   0x00032b    program     static C:\Users\AngelOrellana\OneDrive\Escritorio\uvg\4toSemestre\PrograDeMicros\Programas_ensamblador\proyecto1.2.X\main.asm
                   REPITE   0x00032d    program     static C:\Users\AngelOrellana\OneDrive\Escritorio\uvg\4toSemestre\PrograDeMicros\Programas_ensamblador\proyecto1.2.X\main.asm
                 DELAY_US   0x000331    program     static C:\Users\AngelOrellana\OneDrive\Escritorio\uvg\4toSemestre\PrograDeMicros\Programas_ensamblador\proyecto1.2.X\main.asm
          _MAIN_PROG_028D   0x000334    program     static C:\Users\AngelOrellana\OneDrive\Escritorio\uvg\4toSemestre\PrograDeMicros\Programas_ensamblador\proyecto1.2.X\main.asm
               CUENTATMR0   0x000020       data     static C:\Users\AngelOrellana\OneDrive\Escritorio\uvg\4toSemestre\PrograDeMicros\Programas_ensamblador\proyecto1.2.X\main.asm
                CUENTALED   0x000021       data     static C:\Users\AngelOrellana\OneDrive\Escritorio\uvg\4toSemestre\PrograDeMicros\Programas_ensamblador\proyecto1.2.X\main.asm
            CONTADOR_TMR1   0x000022       data     static C:\Users\AngelOrellana\OneDrive\Escritorio\uvg\4toSemestre\PrograDeMicros\Programas_ensamblador\proyecto1.2.X\main.asm
         TITILAR_DISPLAYS   0x000023       data     static C:\Users\AngelOrellana\OneDrive\Escritorio\uvg\4toSemestre\PrograDeMicros\Programas_ensamblador\proyecto1.2.X\main.asm
          CONTADOR_BUZZER   0x000024       data     static C:\Users\AngelOrellana\OneDrive\Escritorio\uvg\4toSemestre\PrograDeMicros\Programas_ensamblador\proyecto1.2.X\main.asm
            CONTADOR_TMR2   0x000025       data     static C:\Users\AngelOrellana\OneDrive\Escritorio\uvg\4toSemestre\PrograDeMicros\Programas_ensamblador\proyecto1.2.X\main.asm
          CONTADOR_ALARMA   0x000026       data     static C:\Users\AngelOrellana\OneDrive\Escritorio\uvg\4toSemestre\PrograDeMicros\Programas_ensamblador\proyecto1.2.X\main.asm
          SEGUNDOS_ALARMA   0x000027       data     static C:\Users\AngelOrellana\OneDrive\Escritorio\uvg\4toSemestre\PrograDeMicros\Programas_ensamblador\proyecto1.2.X\main.asm
                    DELAY   0x000028       data     static C:\Users\AngelOrellana\OneDrive\Escritorio\uvg\4toSemestre\PrograDeMicros\Programas_ensamblador\proyecto1.2.X\main.asm
                  DELAY_2   0x000029       data     static C:\Users\AngelOrellana\OneDrive\Escritorio\uvg\4toSemestre\PrograDeMicros\Programas_ensamblador\proyecto1.2.X\main.asm
          CONTROL_DISPLAY   0x00002a       data     static C:\Users\AngelOrellana\OneDrive\Escritorio\uvg\4toSemestre\PrograDeMicros\Programas_ensamblador\proyecto1.2.X\main.asm
                    FLAGS   0x00002b       data     static C:\Users\AngelOrellana\OneDrive\Escritorio\uvg\4toSemestre\PrograDeMicros\Programas_ensamblador\proyecto1.2.X\main.asm
                  FLAGS_2   0x00002c       data     static C:\Users\AngelOrellana\OneDrive\Escritorio\uvg\4toSemestre\PrograDeMicros\Programas_ensamblador\proyecto1.2.X\main.asm
                   OPCION   0x00002d       data     static C:\Users\AngelOrellana\OneDrive\Escritorio\uvg\4toSemestre\PrograDeMicros\Programas_ensamblador\proyecto1.2.X\main.asm
             PORTB_ACTUAL   0x00002e       data     static C:\Users\AngelOrellana\OneDrive\Escritorio\uvg\4toSemestre\PrograDeMicros\Programas_ensamblador\proyecto1.2.X\main.asm
           PORTB_ANTERIOR   0x00002f       data     static C:\Users\AngelOrellana\OneDrive\Escritorio\uvg\4toSemestre\PrograDeMicros\Programas_ensamblador\proyecto1.2.X\main.asm
                 SEGUNDOS   0x000030       data     static C:\Users\AngelOrellana\OneDrive\Escritorio\uvg\4toSemestre\PrograDeMicros\Programas_ensamblador\proyecto1.2.X\main.asm
                  MINUTOS   0x000031       data     static C:\Users\AngelOrellana\OneDrive\Escritorio\uvg\4toSemestre\PrograDeMicros\Programas_ensamblador\proyecto1.2.X\main.asm
                    HORAS   0x000032       data     static C:\Users\AngelOrellana\OneDrive\Escritorio\uvg\4toSemestre\PrograDeMicros\Programas_ensamblador\proyecto1.2.X\main.asm
            MINUTO_EDITAR   0x000033       data     static C:\Users\AngelOrellana\OneDrive\Escritorio\uvg\4toSemestre\PrograDeMicros\Programas_ensamblador\proyecto1.2.X\main.asm
              HORA_EDITAR   0x000034       data     static C:\Users\AngelOrellana\OneDrive\Escritorio\uvg\4toSemestre\PrograDeMicros\Programas_ensamblador\proyecto1.2.X\main.asm
                  MES_BCD   0x000035       data     static C:\Users\AngelOrellana\OneDrive\Escritorio\uvg\4toSemestre\PrograDeMicros\Programas_ensamblador\proyecto1.2.X\main.asm
                  MES_BIN   0x000036       data     static C:\Users\AngelOrellana\OneDrive\Escritorio\uvg\4toSemestre\PrograDeMicros\Programas_ensamblador\proyecto1.2.X\main.asm
                      DIA   0x000037       data     static C:\Users\AngelOrellana\OneDrive\Escritorio\uvg\4toSemestre\PrograDeMicros\Programas_ensamblador\proyecto1.2.X\main.asm
                  DIA_MAX   0x000038       data     static C:\Users\AngelOrellana\OneDrive\Escritorio\uvg\4toSemestre\PrograDeMicros\Programas_ensamblador\proyecto1.2.X\main.asm
           MES_BCD_EDITAR   0x000039       data     static C:\Users\AngelOrellana\OneDrive\Escritorio\uvg\4toSemestre\PrograDeMicros\Programas_ensamblador\proyecto1.2.X\main.asm
           MES_BIN_EDITAR   0x00003a       data     static C:\Users\AngelOrellana\OneDrive\Escritorio\uvg\4toSemestre\PrograDeMicros\Programas_ensamblador\proyecto1.2.X\main.asm
               DIA_EDITAR   0x00003b       data     static C:\Users\AngelOrellana\OneDrive\Escritorio\uvg\4toSemestre\PrograDeMicros\Programas_ensamblador\proyecto1.2.X\main.asm
    SEGUNDOS_TEMPORIZADOR   0x00003c       data     static C:\Users\AngelOrellana\OneDrive\Escritorio\uvg\4toSemestre\PrograDeMicros\Programas_ensamblador\proyecto1.2.X\main.asm
     MINUTOS_TEMPORIZADOR   0x00003d       data     static C:\Users\AngelOrellana\OneDrive\Escritorio\uvg\4toSemestre\PrograDeMicros\Programas_ensamblador\proyecto1.2.X\main.asm
SEGUNDOS_TEMPORIZADOR_EDITAR   0x00003e       data     static C:\Users\AngelOrellana\OneDrive\Escritorio\uvg\4toSemestre\PrograDeMicros\Programas_ensamblador\proyecto1.2.X\main.asm
MINUTOS_TEMPORIZADOR_EDITAR   0x00003f       data     static C:\Users\AngelOrellana\OneDrive\Escritorio\uvg\4toSemestre\PrograDeMicros\Programas_ensamblador\proyecto1.2.X\main.asm
                SAVE_TEMP   0x000040       data     static C:\Users\AngelOrellana\OneDrive\Escritorio\uvg\4toSemestre\PrograDeMicros\Programas_ensamblador\proyecto1.2.X\main.asm
                     WRAM   0x000041       data     static C:\Users\AngelOrellana\OneDrive\Escritorio\uvg\4toSemestre\PrograDeMicros\Programas_ensamblador\proyecto1.2.X\main.asm
                STATUSRAM   0x000042       data     static C:\Users\AngelOrellana\OneDrive\Escritorio\uvg\4toSemestre\PrograDeMicros\Programas_ensamblador\proyecto1.2.X\main.asm
                DISPLAY_1   0x000043       data     static C:\Users\AngelOrellana\OneDrive\Escritorio\uvg\4toSemestre\PrograDeMicros\Programas_ensamblador\proyecto1.2.X\main.asm
                DISPLAY_2   0x000044       data     static C:\Users\AngelOrellana\OneDrive\Escritorio\uvg\4toSemestre\PrograDeMicros\Programas_ensamblador\proyecto1.2.X\main.asm


