MPLINK 5.09, LINKER
Linker Map File - Created Sat Sep 19 22:52:14 2020

                                 Section Info
                  Section       Type    Address   Location Size(Bytes)
                ---------  ---------  ---------  ---------  ---------
                 RES_VECT       code   0x000000    program   0x000002
                   .cinit    romdata   0x000001    program   0x000004
            INTERRUPT_VEC       code   0x000004    program   0x000148
                MAIN_PROG       code   0x0000a8    program   0x000580
.config_2007_BUILD/DEFAULT/PRODUCTION/MAIN.O       code   0x002007    program   0x000002
.config_2008_BUILD/DEFAULT/PRODUCTION/MAIN.O       code   0x002008    program   0x000002
                    DATOS      udata   0x000020       data   0x000023



                              Program Memory Usage 
                               Start         End      
                           ---------   ---------      
                            0x000000    0x000002      
                            0x000004    0x000367      
                            0x002007    0x002008      
            873 out of 8455 program addresses used, program memory utilization is 10%



                              Symbols - Sorted by Name
                     Name    Address   Location    Storage File                     
                ---------  ---------  ---------  --------- ---------                
                  CAMBIAR   0x0001f6    program     static C:\Users\AngelOrellana\OneDrive\Escritorio\uvg\4toSemestre\PrograDeMicros\Programas_ensamblador\proyecto1.2.X\main.asm
                CAMBIAR_0   0x0001f5    program     static C:\Users\AngelOrellana\OneDrive\Escritorio\uvg\4toSemestre\PrograDeMicros\Programas_ensamblador\proyecto1.2.X\main.asm
   CAMBIAR_0_TEMPORIZADOR   0x0002ee    program     static C:\Users\AngelOrellana\OneDrive\Escritorio\uvg\4toSemestre\PrograDeMicros\Programas_ensamblador\proyecto1.2.X\main.asm
                CAMBIAR_1   0x000264    program     static C:\Users\AngelOrellana\OneDrive\Escritorio\uvg\4toSemestre\PrograDeMicros\Programas_ensamblador\proyecto1.2.X\main.asm
            CAMBIAR_FECHA   0x000265    program     static C:\Users\AngelOrellana\OneDrive\Escritorio\uvg\4toSemestre\PrograDeMicros\Programas_ensamblador\proyecto1.2.X\main.asm
     CAMBIAR_TEMPORIZADOR   0x0002ef    program     static C:\Users\AngelOrellana\OneDrive\Escritorio\uvg\4toSemestre\PrograDeMicros\Programas_ensamblador\proyecto1.2.X\main.asm
           CONTAR_SEGUNDO   0x000042    program     static C:\Users\AngelOrellana\OneDrive\Escritorio\uvg\4toSemestre\PrograDeMicros\Programas_ensamblador\proyecto1.2.X\main.asm
                 CONTINUE   0x0002dd    program     static C:\Users\AngelOrellana\OneDrive\Escritorio\uvg\4toSemestre\PrograDeMicros\Programas_ensamblador\proyecto1.2.X\main.asm
          CORRECCION_HORA   0x0001d7    program     static C:\Users\AngelOrellana\OneDrive\Escritorio\uvg\4toSemestre\PrograDeMicros\Programas_ensamblador\proyecto1.2.X\main.asm
  CORREGIR_BCD_DIA_EDITAR   0x000279    program     static C:\Users\AngelOrellana\OneDrive\Escritorio\uvg\4toSemestre\PrograDeMicros\Programas_ensamblador\proyecto1.2.X\main.asm
 CORREGIR_BCD_HORA_EDITAR   0x000226    program     static C:\Users\AngelOrellana\OneDrive\Escritorio\uvg\4toSemestre\PrograDeMicros\Programas_ensamblador\proyecto1.2.X\main.asm
  CORREGIR_BCD_MES_EDITAR   0x00029f    program     static C:\Users\AngelOrellana\OneDrive\Escritorio\uvg\4toSemestre\PrograDeMicros\Programas_ensamblador\proyecto1.2.X\main.asm
CORREGIR_BCD_MES_INCREMENTAR   0x0002b3    program     static C:\Users\AngelOrellana\OneDrive\Escritorio\uvg\4toSemestre\PrograDeMicros\Programas_ensamblador\proyecto1.2.X\main.asm
CORREGIR_BCD_MINUTOS_TEMPORIZADO   0x00033d    program     static C:\Users\AngelOrellana\OneDrive\Escritorio\uvg\4toSemestre\PrograDeMicros\Programas_ensamblador\proyecto1.2.X\main.asm
CORREGIR_BCD_MINUTO_EDITAR   0x000203    program     static C:\Users\AngelOrellana\OneDrive\Escritorio\uvg\4toSemestre\PrograDeMicros\Programas_ensamblador\proyecto1.2.X\main.asm
CORREGIR_BCD_SEGUNDO_TEMPORIZADO   0x000306    program     static C:\Users\AngelOrellana\OneDrive\Escritorio\uvg\4toSemestre\PrograDeMicros\Programas_ensamblador\proyecto1.2.X\main.asm
CORREGIR_BCD_TEMP_SEG_DEC   0x000300    program     static C:\Users\AngelOrellana\OneDrive\Escritorio\uvg\4toSemestre\PrograDeMicros\Programas_ensamblador\proyecto1.2.X\main.asm
CORREGIR_BCD_TEMP_SEG_INC   0x00031c    program     static C:\Users\AngelOrellana\OneDrive\Escritorio\uvg\4toSemestre\PrograDeMicros\Programas_ensamblador\proyecto1.2.X\main.asm
           DECISION_FECHA   0x00026d    program     static C:\Users\AngelOrellana\OneDrive\Escritorio\uvg\4toSemestre\PrograDeMicros\Programas_ensamblador\proyecto1.2.X\main.asm
          DECREMENTAR_DAY   0x000270    program     static C:\Users\AngelOrellana\OneDrive\Escritorio\uvg\4toSemestre\PrograDeMicros\Programas_ensamblador\proyecto1.2.X\main.asm
       DECREMENTAR_MINUTE   0x0001f8    program     static C:\Users\AngelOrellana\OneDrive\Escritorio\uvg\4toSemestre\PrograDeMicros\Programas_ensamblador\proyecto1.2.X\main.asm
DECREMENTAR_MINUTOS_TEMPORIZADOR   0x000085    program     static C:\Users\AngelOrellana\OneDrive\Escritorio\uvg\4toSemestre\PrograDeMicros\Programas_ensamblador\proyecto1.2.X\main.asm
       DECREMENTAR_SECOND   0x0002f1    program     static C:\Users\AngelOrellana\OneDrive\Escritorio\uvg\4toSemestre\PrograDeMicros\Programas_ensamblador\proyecto1.2.X\main.asm
  DEC_MINUTO_TEMPORIZADOR   0x00019c    program     static C:\Users\AngelOrellana\OneDrive\Escritorio\uvg\4toSemestre\PrograDeMicros\Programas_ensamblador\proyecto1.2.X\main.asm
                 DELAY_US   0x000363    program     static C:\Users\AngelOrellana\OneDrive\Escritorio\uvg\4toSemestre\PrograDeMicros\Programas_ensamblador\proyecto1.2.X\main.asm
DISPLAY_1_1_EDITAR_NORMAL   0x000175    program     static C:\Users\AngelOrellana\OneDrive\Escritorio\uvg\4toSemestre\PrograDeMicros\Programas_ensamblador\proyecto1.2.X\main.asm
       DISPLAY_1_2_EDITAR   0x000179    program     static C:\Users\AngelOrellana\OneDrive\Escritorio\uvg\4toSemestre\PrograDeMicros\Programas_ensamblador\proyecto1.2.X\main.asm
DISPLAY_1_2_EDITAR_NORMAL   0x00017d    program     static C:\Users\AngelOrellana\OneDrive\Escritorio\uvg\4toSemestre\PrograDeMicros\Programas_ensamblador\proyecto1.2.X\main.asm
       DISPLAY_2_1_EDITAR   0x000181    program     static C:\Users\AngelOrellana\OneDrive\Escritorio\uvg\4toSemestre\PrograDeMicros\Programas_ensamblador\proyecto1.2.X\main.asm
DISPLAY_2_1_EDITAR_NORMAL   0x000185    program     static C:\Users\AngelOrellana\OneDrive\Escritorio\uvg\4toSemestre\PrograDeMicros\Programas_ensamblador\proyecto1.2.X\main.asm
       DISPLAY_2_2_EDITAR   0x000189    program     static C:\Users\AngelOrellana\OneDrive\Escritorio\uvg\4toSemestre\PrograDeMicros\Programas_ensamblador\proyecto1.2.X\main.asm
DISPLAY_2_2_EDITAR_NORMAL   0x00018d    program     static C:\Users\AngelOrellana\OneDrive\Escritorio\uvg\4toSemestre\PrograDeMicros\Programas_ensamblador\proyecto1.2.X\main.asm
           DISPLAY_EDITAR   0x00016a    program     static C:\Users\AngelOrellana\OneDrive\Escritorio\uvg\4toSemestre\PrograDeMicros\Programas_ensamblador\proyecto1.2.X\main.asm
        DISPLAY_NO_EDITAR   0x000150    program     static C:\Users\AngelOrellana\OneDrive\Escritorio\uvg\4toSemestre\PrograDeMicros\Programas_ensamblador\proyecto1.2.X\main.asm
                 DISP_1_2   0x00015a    program     static C:\Users\AngelOrellana\OneDrive\Escritorio\uvg\4toSemestre\PrograDeMicros\Programas_ensamblador\proyecto1.2.X\main.asm
                 DISP_2_1   0x00015e    program     static C:\Users\AngelOrellana\OneDrive\Escritorio\uvg\4toSemestre\PrograDeMicros\Programas_ensamblador\proyecto1.2.X\main.asm
                 DISP_2_2   0x000162    program     static C:\Users\AngelOrellana\OneDrive\Escritorio\uvg\4toSemestre\PrograDeMicros\Programas_ensamblador\proyecto1.2.X\main.asm
           EDITANDO_FECHA   0x000062    program     static C:\Users\AngelOrellana\OneDrive\Escritorio\uvg\4toSemestre\PrograDeMicros\Programas_ensamblador\proyecto1.2.X\main.asm
            EDITANDO_HORA   0x00005c    program     static C:\Users\AngelOrellana\OneDrive\Escritorio\uvg\4toSemestre\PrograDeMicros\Programas_ensamblador\proyecto1.2.X\main.asm
           EDITANDO_TIMER   0x000069    program     static C:\Users\AngelOrellana\OneDrive\Escritorio\uvg\4toSemestre\PrograDeMicros\Programas_ensamblador\proyecto1.2.X\main.asm
             EDITAR_FECHA   0x00024c    program     static C:\Users\AngelOrellana\OneDrive\Escritorio\uvg\4toSemestre\PrograDeMicros\Programas_ensamblador\proyecto1.2.X\main.asm
              EDITAR_HORA   0x0001df    program     static C:\Users\AngelOrellana\OneDrive\Escritorio\uvg\4toSemestre\PrograDeMicros\Programas_ensamblador\proyecto1.2.X\main.asm
      EDITAR_TEMPORIZADOR   0x0002c9    program     static C:\Users\AngelOrellana\OneDrive\Escritorio\uvg\4toSemestre\PrograDeMicros\Programas_ensamblador\proyecto1.2.X\main.asm
                 EDIT_DAY   0x000270    program     static C:\Users\AngelOrellana\OneDrive\Escritorio\uvg\4toSemestre\PrograDeMicros\Programas_ensamblador\proyecto1.2.X\main.asm
                EDIT_HOUR   0x00021b    program     static C:\Users\AngelOrellana\OneDrive\Escritorio\uvg\4toSemestre\PrograDeMicros\Programas_ensamblador\proyecto1.2.X\main.asm
              EDIT_MINUTE   0x0001f8    program     static C:\Users\AngelOrellana\OneDrive\Escritorio\uvg\4toSemestre\PrograDeMicros\Programas_ensamblador\proyecto1.2.X\main.asm
 EDIT_MINUTE_TEMPORIZADOR   0x000328    program     static C:\Users\AngelOrellana\OneDrive\Escritorio\uvg\4toSemestre\PrograDeMicros\Programas_ensamblador\proyecto1.2.X\main.asm
               EDIT_MONTH   0x000293    program     static C:\Users\AngelOrellana\OneDrive\Escritorio\uvg\4toSemestre\PrograDeMicros\Programas_ensamblador\proyecto1.2.X\main.asm
              EDIT_SECOND   0x0002f1    program     static C:\Users\AngelOrellana\OneDrive\Escritorio\uvg\4toSemestre\PrograDeMicros\Programas_ensamblador\proyecto1.2.X\main.asm
        ESTABLECER_OPCION   0x0000ff    program     static C:\Users\AngelOrellana\OneDrive\Escritorio\uvg\4toSemestre\PrograDeMicros\Programas_ensamblador\proyecto1.2.X\main.asm
FUNCIONAMIENTO_NORMAL_TEMPORIZAD   0x00007f    program     static C:\Users\AngelOrellana\OneDrive\Escritorio\uvg\4toSemestre\PrograDeMicros\Programas_ensamblador\proyecto1.2.X\main.asm
              IF_NOT_CERO   0x0002db    program     static C:\Users\AngelOrellana\OneDrive\Escritorio\uvg\4toSemestre\PrograDeMicros\Programas_ensamblador\proyecto1.2.X\main.asm
          INCREMENTAR_DAY   0x000280    program     static C:\Users\AngelOrellana\OneDrive\Escritorio\uvg\4toSemestre\PrograDeMicros\Programas_ensamblador\proyecto1.2.X\main.asm
         INCREMENTAR_HOUR   0x00022d    program     static C:\Users\AngelOrellana\OneDrive\Escritorio\uvg\4toSemestre\PrograDeMicros\Programas_ensamblador\proyecto1.2.X\main.asm
       INCREMENTAR_MINUTE   0x00020a    program     static C:\Users\AngelOrellana\OneDrive\Escritorio\uvg\4toSemestre\PrograDeMicros\Programas_ensamblador\proyecto1.2.X\main.asm
INCREMENTAR_MINUTE_TEMPORIZADOR   0x000344    program     static C:\Users\AngelOrellana\OneDrive\Escritorio\uvg\4toSemestre\PrograDeMicros\Programas_ensamblador\proyecto1.2.X\main.asm
        INCREMENTAR_MONTH   0x0002a6    program     static C:\Users\AngelOrellana\OneDrive\Escritorio\uvg\4toSemestre\PrograDeMicros\Programas_ensamblador\proyecto1.2.X\main.asm
       INCREMENTAR_SECOND   0x00030d    program     static C:\Users\AngelOrellana\OneDrive\Escritorio\uvg\4toSemestre\PrograDeMicros\Programas_ensamblador\proyecto1.2.X\main.asm
                     LOAD   0x000086    program     static C:\Users\AngelOrellana\OneDrive\Escritorio\uvg\4toSemestre\PrograDeMicros\Programas_ensamblador\proyecto1.2.X\main.asm
                     LOOP   0x0000e7    program     static C:\Users\AngelOrellana\OneDrive\Escritorio\uvg\4toSemestre\PrograDeMicros\Programas_ensamblador\proyecto1.2.X\main.asm
   MOSTRAR_DISPLAY_EDITAR   0x000190    program     static C:\Users\AngelOrellana\OneDrive\Escritorio\uvg\4toSemestre\PrograDeMicros\Programas_ensamblador\proyecto1.2.X\main.asm
            MOSTRAR_VALOR   0x000165    program     static C:\Users\AngelOrellana\OneDrive\Escritorio\uvg\4toSemestre\PrograDeMicros\Programas_ensamblador\proyecto1.2.X\main.asm
                   NORMAL   0x0000f5    program     static C:\Users\AngelOrellana\OneDrive\Escritorio\uvg\4toSemestre\PrograDeMicros\Programas_ensamblador\proyecto1.2.X\main.asm
          NO_EDITAR_FECHA   0x000129    program     static C:\Users\AngelOrellana\OneDrive\Escritorio\uvg\4toSemestre\PrograDeMicros\Programas_ensamblador\proyecto1.2.X\main.asm
           NO_EDITAR_HORA   0x000119    program     static C:\Users\AngelOrellana\OneDrive\Escritorio\uvg\4toSemestre\PrograDeMicros\Programas_ensamblador\proyecto1.2.X\main.asm
   NO_EDITAR_TEMPORIZADOR   0x000139    program     static C:\Users\AngelOrellana\OneDrive\Escritorio\uvg\4toSemestre\PrograDeMicros\Programas_ensamblador\proyecto1.2.X\main.asm
                 OPCIONES   0x00010d    program     static C:\Users\AngelOrellana\OneDrive\Escritorio\uvg\4toSemestre\PrograDeMicros\Programas_ensamblador\proyecto1.2.X\main.asm
          OPCIONES_NORMAL   0x00010a    program     static C:\Users\AngelOrellana\OneDrive\Escritorio\uvg\4toSemestre\PrograDeMicros\Programas_ensamblador\proyecto1.2.X\main.asm
             OPCION_FECHA   0x000126    program     static C:\Users\AngelOrellana\OneDrive\Escritorio\uvg\4toSemestre\PrograDeMicros\Programas_ensamblador\proyecto1.2.X\main.asm
             OPCION_RELOJ   0x000116    program     static C:\Users\AngelOrellana\OneDrive\Escritorio\uvg\4toSemestre\PrograDeMicros\Programas_ensamblador\proyecto1.2.X\main.asm
      OPCION_TEMPORIZADOR   0x000136    program     static C:\Users\AngelOrellana\OneDrive\Escritorio\uvg\4toSemestre\PrograDeMicros\Programas_ensamblador\proyecto1.2.X\main.asm
             OVERFLOW_DIA   0x00028c    program     static C:\Users\AngelOrellana\OneDrive\Escritorio\uvg\4toSemestre\PrograDeMicros\Programas_ensamblador\proyecto1.2.X\main.asm
           PUNTOS_ENMEDIO   0x000031    program     static C:\Users\AngelOrellana\OneDrive\Escritorio\uvg\4toSemestre\PrograDeMicros\Programas_ensamblador\proyecto1.2.X\main.asm
                    SALIR   0x00023d    program     static C:\Users\AngelOrellana\OneDrive\Escritorio\uvg\4toSemestre\PrograDeMicros\Programas_ensamblador\proyecto1.2.X\main.asm
              SALIR_FECHA   0x0002ba    program     static C:\Users\AngelOrellana\OneDrive\Escritorio\uvg\4toSemestre\PrograDeMicros\Programas_ensamblador\proyecto1.2.X\main.asm
       SALIR_TEMPORIZADOR   0x000354    program     static C:\Users\AngelOrellana\OneDrive\Escritorio\uvg\4toSemestre\PrograDeMicros\Programas_ensamblador\proyecto1.2.X\main.asm
                     SAVE   0x000004    program     static C:\Users\AngelOrellana\OneDrive\Escritorio\uvg\4toSemestre\PrograDeMicros\Programas_ensamblador\proyecto1.2.X\main.asm
         SEGUIR_NO_EDITAR   0x000143    program     static C:\Users\AngelOrellana\OneDrive\Escritorio\uvg\4toSemestre\PrograDeMicros\Programas_ensamblador\proyecto1.2.X\main.asm
              SELECCIONAR   0x000007    program     static C:\Users\AngelOrellana\OneDrive\Escritorio\uvg\4toSemestre\PrograDeMicros\Programas_ensamblador\proyecto1.2.X\main.asm
          SI_EDITAR_FECHA   0x00012f    program     static C:\Users\AngelOrellana\OneDrive\Escritorio\uvg\4toSemestre\PrograDeMicros\Programas_ensamblador\proyecto1.2.X\main.asm
           SI_EDITAR_HORA   0x00011f    program     static C:\Users\AngelOrellana\OneDrive\Escritorio\uvg\4toSemestre\PrograDeMicros\Programas_ensamblador\proyecto1.2.X\main.asm
   SI_EDITAR_TEMPORIZADOR   0x000149    program     static C:\Users\AngelOrellana\OneDrive\Escritorio\uvg\4toSemestre\PrograDeMicros\Programas_ensamblador\proyecto1.2.X\main.asm
     SI_YA_SE_ENTRO_ANTES   0x0001ec    program     static C:\Users\AngelOrellana\OneDrive\Escritorio\uvg\4toSemestre\PrograDeMicros\Programas_ensamblador\proyecto1.2.X\main.asm
SI_YA_SE_ENTRO_ANTES_FECHA   0x00025b    program     static C:\Users\AngelOrellana\OneDrive\Escritorio\uvg\4toSemestre\PrograDeMicros\Programas_ensamblador\proyecto1.2.X\main.asm
SI_YA_SE_ENTRO_ANTES_TEMPORIZADO   0x0002e5    program     static C:\Users\AngelOrellana\OneDrive\Escritorio\uvg\4toSemestre\PrograDeMicros\Programas_ensamblador\proyecto1.2.X\main.asm
             SONAR_BUZZER   0x00001c    program     static C:\Users\AngelOrellana\OneDrive\Escritorio\uvg\4toSemestre\PrograDeMicros\Programas_ensamblador\proyecto1.2.X\main.asm
                    START   0x0000a8    program     static C:\Users\AngelOrellana\OneDrive\Escritorio\uvg\4toSemestre\PrograDeMicros\Programas_ensamblador\proyecto1.2.X\main.asm
                    TABLA   0x00008b    program     static C:\Users\AngelOrellana\OneDrive\Escritorio\uvg\4toSemestre\PrograDeMicros\Programas_ensamblador\proyecto1.2.X\main.asm
              TABLA_MESES   0x000096    program     static C:\Users\AngelOrellana\OneDrive\Escritorio\uvg\4toSemestre\PrograDeMicros\Programas_ensamblador\proyecto1.2.X\main.asm
               TITILAR_7S   0x000026    program     static C:\Users\AngelOrellana\OneDrive\Escritorio\uvg\4toSemestre\PrograDeMicros\Programas_ensamblador\proyecto1.2.X\main.asm
                 TMR0_INT   0x00000e    program     static C:\Users\AngelOrellana\OneDrive\Escritorio\uvg\4toSemestre\PrograDeMicros\Programas_ensamblador\proyecto1.2.X\main.asm
                 TMR1_INT   0x000048    program     static C:\Users\AngelOrellana\OneDrive\Escritorio\uvg\4toSemestre\PrograDeMicros\Programas_ensamblador\proyecto1.2.X\main.asm
                 TMR2_INT   0x00006e    program     static C:\Users\AngelOrellana\OneDrive\Escritorio\uvg\4toSemestre\PrograDeMicros\Programas_ensamblador\proyecto1.2.X\main.asm
              VALOR_FECHA   0x0001a4    program     static C:\Users\AngelOrellana\OneDrive\Escritorio\uvg\4toSemestre\PrograDeMicros\Programas_ensamblador\proyecto1.2.X\main.asm
                VALOR_MES   0x0001ad    program     static C:\Users\AngelOrellana\OneDrive\Escritorio\uvg\4toSemestre\PrograDeMicros\Programas_ensamblador\proyecto1.2.X\main.asm
              VALOR_RELOJ   0x0001c2    program     static C:\Users\AngelOrellana\OneDrive\Escritorio\uvg\4toSemestre\PrograDeMicros\Programas_ensamblador\proyecto1.2.X\main.asm
       VALOR_TEMPORIZADOR   0x000195    program     static C:\Users\AngelOrellana\OneDrive\Escritorio\uvg\4toSemestre\PrograDeMicros\Programas_ensamblador\proyecto1.2.X\main.asm
VERIFICAR_OVERFLOW_HORA_EDITAR   0x000239    program     static C:\Users\AngelOrellana\OneDrive\Escritorio\uvg\4toSemestre\PrograDeMicros\Programas_ensamblador\proyecto1.2.X\main.asm
VERIFICAR_OVERFLOW_MINUTOS_EDITA   0x000350    program     static C:\Users\AngelOrellana\OneDrive\Escritorio\uvg\4toSemestre\PrograDeMicros\Programas_ensamblador\proyecto1.2.X\main.asm
VERIFICAR_OVERFLOW_MINUTO_EDITAR   0x000216    program     static C:\Users\AngelOrellana\OneDrive\Escritorio\uvg\4toSemestre\PrograDeMicros\Programas_ensamblador\proyecto1.2.X\main.asm
VERIFICAR_OVERFLOW_SEGUNDOS_TEMP   0x000323    program     static C:\Users\AngelOrellana\OneDrive\Escritorio\uvg\4toSemestre\PrograDeMicros\Programas_ensamblador\proyecto1.2.X\main.asm
                VER_PORTB   0x000332    program     static C:\Users\AngelOrellana\OneDrive\Escritorio\uvg\4toSemestre\PrograDeMicros\Programas_ensamblador\proyecto1.2.X\main.asm
          _MAIN_PROG_02BE   0x000366    program     static C:\Users\AngelOrellana\OneDrive\Escritorio\uvg\4toSemestre\PrograDeMicros\Programas_ensamblador\proyecto1.2.X\main.asm
          CONTADOR_ALARMA   0x000026       data     static C:\Users\AngelOrellana\OneDrive\Escritorio\uvg\4toSemestre\PrograDeMicros\Programas_ensamblador\proyecto1.2.X\main.asm
          CONTADOR_BUZZER   0x000024       data     static C:\Users\AngelOrellana\OneDrive\Escritorio\uvg\4toSemestre\PrograDeMicros\Programas_ensamblador\proyecto1.2.X\main.asm
            CONTADOR_TMR1   0x000022       data     static C:\Users\AngelOrellana\OneDrive\Escritorio\uvg\4toSemestre\PrograDeMicros\Programas_ensamblador\proyecto1.2.X\main.asm
            CONTADOR_TMR2   0x000025       data     static C:\Users\AngelOrellana\OneDrive\Escritorio\uvg\4toSemestre\PrograDeMicros\Programas_ensamblador\proyecto1.2.X\main.asm
          CONTROL_DISPLAY   0x000029       data     static C:\Users\AngelOrellana\OneDrive\Escritorio\uvg\4toSemestre\PrograDeMicros\Programas_ensamblador\proyecto1.2.X\main.asm
                CUENTALED   0x000021       data     static C:\Users\AngelOrellana\OneDrive\Escritorio\uvg\4toSemestre\PrograDeMicros\Programas_ensamblador\proyecto1.2.X\main.asm
               CUENTATMR0   0x000020       data     static C:\Users\AngelOrellana\OneDrive\Escritorio\uvg\4toSemestre\PrograDeMicros\Programas_ensamblador\proyecto1.2.X\main.asm
                    DELAY   0x000028       data     static C:\Users\AngelOrellana\OneDrive\Escritorio\uvg\4toSemestre\PrograDeMicros\Programas_ensamblador\proyecto1.2.X\main.asm
                      DIA   0x000035       data     static C:\Users\AngelOrellana\OneDrive\Escritorio\uvg\4toSemestre\PrograDeMicros\Programas_ensamblador\proyecto1.2.X\main.asm
               DIA_EDITAR   0x000039       data     static C:\Users\AngelOrellana\OneDrive\Escritorio\uvg\4toSemestre\PrograDeMicros\Programas_ensamblador\proyecto1.2.X\main.asm
                  DIA_MAX   0x000036       data     static C:\Users\AngelOrellana\OneDrive\Escritorio\uvg\4toSemestre\PrograDeMicros\Programas_ensamblador\proyecto1.2.X\main.asm
                DISPLAY_1   0x000041       data     static C:\Users\AngelOrellana\OneDrive\Escritorio\uvg\4toSemestre\PrograDeMicros\Programas_ensamblador\proyecto1.2.X\main.asm
                DISPLAY_2   0x000042       data     static C:\Users\AngelOrellana\OneDrive\Escritorio\uvg\4toSemestre\PrograDeMicros\Programas_ensamblador\proyecto1.2.X\main.asm
                    FLAGS   0x00002a       data     static C:\Users\AngelOrellana\OneDrive\Escritorio\uvg\4toSemestre\PrograDeMicros\Programas_ensamblador\proyecto1.2.X\main.asm
                    HORAS   0x000030       data     static C:\Users\AngelOrellana\OneDrive\Escritorio\uvg\4toSemestre\PrograDeMicros\Programas_ensamblador\proyecto1.2.X\main.asm
              HORA_EDITAR   0x000032       data     static C:\Users\AngelOrellana\OneDrive\Escritorio\uvg\4toSemestre\PrograDeMicros\Programas_ensamblador\proyecto1.2.X\main.asm
                  MES_BCD   0x000033       data     static C:\Users\AngelOrellana\OneDrive\Escritorio\uvg\4toSemestre\PrograDeMicros\Programas_ensamblador\proyecto1.2.X\main.asm
           MES_BCD_EDITAR   0x000037       data     static C:\Users\AngelOrellana\OneDrive\Escritorio\uvg\4toSemestre\PrograDeMicros\Programas_ensamblador\proyecto1.2.X\main.asm
                  MES_BIN   0x000034       data     static C:\Users\AngelOrellana\OneDrive\Escritorio\uvg\4toSemestre\PrograDeMicros\Programas_ensamblador\proyecto1.2.X\main.asm
           MES_BIN_EDITAR   0x000038       data     static C:\Users\AngelOrellana\OneDrive\Escritorio\uvg\4toSemestre\PrograDeMicros\Programas_ensamblador\proyecto1.2.X\main.asm
                  MINUTOS   0x00002f       data     static C:\Users\AngelOrellana\OneDrive\Escritorio\uvg\4toSemestre\PrograDeMicros\Programas_ensamblador\proyecto1.2.X\main.asm
     MINUTOS_TEMPORIZADOR   0x00003b       data     static C:\Users\AngelOrellana\OneDrive\Escritorio\uvg\4toSemestre\PrograDeMicros\Programas_ensamblador\proyecto1.2.X\main.asm
MINUTOS_TEMPORIZADOR_EDITAR   0x00003d       data     static C:\Users\AngelOrellana\OneDrive\Escritorio\uvg\4toSemestre\PrograDeMicros\Programas_ensamblador\proyecto1.2.X\main.asm
            MINUTO_EDITAR   0x000031       data     static C:\Users\AngelOrellana\OneDrive\Escritorio\uvg\4toSemestre\PrograDeMicros\Programas_ensamblador\proyecto1.2.X\main.asm
                   OPCION   0x00002b       data     static C:\Users\AngelOrellana\OneDrive\Escritorio\uvg\4toSemestre\PrograDeMicros\Programas_ensamblador\proyecto1.2.X\main.asm
             PORTB_ACTUAL   0x00002c       data     static C:\Users\AngelOrellana\OneDrive\Escritorio\uvg\4toSemestre\PrograDeMicros\Programas_ensamblador\proyecto1.2.X\main.asm
           PORTB_ANTERIOR   0x00002d       data     static C:\Users\AngelOrellana\OneDrive\Escritorio\uvg\4toSemestre\PrograDeMicros\Programas_ensamblador\proyecto1.2.X\main.asm
                SAVE_TEMP   0x00003e       data     static C:\Users\AngelOrellana\OneDrive\Escritorio\uvg\4toSemestre\PrograDeMicros\Programas_ensamblador\proyecto1.2.X\main.asm
                 SEGUNDOS   0x00002e       data     static C:\Users\AngelOrellana\OneDrive\Escritorio\uvg\4toSemestre\PrograDeMicros\Programas_ensamblador\proyecto1.2.X\main.asm
          SEGUNDOS_ALARMA   0x000027       data     static C:\Users\AngelOrellana\OneDrive\Escritorio\uvg\4toSemestre\PrograDeMicros\Programas_ensamblador\proyecto1.2.X\main.asm
    SEGUNDOS_TEMPORIZADOR   0x00003a       data     static C:\Users\AngelOrellana\OneDrive\Escritorio\uvg\4toSemestre\PrograDeMicros\Programas_ensamblador\proyecto1.2.X\main.asm
SEGUNDOS_TEMPORIZADOR_EDITAR   0x00003c       data     static C:\Users\AngelOrellana\OneDrive\Escritorio\uvg\4toSemestre\PrograDeMicros\Programas_ensamblador\proyecto1.2.X\main.asm
                STATUSRAM   0x000040       data     static C:\Users\AngelOrellana\OneDrive\Escritorio\uvg\4toSemestre\PrograDeMicros\Programas_ensamblador\proyecto1.2.X\main.asm
         TITILAR_DISPLAYS   0x000023       data     static C:\Users\AngelOrellana\OneDrive\Escritorio\uvg\4toSemestre\PrograDeMicros\Programas_ensamblador\proyecto1.2.X\main.asm
                     WRAM   0x00003f       data     static C:\Users\AngelOrellana\OneDrive\Escritorio\uvg\4toSemestre\PrograDeMicros\Programas_ensamblador\proyecto1.2.X\main.asm



                              Symbols - Sorted by Address
                     Name    Address   Location    Storage File                     
                ---------  ---------  ---------  --------- ---------                
                     SAVE   0x000004    program     static C:\Users\AngelOrellana\OneDrive\Escritorio\uvg\4toSemestre\PrograDeMicros\Programas_ensamblador\proyecto1.2.X\main.asm
              SELECCIONAR   0x000007    program     static C:\Users\AngelOrellana\OneDrive\Escritorio\uvg\4toSemestre\PrograDeMicros\Programas_ensamblador\proyecto1.2.X\main.asm
                 TMR0_INT   0x00000e    program     static C:\Users\AngelOrellana\OneDrive\Escritorio\uvg\4toSemestre\PrograDeMicros\Programas_ensamblador\proyecto1.2.X\main.asm
             SONAR_BUZZER   0x00001c    program     static C:\Users\AngelOrellana\OneDrive\Escritorio\uvg\4toSemestre\PrograDeMicros\Programas_ensamblador\proyecto1.2.X\main.asm
               TITILAR_7S   0x000026    program     static C:\Users\AngelOrellana\OneDrive\Escritorio\uvg\4toSemestre\PrograDeMicros\Programas_ensamblador\proyecto1.2.X\main.asm
           PUNTOS_ENMEDIO   0x000031    program     static C:\Users\AngelOrellana\OneDrive\Escritorio\uvg\4toSemestre\PrograDeMicros\Programas_ensamblador\proyecto1.2.X\main.asm
           CONTAR_SEGUNDO   0x000042    program     static C:\Users\AngelOrellana\OneDrive\Escritorio\uvg\4toSemestre\PrograDeMicros\Programas_ensamblador\proyecto1.2.X\main.asm
                 TMR1_INT   0x000048    program     static C:\Users\AngelOrellana\OneDrive\Escritorio\uvg\4toSemestre\PrograDeMicros\Programas_ensamblador\proyecto1.2.X\main.asm
            EDITANDO_HORA   0x00005c    program     static C:\Users\AngelOrellana\OneDrive\Escritorio\uvg\4toSemestre\PrograDeMicros\Programas_ensamblador\proyecto1.2.X\main.asm
           EDITANDO_FECHA   0x000062    program     static C:\Users\AngelOrellana\OneDrive\Escritorio\uvg\4toSemestre\PrograDeMicros\Programas_ensamblador\proyecto1.2.X\main.asm
           EDITANDO_TIMER   0x000069    program     static C:\Users\AngelOrellana\OneDrive\Escritorio\uvg\4toSemestre\PrograDeMicros\Programas_ensamblador\proyecto1.2.X\main.asm
                 TMR2_INT   0x00006e    program     static C:\Users\AngelOrellana\OneDrive\Escritorio\uvg\4toSemestre\PrograDeMicros\Programas_ensamblador\proyecto1.2.X\main.asm
FUNCIONAMIENTO_NORMAL_TEMPORIZAD   0x00007f    program     static C:\Users\AngelOrellana\OneDrive\Escritorio\uvg\4toSemestre\PrograDeMicros\Programas_ensamblador\proyecto1.2.X\main.asm
DECREMENTAR_MINUTOS_TEMPORIZADOR   0x000085    program     static C:\Users\AngelOrellana\OneDrive\Escritorio\uvg\4toSemestre\PrograDeMicros\Programas_ensamblador\proyecto1.2.X\main.asm
                     LOAD   0x000086    program     static C:\Users\AngelOrellana\OneDrive\Escritorio\uvg\4toSemestre\PrograDeMicros\Programas_ensamblador\proyecto1.2.X\main.asm
                    TABLA   0x00008b    program     static C:\Users\AngelOrellana\OneDrive\Escritorio\uvg\4toSemestre\PrograDeMicros\Programas_ensamblador\proyecto1.2.X\main.asm
              TABLA_MESES   0x000096    program     static C:\Users\AngelOrellana\OneDrive\Escritorio\uvg\4toSemestre\PrograDeMicros\Programas_ensamblador\proyecto1.2.X\main.asm
                    START   0x0000a8    program     static C:\Users\AngelOrellana\OneDrive\Escritorio\uvg\4toSemestre\PrograDeMicros\Programas_ensamblador\proyecto1.2.X\main.asm
                     LOOP   0x0000e7    program     static C:\Users\AngelOrellana\OneDrive\Escritorio\uvg\4toSemestre\PrograDeMicros\Programas_ensamblador\proyecto1.2.X\main.asm
                   NORMAL   0x0000f5    program     static C:\Users\AngelOrellana\OneDrive\Escritorio\uvg\4toSemestre\PrograDeMicros\Programas_ensamblador\proyecto1.2.X\main.asm
        ESTABLECER_OPCION   0x0000ff    program     static C:\Users\AngelOrellana\OneDrive\Escritorio\uvg\4toSemestre\PrograDeMicros\Programas_ensamblador\proyecto1.2.X\main.asm
          OPCIONES_NORMAL   0x00010a    program     static C:\Users\AngelOrellana\OneDrive\Escritorio\uvg\4toSemestre\PrograDeMicros\Programas_ensamblador\proyecto1.2.X\main.asm
                 OPCIONES   0x00010d    program     static C:\Users\AngelOrellana\OneDrive\Escritorio\uvg\4toSemestre\PrograDeMicros\Programas_ensamblador\proyecto1.2.X\main.asm
             OPCION_RELOJ   0x000116    program     static C:\Users\AngelOrellana\OneDrive\Escritorio\uvg\4toSemestre\PrograDeMicros\Programas_ensamblador\proyecto1.2.X\main.asm
           NO_EDITAR_HORA   0x000119    program     static C:\Users\AngelOrellana\OneDrive\Escritorio\uvg\4toSemestre\PrograDeMicros\Programas_ensamblador\proyecto1.2.X\main.asm
           SI_EDITAR_HORA   0x00011f    program     static C:\Users\AngelOrellana\OneDrive\Escritorio\uvg\4toSemestre\PrograDeMicros\Programas_ensamblador\proyecto1.2.X\main.asm
             OPCION_FECHA   0x000126    program     static C:\Users\AngelOrellana\OneDrive\Escritorio\uvg\4toSemestre\PrograDeMicros\Programas_ensamblador\proyecto1.2.X\main.asm
          NO_EDITAR_FECHA   0x000129    program     static C:\Users\AngelOrellana\OneDrive\Escritorio\uvg\4toSemestre\PrograDeMicros\Programas_ensamblador\proyecto1.2.X\main.asm
          SI_EDITAR_FECHA   0x00012f    program     static C:\Users\AngelOrellana\OneDrive\Escritorio\uvg\4toSemestre\PrograDeMicros\Programas_ensamblador\proyecto1.2.X\main.asm
      OPCION_TEMPORIZADOR   0x000136    program     static C:\Users\AngelOrellana\OneDrive\Escritorio\uvg\4toSemestre\PrograDeMicros\Programas_ensamblador\proyecto1.2.X\main.asm
   NO_EDITAR_TEMPORIZADOR   0x000139    program     static C:\Users\AngelOrellana\OneDrive\Escritorio\uvg\4toSemestre\PrograDeMicros\Programas_ensamblador\proyecto1.2.X\main.asm
         SEGUIR_NO_EDITAR   0x000143    program     static C:\Users\AngelOrellana\OneDrive\Escritorio\uvg\4toSemestre\PrograDeMicros\Programas_ensamblador\proyecto1.2.X\main.asm
   SI_EDITAR_TEMPORIZADOR   0x000149    program     static C:\Users\AngelOrellana\OneDrive\Escritorio\uvg\4toSemestre\PrograDeMicros\Programas_ensamblador\proyecto1.2.X\main.asm
        DISPLAY_NO_EDITAR   0x000150    program     static C:\Users\AngelOrellana\OneDrive\Escritorio\uvg\4toSemestre\PrograDeMicros\Programas_ensamblador\proyecto1.2.X\main.asm
                 DISP_1_2   0x00015a    program     static C:\Users\AngelOrellana\OneDrive\Escritorio\uvg\4toSemestre\PrograDeMicros\Programas_ensamblador\proyecto1.2.X\main.asm
                 DISP_2_1   0x00015e    program     static C:\Users\AngelOrellana\OneDrive\Escritorio\uvg\4toSemestre\PrograDeMicros\Programas_ensamblador\proyecto1.2.X\main.asm
                 DISP_2_2   0x000162    program     static C:\Users\AngelOrellana\OneDrive\Escritorio\uvg\4toSemestre\PrograDeMicros\Programas_ensamblador\proyecto1.2.X\main.asm
            MOSTRAR_VALOR   0x000165    program     static C:\Users\AngelOrellana\OneDrive\Escritorio\uvg\4toSemestre\PrograDeMicros\Programas_ensamblador\proyecto1.2.X\main.asm
           DISPLAY_EDITAR   0x00016a    program     static C:\Users\AngelOrellana\OneDrive\Escritorio\uvg\4toSemestre\PrograDeMicros\Programas_ensamblador\proyecto1.2.X\main.asm
DISPLAY_1_1_EDITAR_NORMAL   0x000175    program     static C:\Users\AngelOrellana\OneDrive\Escritorio\uvg\4toSemestre\PrograDeMicros\Programas_ensamblador\proyecto1.2.X\main.asm
       DISPLAY_1_2_EDITAR   0x000179    program     static C:\Users\AngelOrellana\OneDrive\Escritorio\uvg\4toSemestre\PrograDeMicros\Programas_ensamblador\proyecto1.2.X\main.asm
DISPLAY_1_2_EDITAR_NORMAL   0x00017d    program     static C:\Users\AngelOrellana\OneDrive\Escritorio\uvg\4toSemestre\PrograDeMicros\Programas_ensamblador\proyecto1.2.X\main.asm
       DISPLAY_2_1_EDITAR   0x000181    program     static C:\Users\AngelOrellana\OneDrive\Escritorio\uvg\4toSemestre\PrograDeMicros\Programas_ensamblador\proyecto1.2.X\main.asm
DISPLAY_2_1_EDITAR_NORMAL   0x000185    program     static C:\Users\AngelOrellana\OneDrive\Escritorio\uvg\4toSemestre\PrograDeMicros\Programas_ensamblador\proyecto1.2.X\main.asm
       DISPLAY_2_2_EDITAR   0x000189    program     static C:\Users\AngelOrellana\OneDrive\Escritorio\uvg\4toSemestre\PrograDeMicros\Programas_ensamblador\proyecto1.2.X\main.asm
DISPLAY_2_2_EDITAR_NORMAL   0x00018d    program     static C:\Users\AngelOrellana\OneDrive\Escritorio\uvg\4toSemestre\PrograDeMicros\Programas_ensamblador\proyecto1.2.X\main.asm
   MOSTRAR_DISPLAY_EDITAR   0x000190    program     static C:\Users\AngelOrellana\OneDrive\Escritorio\uvg\4toSemestre\PrograDeMicros\Programas_ensamblador\proyecto1.2.X\main.asm
       VALOR_TEMPORIZADOR   0x000195    program     static C:\Users\AngelOrellana\OneDrive\Escritorio\uvg\4toSemestre\PrograDeMicros\Programas_ensamblador\proyecto1.2.X\main.asm
  DEC_MINUTO_TEMPORIZADOR   0x00019c    program     static C:\Users\AngelOrellana\OneDrive\Escritorio\uvg\4toSemestre\PrograDeMicros\Programas_ensamblador\proyecto1.2.X\main.asm
              VALOR_FECHA   0x0001a4    program     static C:\Users\AngelOrellana\OneDrive\Escritorio\uvg\4toSemestre\PrograDeMicros\Programas_ensamblador\proyecto1.2.X\main.asm
                VALOR_MES   0x0001ad    program     static C:\Users\AngelOrellana\OneDrive\Escritorio\uvg\4toSemestre\PrograDeMicros\Programas_ensamblador\proyecto1.2.X\main.asm
              VALOR_RELOJ   0x0001c2    program     static C:\Users\AngelOrellana\OneDrive\Escritorio\uvg\4toSemestre\PrograDeMicros\Programas_ensamblador\proyecto1.2.X\main.asm
          CORRECCION_HORA   0x0001d7    program     static C:\Users\AngelOrellana\OneDrive\Escritorio\uvg\4toSemestre\PrograDeMicros\Programas_ensamblador\proyecto1.2.X\main.asm
              EDITAR_HORA   0x0001df    program     static C:\Users\AngelOrellana\OneDrive\Escritorio\uvg\4toSemestre\PrograDeMicros\Programas_ensamblador\proyecto1.2.X\main.asm
     SI_YA_SE_ENTRO_ANTES   0x0001ec    program     static C:\Users\AngelOrellana\OneDrive\Escritorio\uvg\4toSemestre\PrograDeMicros\Programas_ensamblador\proyecto1.2.X\main.asm
                CAMBIAR_0   0x0001f5    program     static C:\Users\AngelOrellana\OneDrive\Escritorio\uvg\4toSemestre\PrograDeMicros\Programas_ensamblador\proyecto1.2.X\main.asm
                  CAMBIAR   0x0001f6    program     static C:\Users\AngelOrellana\OneDrive\Escritorio\uvg\4toSemestre\PrograDeMicros\Programas_ensamblador\proyecto1.2.X\main.asm
       DECREMENTAR_MINUTE   0x0001f8    program     static C:\Users\AngelOrellana\OneDrive\Escritorio\uvg\4toSemestre\PrograDeMicros\Programas_ensamblador\proyecto1.2.X\main.asm
              EDIT_MINUTE   0x0001f8    program     static C:\Users\AngelOrellana\OneDrive\Escritorio\uvg\4toSemestre\PrograDeMicros\Programas_ensamblador\proyecto1.2.X\main.asm
CORREGIR_BCD_MINUTO_EDITAR   0x000203    program     static C:\Users\AngelOrellana\OneDrive\Escritorio\uvg\4toSemestre\PrograDeMicros\Programas_ensamblador\proyecto1.2.X\main.asm
       INCREMENTAR_MINUTE   0x00020a    program     static C:\Users\AngelOrellana\OneDrive\Escritorio\uvg\4toSemestre\PrograDeMicros\Programas_ensamblador\proyecto1.2.X\main.asm
VERIFICAR_OVERFLOW_MINUTO_EDITAR   0x000216    program     static C:\Users\AngelOrellana\OneDrive\Escritorio\uvg\4toSemestre\PrograDeMicros\Programas_ensamblador\proyecto1.2.X\main.asm
                EDIT_HOUR   0x00021b    program     static C:\Users\AngelOrellana\OneDrive\Escritorio\uvg\4toSemestre\PrograDeMicros\Programas_ensamblador\proyecto1.2.X\main.asm
 CORREGIR_BCD_HORA_EDITAR   0x000226    program     static C:\Users\AngelOrellana\OneDrive\Escritorio\uvg\4toSemestre\PrograDeMicros\Programas_ensamblador\proyecto1.2.X\main.asm
         INCREMENTAR_HOUR   0x00022d    program     static C:\Users\AngelOrellana\OneDrive\Escritorio\uvg\4toSemestre\PrograDeMicros\Programas_ensamblador\proyecto1.2.X\main.asm
VERIFICAR_OVERFLOW_HORA_EDITAR   0x000239    program     static C:\Users\AngelOrellana\OneDrive\Escritorio\uvg\4toSemestre\PrograDeMicros\Programas_ensamblador\proyecto1.2.X\main.asm
                    SALIR   0x00023d    program     static C:\Users\AngelOrellana\OneDrive\Escritorio\uvg\4toSemestre\PrograDeMicros\Programas_ensamblador\proyecto1.2.X\main.asm
             EDITAR_FECHA   0x00024c    program     static C:\Users\AngelOrellana\OneDrive\Escritorio\uvg\4toSemestre\PrograDeMicros\Programas_ensamblador\proyecto1.2.X\main.asm
SI_YA_SE_ENTRO_ANTES_FECHA   0x00025b    program     static C:\Users\AngelOrellana\OneDrive\Escritorio\uvg\4toSemestre\PrograDeMicros\Programas_ensamblador\proyecto1.2.X\main.asm
                CAMBIAR_1   0x000264    program     static C:\Users\AngelOrellana\OneDrive\Escritorio\uvg\4toSemestre\PrograDeMicros\Programas_ensamblador\proyecto1.2.X\main.asm
            CAMBIAR_FECHA   0x000265    program     static C:\Users\AngelOrellana\OneDrive\Escritorio\uvg\4toSemestre\PrograDeMicros\Programas_ensamblador\proyecto1.2.X\main.asm
           DECISION_FECHA   0x00026d    program     static C:\Users\AngelOrellana\OneDrive\Escritorio\uvg\4toSemestre\PrograDeMicros\Programas_ensamblador\proyecto1.2.X\main.asm
                 EDIT_DAY   0x000270    program     static C:\Users\AngelOrellana\OneDrive\Escritorio\uvg\4toSemestre\PrograDeMicros\Programas_ensamblador\proyecto1.2.X\main.asm
          DECREMENTAR_DAY   0x000270    program     static C:\Users\AngelOrellana\OneDrive\Escritorio\uvg\4toSemestre\PrograDeMicros\Programas_ensamblador\proyecto1.2.X\main.asm
  CORREGIR_BCD_DIA_EDITAR   0x000279    program     static C:\Users\AngelOrellana\OneDrive\Escritorio\uvg\4toSemestre\PrograDeMicros\Programas_ensamblador\proyecto1.2.X\main.asm
          INCREMENTAR_DAY   0x000280    program     static C:\Users\AngelOrellana\OneDrive\Escritorio\uvg\4toSemestre\PrograDeMicros\Programas_ensamblador\proyecto1.2.X\main.asm
             OVERFLOW_DIA   0x00028c    program     static C:\Users\AngelOrellana\OneDrive\Escritorio\uvg\4toSemestre\PrograDeMicros\Programas_ensamblador\proyecto1.2.X\main.asm
               EDIT_MONTH   0x000293    program     static C:\Users\AngelOrellana\OneDrive\Escritorio\uvg\4toSemestre\PrograDeMicros\Programas_ensamblador\proyecto1.2.X\main.asm
  CORREGIR_BCD_MES_EDITAR   0x00029f    program     static C:\Users\AngelOrellana\OneDrive\Escritorio\uvg\4toSemestre\PrograDeMicros\Programas_ensamblador\proyecto1.2.X\main.asm
        INCREMENTAR_MONTH   0x0002a6    program     static C:\Users\AngelOrellana\OneDrive\Escritorio\uvg\4toSemestre\PrograDeMicros\Programas_ensamblador\proyecto1.2.X\main.asm
CORREGIR_BCD_MES_INCREMENTAR   0x0002b3    program     static C:\Users\AngelOrellana\OneDrive\Escritorio\uvg\4toSemestre\PrograDeMicros\Programas_ensamblador\proyecto1.2.X\main.asm
              SALIR_FECHA   0x0002ba    program     static C:\Users\AngelOrellana\OneDrive\Escritorio\uvg\4toSemestre\PrograDeMicros\Programas_ensamblador\proyecto1.2.X\main.asm
      EDITAR_TEMPORIZADOR   0x0002c9    program     static C:\Users\AngelOrellana\OneDrive\Escritorio\uvg\4toSemestre\PrograDeMicros\Programas_ensamblador\proyecto1.2.X\main.asm
              IF_NOT_CERO   0x0002db    program     static C:\Users\AngelOrellana\OneDrive\Escritorio\uvg\4toSemestre\PrograDeMicros\Programas_ensamblador\proyecto1.2.X\main.asm
                 CONTINUE   0x0002dd    program     static C:\Users\AngelOrellana\OneDrive\Escritorio\uvg\4toSemestre\PrograDeMicros\Programas_ensamblador\proyecto1.2.X\main.asm
SI_YA_SE_ENTRO_ANTES_TEMPORIZADO   0x0002e5    program     static C:\Users\AngelOrellana\OneDrive\Escritorio\uvg\4toSemestre\PrograDeMicros\Programas_ensamblador\proyecto1.2.X\main.asm
   CAMBIAR_0_TEMPORIZADOR   0x0002ee    program     static C:\Users\AngelOrellana\OneDrive\Escritorio\uvg\4toSemestre\PrograDeMicros\Programas_ensamblador\proyecto1.2.X\main.asm
     CAMBIAR_TEMPORIZADOR   0x0002ef    program     static C:\Users\AngelOrellana\OneDrive\Escritorio\uvg\4toSemestre\PrograDeMicros\Programas_ensamblador\proyecto1.2.X\main.asm
       DECREMENTAR_SECOND   0x0002f1    program     static C:\Users\AngelOrellana\OneDrive\Escritorio\uvg\4toSemestre\PrograDeMicros\Programas_ensamblador\proyecto1.2.X\main.asm
              EDIT_SECOND   0x0002f1    program     static C:\Users\AngelOrellana\OneDrive\Escritorio\uvg\4toSemestre\PrograDeMicros\Programas_ensamblador\proyecto1.2.X\main.asm
CORREGIR_BCD_TEMP_SEG_DEC   0x000300    program     static C:\Users\AngelOrellana\OneDrive\Escritorio\uvg\4toSemestre\PrograDeMicros\Programas_ensamblador\proyecto1.2.X\main.asm
CORREGIR_BCD_SEGUNDO_TEMPORIZADO   0x000306    program     static C:\Users\AngelOrellana\OneDrive\Escritorio\uvg\4toSemestre\PrograDeMicros\Programas_ensamblador\proyecto1.2.X\main.asm
       INCREMENTAR_SECOND   0x00030d    program     static C:\Users\AngelOrellana\OneDrive\Escritorio\uvg\4toSemestre\PrograDeMicros\Programas_ensamblador\proyecto1.2.X\main.asm
CORREGIR_BCD_TEMP_SEG_INC   0x00031c    program     static C:\Users\AngelOrellana\OneDrive\Escritorio\uvg\4toSemestre\PrograDeMicros\Programas_ensamblador\proyecto1.2.X\main.asm
VERIFICAR_OVERFLOW_SEGUNDOS_TEMP   0x000323    program     static C:\Users\AngelOrellana\OneDrive\Escritorio\uvg\4toSemestre\PrograDeMicros\Programas_ensamblador\proyecto1.2.X\main.asm
 EDIT_MINUTE_TEMPORIZADOR   0x000328    program     static C:\Users\AngelOrellana\OneDrive\Escritorio\uvg\4toSemestre\PrograDeMicros\Programas_ensamblador\proyecto1.2.X\main.asm
                VER_PORTB   0x000332    program     static C:\Users\AngelOrellana\OneDrive\Escritorio\uvg\4toSemestre\PrograDeMicros\Programas_ensamblador\proyecto1.2.X\main.asm
CORREGIR_BCD_MINUTOS_TEMPORIZADO   0x00033d    program     static C:\Users\AngelOrellana\OneDrive\Escritorio\uvg\4toSemestre\PrograDeMicros\Programas_ensamblador\proyecto1.2.X\main.asm
INCREMENTAR_MINUTE_TEMPORIZADOR   0x000344    program     static C:\Users\AngelOrellana\OneDrive\Escritorio\uvg\4toSemestre\PrograDeMicros\Programas_ensamblador\proyecto1.2.X\main.asm
VERIFICAR_OVERFLOW_MINUTOS_EDITA   0x000350    program     static C:\Users\AngelOrellana\OneDrive\Escritorio\uvg\4toSemestre\PrograDeMicros\Programas_ensamblador\proyecto1.2.X\main.asm
       SALIR_TEMPORIZADOR   0x000354    program     static C:\Users\AngelOrellana\OneDrive\Escritorio\uvg\4toSemestre\PrograDeMicros\Programas_ensamblador\proyecto1.2.X\main.asm
                 DELAY_US   0x000363    program     static C:\Users\AngelOrellana\OneDrive\Escritorio\uvg\4toSemestre\PrograDeMicros\Programas_ensamblador\proyecto1.2.X\main.asm
          _MAIN_PROG_02BE   0x000366    program     static C:\Users\AngelOrellana\OneDrive\Escritorio\uvg\4toSemestre\PrograDeMicros\Programas_ensamblador\proyecto1.2.X\main.asm
               CUENTATMR0   0x000020       data     static C:\Users\AngelOrellana\OneDrive\Escritorio\uvg\4toSemestre\PrograDeMicros\Programas_ensamblador\proyecto1.2.X\main.asm
                CUENTALED   0x000021       data     static C:\Users\AngelOrellana\OneDrive\Escritorio\uvg\4toSemestre\PrograDeMicros\Programas_ensamblador\proyecto1.2.X\main.asm
            CONTADOR_TMR1   0x000022       data     static C:\Users\AngelOrellana\OneDrive\Escritorio\uvg\4toSemestre\PrograDeMicros\Programas_ensamblador\proyecto1.2.X\main.asm
         TITILAR_DISPLAYS   0x000023       data     static C:\Users\AngelOrellana\OneDrive\Escritorio\uvg\4toSemestre\PrograDeMicros\Programas_ensamblador\proyecto1.2.X\main.asm
          CONTADOR_BUZZER   0x000024       data     static C:\Users\AngelOrellana\OneDrive\Escritorio\uvg\4toSemestre\PrograDeMicros\Programas_ensamblador\proyecto1.2.X\main.asm
            CONTADOR_TMR2   0x000025       data     static C:\Users\AngelOrellana\OneDrive\Escritorio\uvg\4toSemestre\PrograDeMicros\Programas_ensamblador\proyecto1.2.X\main.asm
          CONTADOR_ALARMA   0x000026       data     static C:\Users\AngelOrellana\OneDrive\Escritorio\uvg\4toSemestre\PrograDeMicros\Programas_ensamblador\proyecto1.2.X\main.asm
          SEGUNDOS_ALARMA   0x000027       data     static C:\Users\AngelOrellana\OneDrive\Escritorio\uvg\4toSemestre\PrograDeMicros\Programas_ensamblador\proyecto1.2.X\main.asm
                    DELAY   0x000028       data     static C:\Users\AngelOrellana\OneDrive\Escritorio\uvg\4toSemestre\PrograDeMicros\Programas_ensamblador\proyecto1.2.X\main.asm
          CONTROL_DISPLAY   0x000029       data     static C:\Users\AngelOrellana\OneDrive\Escritorio\uvg\4toSemestre\PrograDeMicros\Programas_ensamblador\proyecto1.2.X\main.asm
                    FLAGS   0x00002a       data     static C:\Users\AngelOrellana\OneDrive\Escritorio\uvg\4toSemestre\PrograDeMicros\Programas_ensamblador\proyecto1.2.X\main.asm
                   OPCION   0x00002b       data     static C:\Users\AngelOrellana\OneDrive\Escritorio\uvg\4toSemestre\PrograDeMicros\Programas_ensamblador\proyecto1.2.X\main.asm
             PORTB_ACTUAL   0x00002c       data     static C:\Users\AngelOrellana\OneDrive\Escritorio\uvg\4toSemestre\PrograDeMicros\Programas_ensamblador\proyecto1.2.X\main.asm
           PORTB_ANTERIOR   0x00002d       data     static C:\Users\AngelOrellana\OneDrive\Escritorio\uvg\4toSemestre\PrograDeMicros\Programas_ensamblador\proyecto1.2.X\main.asm
                 SEGUNDOS   0x00002e       data     static C:\Users\AngelOrellana\OneDrive\Escritorio\uvg\4toSemestre\PrograDeMicros\Programas_ensamblador\proyecto1.2.X\main.asm
                  MINUTOS   0x00002f       data     static C:\Users\AngelOrellana\OneDrive\Escritorio\uvg\4toSemestre\PrograDeMicros\Programas_ensamblador\proyecto1.2.X\main.asm
                    HORAS   0x000030       data     static C:\Users\AngelOrellana\OneDrive\Escritorio\uvg\4toSemestre\PrograDeMicros\Programas_ensamblador\proyecto1.2.X\main.asm
            MINUTO_EDITAR   0x000031       data     static C:\Users\AngelOrellana\OneDrive\Escritorio\uvg\4toSemestre\PrograDeMicros\Programas_ensamblador\proyecto1.2.X\main.asm
              HORA_EDITAR   0x000032       data     static C:\Users\AngelOrellana\OneDrive\Escritorio\uvg\4toSemestre\PrograDeMicros\Programas_ensamblador\proyecto1.2.X\main.asm
                  MES_BCD   0x000033       data     static C:\Users\AngelOrellana\OneDrive\Escritorio\uvg\4toSemestre\PrograDeMicros\Programas_ensamblador\proyecto1.2.X\main.asm
                  MES_BIN   0x000034       data     static C:\Users\AngelOrellana\OneDrive\Escritorio\uvg\4toSemestre\PrograDeMicros\Programas_ensamblador\proyecto1.2.X\main.asm
                      DIA   0x000035       data     static C:\Users\AngelOrellana\OneDrive\Escritorio\uvg\4toSemestre\PrograDeMicros\Programas_ensamblador\proyecto1.2.X\main.asm
                  DIA_MAX   0x000036       data     static C:\Users\AngelOrellana\OneDrive\Escritorio\uvg\4toSemestre\PrograDeMicros\Programas_ensamblador\proyecto1.2.X\main.asm
           MES_BCD_EDITAR   0x000037       data     static C:\Users\AngelOrellana\OneDrive\Escritorio\uvg\4toSemestre\PrograDeMicros\Programas_ensamblador\proyecto1.2.X\main.asm
           MES_BIN_EDITAR   0x000038       data     static C:\Users\AngelOrellana\OneDrive\Escritorio\uvg\4toSemestre\PrograDeMicros\Programas_ensamblador\proyecto1.2.X\main.asm
               DIA_EDITAR   0x000039       data     static C:\Users\AngelOrellana\OneDrive\Escritorio\uvg\4toSemestre\PrograDeMicros\Programas_ensamblador\proyecto1.2.X\main.asm
    SEGUNDOS_TEMPORIZADOR   0x00003a       data     static C:\Users\AngelOrellana\OneDrive\Escritorio\uvg\4toSemestre\PrograDeMicros\Programas_ensamblador\proyecto1.2.X\main.asm
     MINUTOS_TEMPORIZADOR   0x00003b       data     static C:\Users\AngelOrellana\OneDrive\Escritorio\uvg\4toSemestre\PrograDeMicros\Programas_ensamblador\proyecto1.2.X\main.asm
SEGUNDOS_TEMPORIZADOR_EDITAR   0x00003c       data     static C:\Users\AngelOrellana\OneDrive\Escritorio\uvg\4toSemestre\PrograDeMicros\Programas_ensamblador\proyecto1.2.X\main.asm
MINUTOS_TEMPORIZADOR_EDITAR   0x00003d       data     static C:\Users\AngelOrellana\OneDrive\Escritorio\uvg\4toSemestre\PrograDeMicros\Programas_ensamblador\proyecto1.2.X\main.asm
                SAVE_TEMP   0x00003e       data     static C:\Users\AngelOrellana\OneDrive\Escritorio\uvg\4toSemestre\PrograDeMicros\Programas_ensamblador\proyecto1.2.X\main.asm
                     WRAM   0x00003f       data     static C:\Users\AngelOrellana\OneDrive\Escritorio\uvg\4toSemestre\PrograDeMicros\Programas_ensamblador\proyecto1.2.X\main.asm
                STATUSRAM   0x000040       data     static C:\Users\AngelOrellana\OneDrive\Escritorio\uvg\4toSemestre\PrograDeMicros\Programas_ensamblador\proyecto1.2.X\main.asm
                DISPLAY_1   0x000041       data     static C:\Users\AngelOrellana\OneDrive\Escritorio\uvg\4toSemestre\PrograDeMicros\Programas_ensamblador\proyecto1.2.X\main.asm
                DISPLAY_2   0x000042       data     static C:\Users\AngelOrellana\OneDrive\Escritorio\uvg\4toSemestre\PrograDeMicros\Programas_ensamblador\proyecto1.2.X\main.asm


