MPLINK 5.09, LINKER
Linker Map File - Created Fri Aug 07 16:32:10 2020

                                 Section Info
                  Section       Type    Address   Location Size(Bytes)
                ---------  ---------  ---------  ---------  ---------
                 RES_VECT       code   0x000000    program   0x000002
                   .cinit    romdata   0x000001    program   0x000004
                MAIN_PROG       code   0x000003    program   0x00008c
.config_2007_BUILD/DEFAULT/PRODUCTION/MAIN.O       code   0x002007    program   0x000002
.config_2008_BUILD/DEFAULT/PRODUCTION/MAIN.O       code   0x002008    program   0x000002
                VARIABLES      udata   0x000020       data   0x000006



                              Program Memory Usage 
                               Start         End      
                           ---------   ---------      
                            0x000000    0x000048      
                            0x002007    0x002008      
            75 out of 8455 program addresses used, program memory utilization is 0%



                              Symbols - Sorted by Name
                     Name    Address   Location    Storage File                     
                ---------  ---------  ---------  --------- ---------                
                     CONF   0x000003    program     static D:\programacion\PIC\lab2.X\main.asm
                 DEC_SUM1   0x000032    program     static D:\programacion\PIC\lab2.X\main.asm
                 DEC_SUM2   0x000038    program     static D:\programacion\PIC\lab2.X\main.asm
                DELAY_MED   0x00003e    program     static D:\programacion\PIC\lab2.X\main.asm
              DELAY_SMALL   0x000044    program     static D:\programacion\PIC\lab2.X\main.asm
                 INC_SUM1   0x000028    program     static D:\programacion\PIC\lab2.X\main.asm
                 INC_SUM2   0x00002d    program     static D:\programacion\PIC\lab2.X\main.asm
                     LOOP   0x000012    program     static D:\programacion\PIC\lab2.X\main.asm
               LOOP_DELAY   0x000040    program     static D:\programacion\PIC\lab2.X\main.asm
                    START   0x000003    program     static D:\programacion\PIC\lab2.X\main.asm
                 SUM_VARS   0x000023    program     static D:\programacion\PIC\lab2.X\main.asm
          _MAIN_PROG_0044   0x000047    program     static D:\programacion\PIC\lab2.X\main.asm
                CONTADOR1   0x000023       data     static D:\programacion\PIC\lab2.X\main.asm
                CONTADOR2   0x000024       data     static D:\programacion\PIC\lab2.X\main.asm
                    FLAGS   0x000025       data     static D:\programacion\PIC\lab2.X\main.asm
                RESULTADO   0x000022       data     static D:\programacion\PIC\lab2.X\main.asm
                 SUMANDO1   0x000020       data     static D:\programacion\PIC\lab2.X\main.asm
                 SUMANDO2   0x000021       data     static D:\programacion\PIC\lab2.X\main.asm



                              Symbols - Sorted by Address
                     Name    Address   Location    Storage File                     
                ---------  ---------  ---------  --------- ---------                
                     CONF   0x000003    program     static D:\programacion\PIC\lab2.X\main.asm
                    START   0x000003    program     static D:\programacion\PIC\lab2.X\main.asm
                     LOOP   0x000012    program     static D:\programacion\PIC\lab2.X\main.asm
                 SUM_VARS   0x000023    program     static D:\programacion\PIC\lab2.X\main.asm
                 INC_SUM1   0x000028    program     static D:\programacion\PIC\lab2.X\main.asm
                 INC_SUM2   0x00002d    program     static D:\programacion\PIC\lab2.X\main.asm
                 DEC_SUM1   0x000032    program     static D:\programacion\PIC\lab2.X\main.asm
                 DEC_SUM2   0x000038    program     static D:\programacion\PIC\lab2.X\main.asm
                DELAY_MED   0x00003e    program     static D:\programacion\PIC\lab2.X\main.asm
               LOOP_DELAY   0x000040    program     static D:\programacion\PIC\lab2.X\main.asm
              DELAY_SMALL   0x000044    program     static D:\programacion\PIC\lab2.X\main.asm
          _MAIN_PROG_0044   0x000047    program     static D:\programacion\PIC\lab2.X\main.asm
                 SUMANDO1   0x000020       data     static D:\programacion\PIC\lab2.X\main.asm
                 SUMANDO2   0x000021       data     static D:\programacion\PIC\lab2.X\main.asm
                RESULTADO   0x000022       data     static D:\programacion\PIC\lab2.X\main.asm
                CONTADOR1   0x000023       data     static D:\programacion\PIC\lab2.X\main.asm
                CONTADOR2   0x000024       data     static D:\programacion\PIC\lab2.X\main.asm
                    FLAGS   0x000025       data     static D:\programacion\PIC\lab2.X\main.asm


