MPLINK 5.09, LINKER
Linker Map File - Created Mon Oct 05 21:51:33 2020

                                 Section Info
                  Section       Type    Address   Location Size(Bytes)
                ---------  ---------  ---------  ---------  ---------
                 RES_VECT       code   0x000000    program   0x000002
                   .cinit    romdata   0x000001    program   0x000004
                    INTER       code   0x000004    program   0x000018
                MAIN_PROG       code   0x000010    program   0x000060
.config_2007_BUILD/DEFAULT/PRODUCTION/MAIN.O       code   0x002007    program   0x000002
.config_2008_BUILD/DEFAULT/PRODUCTION/MAIN.O       code   0x002008    program   0x000002
                    DATAS      udata   0x000020       data   0x000005



                              Program Memory Usage 
                               Start         End      
                           ---------   ---------      
                            0x000000    0x000002      
                            0x000004    0x00003f      
                            0x002007    0x002008      
            65 out of 8455 program addresses used, program memory utilization is 0%



                              Symbols - Sorted by Name
                     Name    Address   Location    Storage File                     
                ---------  ---------  ---------  --------- ---------                
                     CONF   0x000010    program     static C:\Users\AngelOrellana\OneDrive\Escritorio\uvg\4toSemestre\PrograDeMicros\Programas_ensamblador\Lab7Receiver.X\main.asm
                      ISR   0x000007    program     static C:\Users\AngelOrellana\OneDrive\Escritorio\uvg\4toSemestre\PrograDeMicros\Programas_ensamblador\Lab7Receiver.X\main.asm
                     LOAD   0x00000b    program     static C:\Users\AngelOrellana\OneDrive\Escritorio\uvg\4toSemestre\PrograDeMicros\Programas_ensamblador\Lab7Receiver.X\main.asm
                     LOOP   0x000024    program     static C:\Users\AngelOrellana\OneDrive\Escritorio\uvg\4toSemestre\PrograDeMicros\Programas_ensamblador\Lab7Receiver.X\main.asm
                     SAVE   0x000004    program     static C:\Users\AngelOrellana\OneDrive\Escritorio\uvg\4toSemestre\PrograDeMicros\Programas_ensamblador\Lab7Receiver.X\main.asm
                    TABLA   0x00002b    program     static C:\Users\AngelOrellana\OneDrive\Escritorio\uvg\4toSemestre\PrograDeMicros\Programas_ensamblador\Lab7Receiver.X\main.asm
                 AUXILIAR   0x000024       data     static C:\Users\AngelOrellana\OneDrive\Escritorio\uvg\4toSemestre\PrograDeMicros\Programas_ensamblador\Lab7Receiver.X\main.asm
                      MUX   0x000021       data     static C:\Users\AngelOrellana\OneDrive\Escritorio\uvg\4toSemestre\PrograDeMicros\Programas_ensamblador\Lab7Receiver.X\main.asm
               STATUS_RAM   0x000023       data     static C:\Users\AngelOrellana\OneDrive\Escritorio\uvg\4toSemestre\PrograDeMicros\Programas_ensamblador\Lab7Receiver.X\main.asm
                    VALOR   0x000020       data     static C:\Users\AngelOrellana\OneDrive\Escritorio\uvg\4toSemestre\PrograDeMicros\Programas_ensamblador\Lab7Receiver.X\main.asm
                    W_RAM   0x000022       data     static C:\Users\AngelOrellana\OneDrive\Escritorio\uvg\4toSemestre\PrograDeMicros\Programas_ensamblador\Lab7Receiver.X\main.asm



                              Symbols - Sorted by Address
                     Name    Address   Location    Storage File                     
                ---------  ---------  ---------  --------- ---------                
                     SAVE   0x000004    program     static C:\Users\AngelOrellana\OneDrive\Escritorio\uvg\4toSemestre\PrograDeMicros\Programas_ensamblador\Lab7Receiver.X\main.asm
                      ISR   0x000007    program     static C:\Users\AngelOrellana\OneDrive\Escritorio\uvg\4toSemestre\PrograDeMicros\Programas_ensamblador\Lab7Receiver.X\main.asm
                     LOAD   0x00000b    program     static C:\Users\AngelOrellana\OneDrive\Escritorio\uvg\4toSemestre\PrograDeMicros\Programas_ensamblador\Lab7Receiver.X\main.asm
                     CONF   0x000010    program     static C:\Users\AngelOrellana\OneDrive\Escritorio\uvg\4toSemestre\PrograDeMicros\Programas_ensamblador\Lab7Receiver.X\main.asm
                     LOOP   0x000024    program     static C:\Users\AngelOrellana\OneDrive\Escritorio\uvg\4toSemestre\PrograDeMicros\Programas_ensamblador\Lab7Receiver.X\main.asm
                    TABLA   0x00002b    program     static C:\Users\AngelOrellana\OneDrive\Escritorio\uvg\4toSemestre\PrograDeMicros\Programas_ensamblador\Lab7Receiver.X\main.asm
                    VALOR   0x000020       data     static C:\Users\AngelOrellana\OneDrive\Escritorio\uvg\4toSemestre\PrograDeMicros\Programas_ensamblador\Lab7Receiver.X\main.asm
                      MUX   0x000021       data     static C:\Users\AngelOrellana\OneDrive\Escritorio\uvg\4toSemestre\PrograDeMicros\Programas_ensamblador\Lab7Receiver.X\main.asm
                    W_RAM   0x000022       data     static C:\Users\AngelOrellana\OneDrive\Escritorio\uvg\4toSemestre\PrograDeMicros\Programas_ensamblador\Lab7Receiver.X\main.asm
               STATUS_RAM   0x000023       data     static C:\Users\AngelOrellana\OneDrive\Escritorio\uvg\4toSemestre\PrograDeMicros\Programas_ensamblador\Lab7Receiver.X\main.asm
                 AUXILIAR   0x000024       data     static C:\Users\AngelOrellana\OneDrive\Escritorio\uvg\4toSemestre\PrograDeMicros\Programas_ensamblador\Lab7Receiver.X\main.asm


