MPLINK 5.09, LINKER
Linker Map File - Created Tue Sep 01 15:21:38 2020

                                 Section Info
                  Section       Type    Address   Location Size(Bytes)
                ---------  ---------  ---------  ---------  ---------
                 RES_VECT       code   0x000000    program   0x000002
                   .cinit    romdata   0x000001    program   0x000004
                    INTER       code   0x000004    program   0x000094
                MAIN_PROG       code   0x00004e    program   0x00008e
.config_2007_BUILD/DEFAULT/DEBUG/MAIN.O       code   0x002007    program   0x000002
.config_2008_BUILD/DEFAULT/DEBUG/MAIN.O       code   0x002008    program   0x000002



                              Program Memory Usage 
                               Start         End      
                           ---------   ---------      
                            0x000000    0x000002      
                            0x000004    0x000094      
                            0x002007    0x002008      
            150 out of 8455 program addresses used, program memory utilization is 1%



                              Symbols - Sorted by Name
                     Name    Address   Location    Storage File                     
                ---------  ---------  ---------  --------- ---------                
                 INT_TMR0   0x00002a    program     static C:\Users\AngelOrellana\OneDrive\Escritorio\uvg\4toSemestre\PrograDeMicros\Laboratorios\ProgramacionPic\Lab5.X\main.asm
                 INT_TMR1   0x000007    program     static C:\Users\AngelOrellana\OneDrive\Escritorio\uvg\4toSemestre\PrograDeMicros\Laboratorios\ProgramacionPic\Lab5.X\main.asm
                 INT_TMR2   0x00003a    program     static C:\Users\AngelOrellana\OneDrive\Escritorio\uvg\4toSemestre\PrograDeMicros\Laboratorios\ProgramacionPic\Lab5.X\main.asm
                     LOAD   0x000049    program     static C:\Users\AngelOrellana\OneDrive\Escritorio\uvg\4toSemestre\PrograDeMicros\Laboratorios\ProgramacionPic\Lab5.X\main.asm
                     LOOP   0x000073    program     static C:\Users\AngelOrellana\OneDrive\Escritorio\uvg\4toSemestre\PrograDeMicros\Laboratorios\ProgramacionPic\Lab5.X\main.asm
             RESET_TIMERS   0x000088    program     static C:\Users\AngelOrellana\OneDrive\Escritorio\uvg\4toSemestre\PrograDeMicros\Laboratorios\ProgramacionPic\Lab5.X\main.asm
                 RST_TMR1   0x00008d    program     static C:\Users\AngelOrellana\OneDrive\Escritorio\uvg\4toSemestre\PrograDeMicros\Laboratorios\ProgramacionPic\Lab5.X\main.asm
                     SAVE   0x000004    program     static C:\Users\AngelOrellana\OneDrive\Escritorio\uvg\4toSemestre\PrograDeMicros\Laboratorios\ProgramacionPic\Lab5.X\main.asm
                    START   0x00004e    program     static C:\Users\AngelOrellana\OneDrive\Escritorio\uvg\4toSemestre\PrograDeMicros\Laboratorios\ProgramacionPic\Lab5.X\main.asm
                    TABLA   0x000079    program     static C:\Users\AngelOrellana\OneDrive\Escritorio\uvg\4toSemestre\PrograDeMicros\Laboratorios\ProgramacionPic\Lab5.X\main.asm



                              Symbols - Sorted by Address
                     Name    Address   Location    Storage File                     
                ---------  ---------  ---------  --------- ---------                
                     SAVE   0x000004    program     static C:\Users\AngelOrellana\OneDrive\Escritorio\uvg\4toSemestre\PrograDeMicros\Laboratorios\ProgramacionPic\Lab5.X\main.asm
                 INT_TMR1   0x000007    program     static C:\Users\AngelOrellana\OneDrive\Escritorio\uvg\4toSemestre\PrograDeMicros\Laboratorios\ProgramacionPic\Lab5.X\main.asm
                 INT_TMR0   0x00002a    program     static C:\Users\AngelOrellana\OneDrive\Escritorio\uvg\4toSemestre\PrograDeMicros\Laboratorios\ProgramacionPic\Lab5.X\main.asm
                 INT_TMR2   0x00003a    program     static C:\Users\AngelOrellana\OneDrive\Escritorio\uvg\4toSemestre\PrograDeMicros\Laboratorios\ProgramacionPic\Lab5.X\main.asm
                     LOAD   0x000049    program     static C:\Users\AngelOrellana\OneDrive\Escritorio\uvg\4toSemestre\PrograDeMicros\Laboratorios\ProgramacionPic\Lab5.X\main.asm
                    START   0x00004e    program     static C:\Users\AngelOrellana\OneDrive\Escritorio\uvg\4toSemestre\PrograDeMicros\Laboratorios\ProgramacionPic\Lab5.X\main.asm
                     LOOP   0x000073    program     static C:\Users\AngelOrellana\OneDrive\Escritorio\uvg\4toSemestre\PrograDeMicros\Laboratorios\ProgramacionPic\Lab5.X\main.asm
                    TABLA   0x000079    program     static C:\Users\AngelOrellana\OneDrive\Escritorio\uvg\4toSemestre\PrograDeMicros\Laboratorios\ProgramacionPic\Lab5.X\main.asm
             RESET_TIMERS   0x000088    program     static C:\Users\AngelOrellana\OneDrive\Escritorio\uvg\4toSemestre\PrograDeMicros\Laboratorios\ProgramacionPic\Lab5.X\main.asm
                 RST_TMR1   0x00008d    program     static C:\Users\AngelOrellana\OneDrive\Escritorio\uvg\4toSemestre\PrograDeMicros\Laboratorios\ProgramacionPic\Lab5.X\main.asm


