MPLINK 5.09, LINKER
Linker Map File - Created Mon Sep 14 21:59:20 2020

                                 Section Info
                  Section       Type    Address   Location Size(Bytes)
                ---------  ---------  ---------  ---------  ---------
                 RES_VECT       code   0x000000    program   0x000002
                   .cinit    romdata   0x000001    program   0x000004
            INTERRUPT_VEC       code   0x000004    program   0x00014e
                MAIN_PROG       code   0x0000ab    program   0x000628
.config_2007_BUILD/DEFAULT/PRODUCTION/MAIN.O       code   0x002007    program   0x000002
.config_2008_BUILD/DEFAULT/PRODUCTION/MAIN.O       code   0x002008    program   0x000002
                    DATOS      udata   0x000020       data   0x000021



                              Program Memory Usage 
                               Start         End      
                           ---------   ---------      
                            0x000000    0x000002      
                            0x000004    0x0003be      
                            0x002007    0x002008      
            960 out of 8455 program addresses used, program memory utilization is 11%



                              Symbols - Sorted by Name
                     Name    Address   Location    Storage File                     
                ---------  ---------  ---------  --------- ---------                
                  CAMBIAR   0x000274    program     static C:\Users\AngelOrellana\OneDrive\Escritorio\uvg\4toSemestre\PrograDeMicros\Programas_ensamblador\Proyecto1.X\main.asm
                CAMBIAR_0   0x000273    program     static C:\Users\AngelOrellana\OneDrive\Escritorio\uvg\4toSemestre\PrograDeMicros\Programas_ensamblador\Proyecto1.X\main.asm
   CAMBIAR_0_TEMPORIZADOR   0x000363    program     static C:\Users\AngelOrellana\OneDrive\Escritorio\uvg\4toSemestre\PrograDeMicros\Programas_ensamblador\Proyecto1.X\main.asm
                CAMBIAR_1   0x0002e2    program     static C:\Users\AngelOrellana\OneDrive\Escritorio\uvg\4toSemestre\PrograDeMicros\Programas_ensamblador\Proyecto1.X\main.asm
            CAMBIAR_FECHA   0x0002e3    program     static C:\Users\AngelOrellana\OneDrive\Escritorio\uvg\4toSemestre\PrograDeMicros\Programas_ensamblador\Proyecto1.X\main.asm
     CAMBIAR_TEMPORIZADOR   0x000364    program     static C:\Users\AngelOrellana\OneDrive\Escritorio\uvg\4toSemestre\PrograDeMicros\Programas_ensamblador\Proyecto1.X\main.asm
           CONTAR_SEGUNDO   0x000044    program     static C:\Users\AngelOrellana\OneDrive\Escritorio\uvg\4toSemestre\PrograDeMicros\Programas_ensamblador\Proyecto1.X\main.asm
                 CONTINUE   0x000352    program     static C:\Users\AngelOrellana\OneDrive\Escritorio\uvg\4toSemestre\PrograDeMicros\Programas_ensamblador\Proyecto1.X\main.asm
          CORRECCION_HORA   0x000255    program     static C:\Users\AngelOrellana\OneDrive\Escritorio\uvg\4toSemestre\PrograDeMicros\Programas_ensamblador\Proyecto1.X\main.asm
  CORREGIR_BCD_DIA_EDITAR   0x0002f7    program     static C:\Users\AngelOrellana\OneDrive\Escritorio\uvg\4toSemestre\PrograDeMicros\Programas_ensamblador\Proyecto1.X\main.asm
 CORREGIR_BCD_HORA_EDITAR   0x0002a4    program     static C:\Users\AngelOrellana\OneDrive\Escritorio\uvg\4toSemestre\PrograDeMicros\Programas_ensamblador\Proyecto1.X\main.asm
  CORREGIR_BCD_MES_EDITAR   0x00031d    program     static C:\Users\AngelOrellana\OneDrive\Escritorio\uvg\4toSemestre\PrograDeMicros\Programas_ensamblador\Proyecto1.X\main.asm
CORREGIR_BCD_MES_INCREMENTAR   0x000331    program     static C:\Users\AngelOrellana\OneDrive\Escritorio\uvg\4toSemestre\PrograDeMicros\Programas_ensamblador\Proyecto1.X\main.asm
CORREGIR_BCD_MINUTOS_TEMPORIZADO   0x000394    program     static C:\Users\AngelOrellana\OneDrive\Escritorio\uvg\4toSemestre\PrograDeMicros\Programas_ensamblador\Proyecto1.X\main.asm
CORREGIR_BCD_MINUTO_EDITAR   0x000281    program     static C:\Users\AngelOrellana\OneDrive\Escritorio\uvg\4toSemestre\PrograDeMicros\Programas_ensamblador\Proyecto1.X\main.asm
CORREGIR_BCD_SEGUNDO_TEMPORIZADO   0x000371    program     static C:\Users\AngelOrellana\OneDrive\Escritorio\uvg\4toSemestre\PrograDeMicros\Programas_ensamblador\Proyecto1.X\main.asm
           DECISION_FECHA   0x0002eb    program     static C:\Users\AngelOrellana\OneDrive\Escritorio\uvg\4toSemestre\PrograDeMicros\Programas_ensamblador\Proyecto1.X\main.asm
          DECREMENTAR_DAY   0x0002ee    program     static C:\Users\AngelOrellana\OneDrive\Escritorio\uvg\4toSemestre\PrograDeMicros\Programas_ensamblador\Proyecto1.X\main.asm
       DECREMENTAR_MINUTE   0x000276    program     static C:\Users\AngelOrellana\OneDrive\Escritorio\uvg\4toSemestre\PrograDeMicros\Programas_ensamblador\Proyecto1.X\main.asm
DECREMENTAR_MINUTOS_TEMPORIZADOR   0x000087    program     static C:\Users\AngelOrellana\OneDrive\Escritorio\uvg\4toSemestre\PrograDeMicros\Programas_ensamblador\Proyecto1.X\main.asm
       DECREMENTAR_SECOND   0x000366    program     static C:\Users\AngelOrellana\OneDrive\Escritorio\uvg\4toSemestre\PrograDeMicros\Programas_ensamblador\Proyecto1.X\main.asm
  DEC_MINUTO_TEMPORIZADOR   0x00021a    program     static C:\Users\AngelOrellana\OneDrive\Escritorio\uvg\4toSemestre\PrograDeMicros\Programas_ensamblador\Proyecto1.X\main.asm
                 DELAY_US   0x0003ba    program     static C:\Users\AngelOrellana\OneDrive\Escritorio\uvg\4toSemestre\PrograDeMicros\Programas_ensamblador\Proyecto1.X\main.asm
                    DIA_1   0x000177    program     static C:\Users\AngelOrellana\OneDrive\Escritorio\uvg\4toSemestre\PrograDeMicros\Programas_ensamblador\Proyecto1.X\main.asm
             DIA_1_EDITAR   0x0001da    program     static C:\Users\AngelOrellana\OneDrive\Escritorio\uvg\4toSemestre\PrograDeMicros\Programas_ensamblador\Proyecto1.X\main.asm
      DIA_1_EDITAR_NORMAL   0x0001de    program     static C:\Users\AngelOrellana\OneDrive\Escritorio\uvg\4toSemestre\PrograDeMicros\Programas_ensamblador\Proyecto1.X\main.asm
                    DIA_2   0x00017b    program     static C:\Users\AngelOrellana\OneDrive\Escritorio\uvg\4toSemestre\PrograDeMicros\Programas_ensamblador\Proyecto1.X\main.asm
             DIA_2_EDITAR   0x0001e2    program     static C:\Users\AngelOrellana\OneDrive\Escritorio\uvg\4toSemestre\PrograDeMicros\Programas_ensamblador\Proyecto1.X\main.asm
      DIA_2_EDITAR_NORMAL   0x0001e6    program     static C:\Users\AngelOrellana\OneDrive\Escritorio\uvg\4toSemestre\PrograDeMicros\Programas_ensamblador\Proyecto1.X\main.asm
            DISPLAY_FECHA   0x000166    program     static C:\Users\AngelOrellana\OneDrive\Escritorio\uvg\4toSemestre\PrograDeMicros\Programas_ensamblador\Proyecto1.X\main.asm
     DISPLAY_FECHA_EDITAR   0x0001c1    program     static C:\Users\AngelOrellana\OneDrive\Escritorio\uvg\4toSemestre\PrograDeMicros\Programas_ensamblador\Proyecto1.X\main.asm
             DISPLAY_HORA   0x00017f    program     static C:\Users\AngelOrellana\OneDrive\Escritorio\uvg\4toSemestre\PrograDeMicros\Programas_ensamblador\Proyecto1.X\main.asm
      DISPLAY_HORA_EDITAR   0x000198    program     static C:\Users\AngelOrellana\OneDrive\Escritorio\uvg\4toSemestre\PrograDeMicros\Programas_ensamblador\Proyecto1.X\main.asm
     DISPLAY_TEMPORIZADOR   0x00014d    program     static C:\Users\AngelOrellana\OneDrive\Escritorio\uvg\4toSemestre\PrograDeMicros\Programas_ensamblador\Proyecto1.X\main.asm
DISPLAY_TEMPORIZADOR_EDITAR   0x0001ea    program     static C:\Users\AngelOrellana\OneDrive\Escritorio\uvg\4toSemestre\PrograDeMicros\Programas_ensamblador\Proyecto1.X\main.asm
           EDITANDO_FECHA   0x000065    program     static C:\Users\AngelOrellana\OneDrive\Escritorio\uvg\4toSemestre\PrograDeMicros\Programas_ensamblador\Proyecto1.X\main.asm
            EDITANDO_HORA   0x00005f    program     static C:\Users\AngelOrellana\OneDrive\Escritorio\uvg\4toSemestre\PrograDeMicros\Programas_ensamblador\Proyecto1.X\main.asm
           EDITANDO_TIMER   0x00006c    program     static C:\Users\AngelOrellana\OneDrive\Escritorio\uvg\4toSemestre\PrograDeMicros\Programas_ensamblador\Proyecto1.X\main.asm
             EDITAR_FECHA   0x0002ca    program     static C:\Users\AngelOrellana\OneDrive\Escritorio\uvg\4toSemestre\PrograDeMicros\Programas_ensamblador\Proyecto1.X\main.asm
              EDITAR_HORA   0x00025d    program     static C:\Users\AngelOrellana\OneDrive\Escritorio\uvg\4toSemestre\PrograDeMicros\Programas_ensamblador\Proyecto1.X\main.asm
      EDITAR_TEMPORIZADOR   0x000347    program     static C:\Users\AngelOrellana\OneDrive\Escritorio\uvg\4toSemestre\PrograDeMicros\Programas_ensamblador\Proyecto1.X\main.asm
                 EDIT_DAY   0x0002ee    program     static C:\Users\AngelOrellana\OneDrive\Escritorio\uvg\4toSemestre\PrograDeMicros\Programas_ensamblador\Proyecto1.X\main.asm
                EDIT_HOUR   0x000299    program     static C:\Users\AngelOrellana\OneDrive\Escritorio\uvg\4toSemestre\PrograDeMicros\Programas_ensamblador\Proyecto1.X\main.asm
              EDIT_MINUTE   0x000276    program     static C:\Users\AngelOrellana\OneDrive\Escritorio\uvg\4toSemestre\PrograDeMicros\Programas_ensamblador\Proyecto1.X\main.asm
 EDIT_MINUTE_TEMPORIZADOR   0x000389    program     static C:\Users\AngelOrellana\OneDrive\Escritorio\uvg\4toSemestre\PrograDeMicros\Programas_ensamblador\Proyecto1.X\main.asm
               EDIT_MONTH   0x000311    program     static C:\Users\AngelOrellana\OneDrive\Escritorio\uvg\4toSemestre\PrograDeMicros\Programas_ensamblador\Proyecto1.X\main.asm
              EDIT_SECOND   0x000366    program     static C:\Users\AngelOrellana\OneDrive\Escritorio\uvg\4toSemestre\PrograDeMicros\Programas_ensamblador\Proyecto1.X\main.asm
        ESTABLECER_OPCION   0x000102    program     static C:\Users\AngelOrellana\OneDrive\Escritorio\uvg\4toSemestre\PrograDeMicros\Programas_ensamblador\Proyecto1.X\main.asm
                  HORAS_1   0x000190    program     static C:\Users\AngelOrellana\OneDrive\Escritorio\uvg\4toSemestre\PrograDeMicros\Programas_ensamblador\Proyecto1.X\main.asm
           HORAS_1_EDITAR   0x0001b1    program     static C:\Users\AngelOrellana\OneDrive\Escritorio\uvg\4toSemestre\PrograDeMicros\Programas_ensamblador\Proyecto1.X\main.asm
    HORAS_1_EDITAR_NORMAL   0x0001b5    program     static C:\Users\AngelOrellana\OneDrive\Escritorio\uvg\4toSemestre\PrograDeMicros\Programas_ensamblador\Proyecto1.X\main.asm
                  HORAS_2   0x000194    program     static C:\Users\AngelOrellana\OneDrive\Escritorio\uvg\4toSemestre\PrograDeMicros\Programas_ensamblador\Proyecto1.X\main.asm
           HORAS_2_EDITAR   0x0001b9    program     static C:\Users\AngelOrellana\OneDrive\Escritorio\uvg\4toSemestre\PrograDeMicros\Programas_ensamblador\Proyecto1.X\main.asm
    HORAS_2_EDITAR_NORMAL   0x0001bd    program     static C:\Users\AngelOrellana\OneDrive\Escritorio\uvg\4toSemestre\PrograDeMicros\Programas_ensamblador\Proyecto1.X\main.asm
              IF_NOT_CERO   0x000351    program     static C:\Users\AngelOrellana\OneDrive\Escritorio\uvg\4toSemestre\PrograDeMicros\Programas_ensamblador\Proyecto1.X\main.asm
          INCREMENTAR_DAY   0x0002fe    program     static C:\Users\AngelOrellana\OneDrive\Escritorio\uvg\4toSemestre\PrograDeMicros\Programas_ensamblador\Proyecto1.X\main.asm
         INCREMENTAR_HOUR   0x0002ab    program     static C:\Users\AngelOrellana\OneDrive\Escritorio\uvg\4toSemestre\PrograDeMicros\Programas_ensamblador\Proyecto1.X\main.asm
       INCREMENTAR_MINUTE   0x000288    program     static C:\Users\AngelOrellana\OneDrive\Escritorio\uvg\4toSemestre\PrograDeMicros\Programas_ensamblador\Proyecto1.X\main.asm
INCREMENTAR_MINUTE_TEMPORIZADOR   0x00039b    program     static C:\Users\AngelOrellana\OneDrive\Escritorio\uvg\4toSemestre\PrograDeMicros\Programas_ensamblador\Proyecto1.X\main.asm
        INCREMENTAR_MONTH   0x000324    program     static C:\Users\AngelOrellana\OneDrive\Escritorio\uvg\4toSemestre\PrograDeMicros\Programas_ensamblador\Proyecto1.X\main.asm
       INCREMENTAR_SECOND   0x000378    program     static C:\Users\AngelOrellana\OneDrive\Escritorio\uvg\4toSemestre\PrograDeMicros\Programas_ensamblador\Proyecto1.X\main.asm
                     LOAD   0x000088    program     static C:\Users\AngelOrellana\OneDrive\Escritorio\uvg\4toSemestre\PrograDeMicros\Programas_ensamblador\Proyecto1.X\main.asm
                     LOOP   0x0000ea    program     static C:\Users\AngelOrellana\OneDrive\Escritorio\uvg\4toSemestre\PrograDeMicros\Programas_ensamblador\Proyecto1.X\main.asm
                    MES_1   0x00016f    program     static C:\Users\AngelOrellana\OneDrive\Escritorio\uvg\4toSemestre\PrograDeMicros\Programas_ensamblador\Proyecto1.X\main.asm
             MES_1_EDITAR   0x0001ca    program     static C:\Users\AngelOrellana\OneDrive\Escritorio\uvg\4toSemestre\PrograDeMicros\Programas_ensamblador\Proyecto1.X\main.asm
      MES_1_EDITAR_NORMAL   0x0001ce    program     static C:\Users\AngelOrellana\OneDrive\Escritorio\uvg\4toSemestre\PrograDeMicros\Programas_ensamblador\Proyecto1.X\main.asm
                    MES_2   0x000173    program     static C:\Users\AngelOrellana\OneDrive\Escritorio\uvg\4toSemestre\PrograDeMicros\Programas_ensamblador\Proyecto1.X\main.asm
             MES_2_EDITAR   0x0001d2    program     static C:\Users\AngelOrellana\OneDrive\Escritorio\uvg\4toSemestre\PrograDeMicros\Programas_ensamblador\Proyecto1.X\main.asm
      MES_2_EDITAR_NORMAL   0x0001d6    program     static C:\Users\AngelOrellana\OneDrive\Escritorio\uvg\4toSemestre\PrograDeMicros\Programas_ensamblador\Proyecto1.X\main.asm
                MINUTOS_1   0x000188    program     static C:\Users\AngelOrellana\OneDrive\Escritorio\uvg\4toSemestre\PrograDeMicros\Programas_ensamblador\Proyecto1.X\main.asm
         MINUTOS_1_EDITAR   0x0001a1    program     static C:\Users\AngelOrellana\OneDrive\Escritorio\uvg\4toSemestre\PrograDeMicros\Programas_ensamblador\Proyecto1.X\main.asm
  MINUTOS_1_EDITAR_NORMAL   0x0001a5    program     static C:\Users\AngelOrellana\OneDrive\Escritorio\uvg\4toSemestre\PrograDeMicros\Programas_ensamblador\Proyecto1.X\main.asm
           MINUTOS_1_TEMP   0x00015e    program     static C:\Users\AngelOrellana\OneDrive\Escritorio\uvg\4toSemestre\PrograDeMicros\Programas_ensamblador\Proyecto1.X\main.asm
                MINUTOS_2   0x00018c    program     static C:\Users\AngelOrellana\OneDrive\Escritorio\uvg\4toSemestre\PrograDeMicros\Programas_ensamblador\Proyecto1.X\main.asm
         MINUTOS_2_EDITAR   0x0001a9    program     static C:\Users\AngelOrellana\OneDrive\Escritorio\uvg\4toSemestre\PrograDeMicros\Programas_ensamblador\Proyecto1.X\main.asm
  MINUTOS_2_EDITAR_NORMAL   0x0001ad    program     static C:\Users\AngelOrellana\OneDrive\Escritorio\uvg\4toSemestre\PrograDeMicros\Programas_ensamblador\Proyecto1.X\main.asm
           MINUTOS_2_TEMP   0x000162    program     static C:\Users\AngelOrellana\OneDrive\Escritorio\uvg\4toSemestre\PrograDeMicros\Programas_ensamblador\Proyecto1.X\main.asm
MINUTOS_TEMPORIZADOR_1_EDITAR   0x000203    program     static C:\Users\AngelOrellana\OneDrive\Escritorio\uvg\4toSemestre\PrograDeMicros\Programas_ensamblador\Proyecto1.X\main.asm
MINUTOS_TEMPORIZADOR_1_EDITAR_NO   0x000207    program     static C:\Users\AngelOrellana\OneDrive\Escritorio\uvg\4toSemestre\PrograDeMicros\Programas_ensamblador\Proyecto1.X\main.asm
MINUTOS_TEMPORIZADOR_2_EDITAR   0x00020b    program     static C:\Users\AngelOrellana\OneDrive\Escritorio\uvg\4toSemestre\PrograDeMicros\Programas_ensamblador\Proyecto1.X\main.asm
MINUTOS_TEMPORIZADOR_2_EDITAR_NO   0x00020f    program     static C:\Users\AngelOrellana\OneDrive\Escritorio\uvg\4toSemestre\PrograDeMicros\Programas_ensamblador\Proyecto1.X\main.asm
                   NORMAL   0x0000f8    program     static C:\Users\AngelOrellana\OneDrive\Escritorio\uvg\4toSemestre\PrograDeMicros\Programas_ensamblador\Proyecto1.X\main.asm
          NO_EDITAR_FECHA   0x00012a    program     static C:\Users\AngelOrellana\OneDrive\Escritorio\uvg\4toSemestre\PrograDeMicros\Programas_ensamblador\Proyecto1.X\main.asm
           NO_EDITAR_HORA   0x00011c    program     static C:\Users\AngelOrellana\OneDrive\Escritorio\uvg\4toSemestre\PrograDeMicros\Programas_ensamblador\Proyecto1.X\main.asm
   NO_EDITAR_TEMPORIZADOR   0x000138    program     static C:\Users\AngelOrellana\OneDrive\Escritorio\uvg\4toSemestre\PrograDeMicros\Programas_ensamblador\Proyecto1.X\main.asm
                 OPCIONES   0x000110    program     static C:\Users\AngelOrellana\OneDrive\Escritorio\uvg\4toSemestre\PrograDeMicros\Programas_ensamblador\Proyecto1.X\main.asm
          OPCIONES_NORMAL   0x00010d    program     static C:\Users\AngelOrellana\OneDrive\Escritorio\uvg\4toSemestre\PrograDeMicros\Programas_ensamblador\Proyecto1.X\main.asm
             OPCION_FECHA   0x000127    program     static C:\Users\AngelOrellana\OneDrive\Escritorio\uvg\4toSemestre\PrograDeMicros\Programas_ensamblador\Proyecto1.X\main.asm
             OPCION_RELOJ   0x000119    program     static C:\Users\AngelOrellana\OneDrive\Escritorio\uvg\4toSemestre\PrograDeMicros\Programas_ensamblador\Proyecto1.X\main.asm
      OPCION_TEMPORIZADOR   0x000135    program     static C:\Users\AngelOrellana\OneDrive\Escritorio\uvg\4toSemestre\PrograDeMicros\Programas_ensamblador\Proyecto1.X\main.asm
             OVERFLOW_DIA   0x00030a    program     static C:\Users\AngelOrellana\OneDrive\Escritorio\uvg\4toSemestre\PrograDeMicros\Programas_ensamblador\Proyecto1.X\main.asm
           PUNTOS_ENMEDIO   0x000032    program     static C:\Users\AngelOrellana\OneDrive\Escritorio\uvg\4toSemestre\PrograDeMicros\Programas_ensamblador\Proyecto1.X\main.asm
                    SALIR   0x0002bb    program     static C:\Users\AngelOrellana\OneDrive\Escritorio\uvg\4toSemestre\PrograDeMicros\Programas_ensamblador\Proyecto1.X\main.asm
              SALIR_FECHA   0x000338    program     static C:\Users\AngelOrellana\OneDrive\Escritorio\uvg\4toSemestre\PrograDeMicros\Programas_ensamblador\Proyecto1.X\main.asm
       SALIR_TEMPORIZADOR   0x0003ab    program     static C:\Users\AngelOrellana\OneDrive\Escritorio\uvg\4toSemestre\PrograDeMicros\Programas_ensamblador\Proyecto1.X\main.asm
                     SAVE   0x000004    program     static C:\Users\AngelOrellana\OneDrive\Escritorio\uvg\4toSemestre\PrograDeMicros\Programas_ensamblador\Proyecto1.X\main.asm
         SEGUIR_NO_EDITAR   0x000142    program     static C:\Users\AngelOrellana\OneDrive\Escritorio\uvg\4toSemestre\PrograDeMicros\Programas_ensamblador\Proyecto1.X\main.asm
          SEGUNDOS_1_TEMP   0x000156    program     static C:\Users\AngelOrellana\OneDrive\Escritorio\uvg\4toSemestre\PrograDeMicros\Programas_ensamblador\Proyecto1.X\main.asm
          SEGUNDOS_2_TEMP   0x00015a    program     static C:\Users\AngelOrellana\OneDrive\Escritorio\uvg\4toSemestre\PrograDeMicros\Programas_ensamblador\Proyecto1.X\main.asm
SEGUNDOS_TEMPORIZADOR_1_EDITAR   0x0001f3    program     static C:\Users\AngelOrellana\OneDrive\Escritorio\uvg\4toSemestre\PrograDeMicros\Programas_ensamblador\Proyecto1.X\main.asm
SEGUNDOS_TEMPORIZADOR_1_EDITAR_N   0x0001f7    program     static C:\Users\AngelOrellana\OneDrive\Escritorio\uvg\4toSemestre\PrograDeMicros\Programas_ensamblador\Proyecto1.X\main.asm
SEGUNDOS_TEMPORIZADOR_2_EDITAR   0x0001fb    program     static C:\Users\AngelOrellana\OneDrive\Escritorio\uvg\4toSemestre\PrograDeMicros\Programas_ensamblador\Proyecto1.X\main.asm
SEGUNDOS_TEMPORIZADOR_2_EDITAR_N   0x0001ff    program     static C:\Users\AngelOrellana\OneDrive\Escritorio\uvg\4toSemestre\PrograDeMicros\Programas_ensamblador\Proyecto1.X\main.asm
              SELECCIONAR   0x000007    program     static C:\Users\AngelOrellana\OneDrive\Escritorio\uvg\4toSemestre\PrograDeMicros\Programas_ensamblador\Proyecto1.X\main.asm
          SI_EDITAR_FECHA   0x00012f    program     static C:\Users\AngelOrellana\OneDrive\Escritorio\uvg\4toSemestre\PrograDeMicros\Programas_ensamblador\Proyecto1.X\main.asm
           SI_EDITAR_HORA   0x000121    program     static C:\Users\AngelOrellana\OneDrive\Escritorio\uvg\4toSemestre\PrograDeMicros\Programas_ensamblador\Proyecto1.X\main.asm
   SI_EDITAR_TEMPORIZADOR   0x000147    program     static C:\Users\AngelOrellana\OneDrive\Escritorio\uvg\4toSemestre\PrograDeMicros\Programas_ensamblador\Proyecto1.X\main.asm
     SI_YA_SE_ENTRO_ANTES   0x00026a    program     static C:\Users\AngelOrellana\OneDrive\Escritorio\uvg\4toSemestre\PrograDeMicros\Programas_ensamblador\Proyecto1.X\main.asm
SI_YA_SE_ENTRO_ANTES_FECHA   0x0002d9    program     static C:\Users\AngelOrellana\OneDrive\Escritorio\uvg\4toSemestre\PrograDeMicros\Programas_ensamblador\Proyecto1.X\main.asm
SI_YA_SE_ENTRO_ANTES_TEMPORIZADO   0x00035a    program     static C:\Users\AngelOrellana\OneDrive\Escritorio\uvg\4toSemestre\PrograDeMicros\Programas_ensamblador\Proyecto1.X\main.asm
             SONAR_BUZZER   0x00001c    program     static C:\Users\AngelOrellana\OneDrive\Escritorio\uvg\4toSemestre\PrograDeMicros\Programas_ensamblador\Proyecto1.X\main.asm
                    START   0x0000ab    program     static C:\Users\AngelOrellana\OneDrive\Escritorio\uvg\4toSemestre\PrograDeMicros\Programas_ensamblador\Proyecto1.X\main.asm
                    TABLA   0x00008d    program     static C:\Users\AngelOrellana\OneDrive\Escritorio\uvg\4toSemestre\PrograDeMicros\Programas_ensamblador\Proyecto1.X\main.asm
              TABLA_MESES   0x000099    program     static C:\Users\AngelOrellana\OneDrive\Escritorio\uvg\4toSemestre\PrograDeMicros\Programas_ensamblador\Proyecto1.X\main.asm
               TITILAR_7S   0x000026    program     static C:\Users\AngelOrellana\OneDrive\Escritorio\uvg\4toSemestre\PrograDeMicros\Programas_ensamblador\Proyecto1.X\main.asm
                 TMR0_INT   0x00000e    program     static C:\Users\AngelOrellana\OneDrive\Escritorio\uvg\4toSemestre\PrograDeMicros\Programas_ensamblador\Proyecto1.X\main.asm
                 TMR1_INT   0x00004b    program     static C:\Users\AngelOrellana\OneDrive\Escritorio\uvg\4toSemestre\PrograDeMicros\Programas_ensamblador\Proyecto1.X\main.asm
                 TMR2_INT   0x000071    program     static C:\Users\AngelOrellana\OneDrive\Escritorio\uvg\4toSemestre\PrograDeMicros\Programas_ensamblador\Proyecto1.X\main.asm
              VALOR_FECHA   0x000222    program     static C:\Users\AngelOrellana\OneDrive\Escritorio\uvg\4toSemestre\PrograDeMicros\Programas_ensamblador\Proyecto1.X\main.asm
                VALOR_MES   0x00022b    program     static C:\Users\AngelOrellana\OneDrive\Escritorio\uvg\4toSemestre\PrograDeMicros\Programas_ensamblador\Proyecto1.X\main.asm
              VALOR_RELOJ   0x000240    program     static C:\Users\AngelOrellana\OneDrive\Escritorio\uvg\4toSemestre\PrograDeMicros\Programas_ensamblador\Proyecto1.X\main.asm
       VALOR_TEMPORIZADOR   0x000213    program     static C:\Users\AngelOrellana\OneDrive\Escritorio\uvg\4toSemestre\PrograDeMicros\Programas_ensamblador\Proyecto1.X\main.asm
VERIFICAR_OVERFLOW_HORA_EDITAR   0x0002b7    program     static C:\Users\AngelOrellana\OneDrive\Escritorio\uvg\4toSemestre\PrograDeMicros\Programas_ensamblador\Proyecto1.X\main.asm
VERIFICAR_OVERFLOW_MINUTOS_EDITA   0x0003a7    program     static C:\Users\AngelOrellana\OneDrive\Escritorio\uvg\4toSemestre\PrograDeMicros\Programas_ensamblador\Proyecto1.X\main.asm
VERIFICAR_OVERFLOW_MINUTO_EDITAR   0x000294    program     static C:\Users\AngelOrellana\OneDrive\Escritorio\uvg\4toSemestre\PrograDeMicros\Programas_ensamblador\Proyecto1.X\main.asm
VERIFICAR_OVERFLOW_SEGUNDOS_TEMP   0x000384    program     static C:\Users\AngelOrellana\OneDrive\Escritorio\uvg\4toSemestre\PrograDeMicros\Programas_ensamblador\Proyecto1.X\main.asm
          _MAIN_PROG_0312   0x0003bd    program     static C:\Users\AngelOrellana\OneDrive\Escritorio\uvg\4toSemestre\PrograDeMicros\Programas_ensamblador\Proyecto1.X\main.asm
          CONTADOR_ALARMA   0x00003f       data     static C:\Users\AngelOrellana\OneDrive\Escritorio\uvg\4toSemestre\PrograDeMicros\Programas_ensamblador\Proyecto1.X\main.asm
          CONTADOR_BUZZER   0x000038       data     static C:\Users\AngelOrellana\OneDrive\Escritorio\uvg\4toSemestre\PrograDeMicros\Programas_ensamblador\Proyecto1.X\main.asm
            CONTADOR_TMR1   0x000036       data     static C:\Users\AngelOrellana\OneDrive\Escritorio\uvg\4toSemestre\PrograDeMicros\Programas_ensamblador\Proyecto1.X\main.asm
            CONTADOR_TMR2   0x00003e       data     static C:\Users\AngelOrellana\OneDrive\Escritorio\uvg\4toSemestre\PrograDeMicros\Programas_ensamblador\Proyecto1.X\main.asm
          CONTROL_DISPLAY   0x000028       data     static C:\Users\AngelOrellana\OneDrive\Escritorio\uvg\4toSemestre\PrograDeMicros\Programas_ensamblador\Proyecto1.X\main.asm
                CUENTALED   0x000021       data     static C:\Users\AngelOrellana\OneDrive\Escritorio\uvg\4toSemestre\PrograDeMicros\Programas_ensamblador\Proyecto1.X\main.asm
               CUENTATMR0   0x000020       data     static C:\Users\AngelOrellana\OneDrive\Escritorio\uvg\4toSemestre\PrograDeMicros\Programas_ensamblador\Proyecto1.X\main.asm
                    DELAY   0x00002f       data     static C:\Users\AngelOrellana\OneDrive\Escritorio\uvg\4toSemestre\PrograDeMicros\Programas_ensamblador\Proyecto1.X\main.asm
                      DIA   0x000025       data     static C:\Users\AngelOrellana\OneDrive\Escritorio\uvg\4toSemestre\PrograDeMicros\Programas_ensamblador\Proyecto1.X\main.asm
               DIA_EDITAR   0x000034       data     static C:\Users\AngelOrellana\OneDrive\Escritorio\uvg\4toSemestre\PrograDeMicros\Programas_ensamblador\Proyecto1.X\main.asm
                  DIA_MAX   0x000039       data     static C:\Users\AngelOrellana\OneDrive\Escritorio\uvg\4toSemestre\PrograDeMicros\Programas_ensamblador\Proyecto1.X\main.asm
                    FLAGS   0x00002d       data     static C:\Users\AngelOrellana\OneDrive\Escritorio\uvg\4toSemestre\PrograDeMicros\Programas_ensamblador\Proyecto1.X\main.asm
                    HORAS   0x000024       data     static C:\Users\AngelOrellana\OneDrive\Escritorio\uvg\4toSemestre\PrograDeMicros\Programas_ensamblador\Proyecto1.X\main.asm
              HORA_EDITAR   0x000031       data     static C:\Users\AngelOrellana\OneDrive\Escritorio\uvg\4toSemestre\PrograDeMicros\Programas_ensamblador\Proyecto1.X\main.asm
                  MES_BCD   0x000026       data     static C:\Users\AngelOrellana\OneDrive\Escritorio\uvg\4toSemestre\PrograDeMicros\Programas_ensamblador\Proyecto1.X\main.asm
           MES_BCD_EDITAR   0x000032       data     static C:\Users\AngelOrellana\OneDrive\Escritorio\uvg\4toSemestre\PrograDeMicros\Programas_ensamblador\Proyecto1.X\main.asm
                  MES_BIN   0x000027       data     static C:\Users\AngelOrellana\OneDrive\Escritorio\uvg\4toSemestre\PrograDeMicros\Programas_ensamblador\Proyecto1.X\main.asm
           MES_BIN_EDITAR   0x000033       data     static C:\Users\AngelOrellana\OneDrive\Escritorio\uvg\4toSemestre\PrograDeMicros\Programas_ensamblador\Proyecto1.X\main.asm
                  MINUTOS   0x000023       data     static C:\Users\AngelOrellana\OneDrive\Escritorio\uvg\4toSemestre\PrograDeMicros\Programas_ensamblador\Proyecto1.X\main.asm
     MINUTOS_TEMPORIZADOR   0x00003b       data     static C:\Users\AngelOrellana\OneDrive\Escritorio\uvg\4toSemestre\PrograDeMicros\Programas_ensamblador\Proyecto1.X\main.asm
MINUTOS_TEMPORIZADOR_EDITAR   0x00003d       data     static C:\Users\AngelOrellana\OneDrive\Escritorio\uvg\4toSemestre\PrograDeMicros\Programas_ensamblador\Proyecto1.X\main.asm
            MINUTO_EDITAR   0x000030       data     static C:\Users\AngelOrellana\OneDrive\Escritorio\uvg\4toSemestre\PrograDeMicros\Programas_ensamblador\Proyecto1.X\main.asm
                   OPCION   0x00002e       data     static C:\Users\AngelOrellana\OneDrive\Escritorio\uvg\4toSemestre\PrograDeMicros\Programas_ensamblador\Proyecto1.X\main.asm
             PORTB_ACTUAL   0x00002b       data     static C:\Users\AngelOrellana\OneDrive\Escritorio\uvg\4toSemestre\PrograDeMicros\Programas_ensamblador\Proyecto1.X\main.asm
           PORTB_ANTERIOR   0x00002c       data     static C:\Users\AngelOrellana\OneDrive\Escritorio\uvg\4toSemestre\PrograDeMicros\Programas_ensamblador\Proyecto1.X\main.asm
                SAVE_TEMP   0x000035       data     static C:\Users\AngelOrellana\OneDrive\Escritorio\uvg\4toSemestre\PrograDeMicros\Programas_ensamblador\Proyecto1.X\main.asm
                 SEGUNDOS   0x000022       data     static C:\Users\AngelOrellana\OneDrive\Escritorio\uvg\4toSemestre\PrograDeMicros\Programas_ensamblador\Proyecto1.X\main.asm
          SEGUNDOS_ALARMA   0x000040       data     static C:\Users\AngelOrellana\OneDrive\Escritorio\uvg\4toSemestre\PrograDeMicros\Programas_ensamblador\Proyecto1.X\main.asm
    SEGUNDOS_TEMPORIZADOR   0x00003a       data     static C:\Users\AngelOrellana\OneDrive\Escritorio\uvg\4toSemestre\PrograDeMicros\Programas_ensamblador\Proyecto1.X\main.asm
SEGUNDOS_TEMPORIZADOR_EDITAR   0x00003c       data     static C:\Users\AngelOrellana\OneDrive\Escritorio\uvg\4toSemestre\PrograDeMicros\Programas_ensamblador\Proyecto1.X\main.asm
                STATUSRAM   0x00002a       data     static C:\Users\AngelOrellana\OneDrive\Escritorio\uvg\4toSemestre\PrograDeMicros\Programas_ensamblador\Proyecto1.X\main.asm
         TITILAR_DISPLAYS   0x000037       data     static C:\Users\AngelOrellana\OneDrive\Escritorio\uvg\4toSemestre\PrograDeMicros\Programas_ensamblador\Proyecto1.X\main.asm
                     WRAM   0x000029       data     static C:\Users\AngelOrellana\OneDrive\Escritorio\uvg\4toSemestre\PrograDeMicros\Programas_ensamblador\Proyecto1.X\main.asm



                              Symbols - Sorted by Address
                     Name    Address   Location    Storage File                     
                ---------  ---------  ---------  --------- ---------                
                     SAVE   0x000004    program     static C:\Users\AngelOrellana\OneDrive\Escritorio\uvg\4toSemestre\PrograDeMicros\Programas_ensamblador\Proyecto1.X\main.asm
              SELECCIONAR   0x000007    program     static C:\Users\AngelOrellana\OneDrive\Escritorio\uvg\4toSemestre\PrograDeMicros\Programas_ensamblador\Proyecto1.X\main.asm
                 TMR0_INT   0x00000e    program     static C:\Users\AngelOrellana\OneDrive\Escritorio\uvg\4toSemestre\PrograDeMicros\Programas_ensamblador\Proyecto1.X\main.asm
             SONAR_BUZZER   0x00001c    program     static C:\Users\AngelOrellana\OneDrive\Escritorio\uvg\4toSemestre\PrograDeMicros\Programas_ensamblador\Proyecto1.X\main.asm
               TITILAR_7S   0x000026    program     static C:\Users\AngelOrellana\OneDrive\Escritorio\uvg\4toSemestre\PrograDeMicros\Programas_ensamblador\Proyecto1.X\main.asm
           PUNTOS_ENMEDIO   0x000032    program     static C:\Users\AngelOrellana\OneDrive\Escritorio\uvg\4toSemestre\PrograDeMicros\Programas_ensamblador\Proyecto1.X\main.asm
           CONTAR_SEGUNDO   0x000044    program     static C:\Users\AngelOrellana\OneDrive\Escritorio\uvg\4toSemestre\PrograDeMicros\Programas_ensamblador\Proyecto1.X\main.asm
                 TMR1_INT   0x00004b    program     static C:\Users\AngelOrellana\OneDrive\Escritorio\uvg\4toSemestre\PrograDeMicros\Programas_ensamblador\Proyecto1.X\main.asm
            EDITANDO_HORA   0x00005f    program     static C:\Users\AngelOrellana\OneDrive\Escritorio\uvg\4toSemestre\PrograDeMicros\Programas_ensamblador\Proyecto1.X\main.asm
           EDITANDO_FECHA   0x000065    program     static C:\Users\AngelOrellana\OneDrive\Escritorio\uvg\4toSemestre\PrograDeMicros\Programas_ensamblador\Proyecto1.X\main.asm
           EDITANDO_TIMER   0x00006c    program     static C:\Users\AngelOrellana\OneDrive\Escritorio\uvg\4toSemestre\PrograDeMicros\Programas_ensamblador\Proyecto1.X\main.asm
                 TMR2_INT   0x000071    program     static C:\Users\AngelOrellana\OneDrive\Escritorio\uvg\4toSemestre\PrograDeMicros\Programas_ensamblador\Proyecto1.X\main.asm
DECREMENTAR_MINUTOS_TEMPORIZADOR   0x000087    program     static C:\Users\AngelOrellana\OneDrive\Escritorio\uvg\4toSemestre\PrograDeMicros\Programas_ensamblador\Proyecto1.X\main.asm
                     LOAD   0x000088    program     static C:\Users\AngelOrellana\OneDrive\Escritorio\uvg\4toSemestre\PrograDeMicros\Programas_ensamblador\Proyecto1.X\main.asm
                    TABLA   0x00008d    program     static C:\Users\AngelOrellana\OneDrive\Escritorio\uvg\4toSemestre\PrograDeMicros\Programas_ensamblador\Proyecto1.X\main.asm
              TABLA_MESES   0x000099    program     static C:\Users\AngelOrellana\OneDrive\Escritorio\uvg\4toSemestre\PrograDeMicros\Programas_ensamblador\Proyecto1.X\main.asm
                    START   0x0000ab    program     static C:\Users\AngelOrellana\OneDrive\Escritorio\uvg\4toSemestre\PrograDeMicros\Programas_ensamblador\Proyecto1.X\main.asm
                     LOOP   0x0000ea    program     static C:\Users\AngelOrellana\OneDrive\Escritorio\uvg\4toSemestre\PrograDeMicros\Programas_ensamblador\Proyecto1.X\main.asm
                   NORMAL   0x0000f8    program     static C:\Users\AngelOrellana\OneDrive\Escritorio\uvg\4toSemestre\PrograDeMicros\Programas_ensamblador\Proyecto1.X\main.asm
        ESTABLECER_OPCION   0x000102    program     static C:\Users\AngelOrellana\OneDrive\Escritorio\uvg\4toSemestre\PrograDeMicros\Programas_ensamblador\Proyecto1.X\main.asm
          OPCIONES_NORMAL   0x00010d    program     static C:\Users\AngelOrellana\OneDrive\Escritorio\uvg\4toSemestre\PrograDeMicros\Programas_ensamblador\Proyecto1.X\main.asm
                 OPCIONES   0x000110    program     static C:\Users\AngelOrellana\OneDrive\Escritorio\uvg\4toSemestre\PrograDeMicros\Programas_ensamblador\Proyecto1.X\main.asm
             OPCION_RELOJ   0x000119    program     static C:\Users\AngelOrellana\OneDrive\Escritorio\uvg\4toSemestre\PrograDeMicros\Programas_ensamblador\Proyecto1.X\main.asm
           NO_EDITAR_HORA   0x00011c    program     static C:\Users\AngelOrellana\OneDrive\Escritorio\uvg\4toSemestre\PrograDeMicros\Programas_ensamblador\Proyecto1.X\main.asm
           SI_EDITAR_HORA   0x000121    program     static C:\Users\AngelOrellana\OneDrive\Escritorio\uvg\4toSemestre\PrograDeMicros\Programas_ensamblador\Proyecto1.X\main.asm
             OPCION_FECHA   0x000127    program     static C:\Users\AngelOrellana\OneDrive\Escritorio\uvg\4toSemestre\PrograDeMicros\Programas_ensamblador\Proyecto1.X\main.asm
          NO_EDITAR_FECHA   0x00012a    program     static C:\Users\AngelOrellana\OneDrive\Escritorio\uvg\4toSemestre\PrograDeMicros\Programas_ensamblador\Proyecto1.X\main.asm
          SI_EDITAR_FECHA   0x00012f    program     static C:\Users\AngelOrellana\OneDrive\Escritorio\uvg\4toSemestre\PrograDeMicros\Programas_ensamblador\Proyecto1.X\main.asm
      OPCION_TEMPORIZADOR   0x000135    program     static C:\Users\AngelOrellana\OneDrive\Escritorio\uvg\4toSemestre\PrograDeMicros\Programas_ensamblador\Proyecto1.X\main.asm
   NO_EDITAR_TEMPORIZADOR   0x000138    program     static C:\Users\AngelOrellana\OneDrive\Escritorio\uvg\4toSemestre\PrograDeMicros\Programas_ensamblador\Proyecto1.X\main.asm
         SEGUIR_NO_EDITAR   0x000142    program     static C:\Users\AngelOrellana\OneDrive\Escritorio\uvg\4toSemestre\PrograDeMicros\Programas_ensamblador\Proyecto1.X\main.asm
   SI_EDITAR_TEMPORIZADOR   0x000147    program     static C:\Users\AngelOrellana\OneDrive\Escritorio\uvg\4toSemestre\PrograDeMicros\Programas_ensamblador\Proyecto1.X\main.asm
     DISPLAY_TEMPORIZADOR   0x00014d    program     static C:\Users\AngelOrellana\OneDrive\Escritorio\uvg\4toSemestre\PrograDeMicros\Programas_ensamblador\Proyecto1.X\main.asm
          SEGUNDOS_1_TEMP   0x000156    program     static C:\Users\AngelOrellana\OneDrive\Escritorio\uvg\4toSemestre\PrograDeMicros\Programas_ensamblador\Proyecto1.X\main.asm
          SEGUNDOS_2_TEMP   0x00015a    program     static C:\Users\AngelOrellana\OneDrive\Escritorio\uvg\4toSemestre\PrograDeMicros\Programas_ensamblador\Proyecto1.X\main.asm
           MINUTOS_1_TEMP   0x00015e    program     static C:\Users\AngelOrellana\OneDrive\Escritorio\uvg\4toSemestre\PrograDeMicros\Programas_ensamblador\Proyecto1.X\main.asm
           MINUTOS_2_TEMP   0x000162    program     static C:\Users\AngelOrellana\OneDrive\Escritorio\uvg\4toSemestre\PrograDeMicros\Programas_ensamblador\Proyecto1.X\main.asm
            DISPLAY_FECHA   0x000166    program     static C:\Users\AngelOrellana\OneDrive\Escritorio\uvg\4toSemestre\PrograDeMicros\Programas_ensamblador\Proyecto1.X\main.asm
                    MES_1   0x00016f    program     static C:\Users\AngelOrellana\OneDrive\Escritorio\uvg\4toSemestre\PrograDeMicros\Programas_ensamblador\Proyecto1.X\main.asm
                    MES_2   0x000173    program     static C:\Users\AngelOrellana\OneDrive\Escritorio\uvg\4toSemestre\PrograDeMicros\Programas_ensamblador\Proyecto1.X\main.asm
                    DIA_1   0x000177    program     static C:\Users\AngelOrellana\OneDrive\Escritorio\uvg\4toSemestre\PrograDeMicros\Programas_ensamblador\Proyecto1.X\main.asm
                    DIA_2   0x00017b    program     static C:\Users\AngelOrellana\OneDrive\Escritorio\uvg\4toSemestre\PrograDeMicros\Programas_ensamblador\Proyecto1.X\main.asm
             DISPLAY_HORA   0x00017f    program     static C:\Users\AngelOrellana\OneDrive\Escritorio\uvg\4toSemestre\PrograDeMicros\Programas_ensamblador\Proyecto1.X\main.asm
                MINUTOS_1   0x000188    program     static C:\Users\AngelOrellana\OneDrive\Escritorio\uvg\4toSemestre\PrograDeMicros\Programas_ensamblador\Proyecto1.X\main.asm
                MINUTOS_2   0x00018c    program     static C:\Users\AngelOrellana\OneDrive\Escritorio\uvg\4toSemestre\PrograDeMicros\Programas_ensamblador\Proyecto1.X\main.asm
                  HORAS_1   0x000190    program     static C:\Users\AngelOrellana\OneDrive\Escritorio\uvg\4toSemestre\PrograDeMicros\Programas_ensamblador\Proyecto1.X\main.asm
                  HORAS_2   0x000194    program     static C:\Users\AngelOrellana\OneDrive\Escritorio\uvg\4toSemestre\PrograDeMicros\Programas_ensamblador\Proyecto1.X\main.asm
      DISPLAY_HORA_EDITAR   0x000198    program     static C:\Users\AngelOrellana\OneDrive\Escritorio\uvg\4toSemestre\PrograDeMicros\Programas_ensamblador\Proyecto1.X\main.asm
         MINUTOS_1_EDITAR   0x0001a1    program     static C:\Users\AngelOrellana\OneDrive\Escritorio\uvg\4toSemestre\PrograDeMicros\Programas_ensamblador\Proyecto1.X\main.asm
  MINUTOS_1_EDITAR_NORMAL   0x0001a5    program     static C:\Users\AngelOrellana\OneDrive\Escritorio\uvg\4toSemestre\PrograDeMicros\Programas_ensamblador\Proyecto1.X\main.asm
         MINUTOS_2_EDITAR   0x0001a9    program     static C:\Users\AngelOrellana\OneDrive\Escritorio\uvg\4toSemestre\PrograDeMicros\Programas_ensamblador\Proyecto1.X\main.asm
  MINUTOS_2_EDITAR_NORMAL   0x0001ad    program     static C:\Users\AngelOrellana\OneDrive\Escritorio\uvg\4toSemestre\PrograDeMicros\Programas_ensamblador\Proyecto1.X\main.asm
           HORAS_1_EDITAR   0x0001b1    program     static C:\Users\AngelOrellana\OneDrive\Escritorio\uvg\4toSemestre\PrograDeMicros\Programas_ensamblador\Proyecto1.X\main.asm
    HORAS_1_EDITAR_NORMAL   0x0001b5    program     static C:\Users\AngelOrellana\OneDrive\Escritorio\uvg\4toSemestre\PrograDeMicros\Programas_ensamblador\Proyecto1.X\main.asm
           HORAS_2_EDITAR   0x0001b9    program     static C:\Users\AngelOrellana\OneDrive\Escritorio\uvg\4toSemestre\PrograDeMicros\Programas_ensamblador\Proyecto1.X\main.asm
    HORAS_2_EDITAR_NORMAL   0x0001bd    program     static C:\Users\AngelOrellana\OneDrive\Escritorio\uvg\4toSemestre\PrograDeMicros\Programas_ensamblador\Proyecto1.X\main.asm
     DISPLAY_FECHA_EDITAR   0x0001c1    program     static C:\Users\AngelOrellana\OneDrive\Escritorio\uvg\4toSemestre\PrograDeMicros\Programas_ensamblador\Proyecto1.X\main.asm
             MES_1_EDITAR   0x0001ca    program     static C:\Users\AngelOrellana\OneDrive\Escritorio\uvg\4toSemestre\PrograDeMicros\Programas_ensamblador\Proyecto1.X\main.asm
      MES_1_EDITAR_NORMAL   0x0001ce    program     static C:\Users\AngelOrellana\OneDrive\Escritorio\uvg\4toSemestre\PrograDeMicros\Programas_ensamblador\Proyecto1.X\main.asm
             MES_2_EDITAR   0x0001d2    program     static C:\Users\AngelOrellana\OneDrive\Escritorio\uvg\4toSemestre\PrograDeMicros\Programas_ensamblador\Proyecto1.X\main.asm
      MES_2_EDITAR_NORMAL   0x0001d6    program     static C:\Users\AngelOrellana\OneDrive\Escritorio\uvg\4toSemestre\PrograDeMicros\Programas_ensamblador\Proyecto1.X\main.asm
             DIA_1_EDITAR   0x0001da    program     static C:\Users\AngelOrellana\OneDrive\Escritorio\uvg\4toSemestre\PrograDeMicros\Programas_ensamblador\Proyecto1.X\main.asm
      DIA_1_EDITAR_NORMAL   0x0001de    program     static C:\Users\AngelOrellana\OneDrive\Escritorio\uvg\4toSemestre\PrograDeMicros\Programas_ensamblador\Proyecto1.X\main.asm
             DIA_2_EDITAR   0x0001e2    program     static C:\Users\AngelOrellana\OneDrive\Escritorio\uvg\4toSemestre\PrograDeMicros\Programas_ensamblador\Proyecto1.X\main.asm
      DIA_2_EDITAR_NORMAL   0x0001e6    program     static C:\Users\AngelOrellana\OneDrive\Escritorio\uvg\4toSemestre\PrograDeMicros\Programas_ensamblador\Proyecto1.X\main.asm
DISPLAY_TEMPORIZADOR_EDITAR   0x0001ea    program     static C:\Users\AngelOrellana\OneDrive\Escritorio\uvg\4toSemestre\PrograDeMicros\Programas_ensamblador\Proyecto1.X\main.asm
SEGUNDOS_TEMPORIZADOR_1_EDITAR   0x0001f3    program     static C:\Users\AngelOrellana\OneDrive\Escritorio\uvg\4toSemestre\PrograDeMicros\Programas_ensamblador\Proyecto1.X\main.asm
SEGUNDOS_TEMPORIZADOR_1_EDITAR_N   0x0001f7    program     static C:\Users\AngelOrellana\OneDrive\Escritorio\uvg\4toSemestre\PrograDeMicros\Programas_ensamblador\Proyecto1.X\main.asm
SEGUNDOS_TEMPORIZADOR_2_EDITAR   0x0001fb    program     static C:\Users\AngelOrellana\OneDrive\Escritorio\uvg\4toSemestre\PrograDeMicros\Programas_ensamblador\Proyecto1.X\main.asm
SEGUNDOS_TEMPORIZADOR_2_EDITAR_N   0x0001ff    program     static C:\Users\AngelOrellana\OneDrive\Escritorio\uvg\4toSemestre\PrograDeMicros\Programas_ensamblador\Proyecto1.X\main.asm
MINUTOS_TEMPORIZADOR_1_EDITAR   0x000203    program     static C:\Users\AngelOrellana\OneDrive\Escritorio\uvg\4toSemestre\PrograDeMicros\Programas_ensamblador\Proyecto1.X\main.asm
MINUTOS_TEMPORIZADOR_1_EDITAR_NO   0x000207    program     static C:\Users\AngelOrellana\OneDrive\Escritorio\uvg\4toSemestre\PrograDeMicros\Programas_ensamblador\Proyecto1.X\main.asm
MINUTOS_TEMPORIZADOR_2_EDITAR   0x00020b    program     static C:\Users\AngelOrellana\OneDrive\Escritorio\uvg\4toSemestre\PrograDeMicros\Programas_ensamblador\Proyecto1.X\main.asm
MINUTOS_TEMPORIZADOR_2_EDITAR_NO   0x00020f    program     static C:\Users\AngelOrellana\OneDrive\Escritorio\uvg\4toSemestre\PrograDeMicros\Programas_ensamblador\Proyecto1.X\main.asm
       VALOR_TEMPORIZADOR   0x000213    program     static C:\Users\AngelOrellana\OneDrive\Escritorio\uvg\4toSemestre\PrograDeMicros\Programas_ensamblador\Proyecto1.X\main.asm
  DEC_MINUTO_TEMPORIZADOR   0x00021a    program     static C:\Users\AngelOrellana\OneDrive\Escritorio\uvg\4toSemestre\PrograDeMicros\Programas_ensamblador\Proyecto1.X\main.asm
              VALOR_FECHA   0x000222    program     static C:\Users\AngelOrellana\OneDrive\Escritorio\uvg\4toSemestre\PrograDeMicros\Programas_ensamblador\Proyecto1.X\main.asm
                VALOR_MES   0x00022b    program     static C:\Users\AngelOrellana\OneDrive\Escritorio\uvg\4toSemestre\PrograDeMicros\Programas_ensamblador\Proyecto1.X\main.asm
              VALOR_RELOJ   0x000240    program     static C:\Users\AngelOrellana\OneDrive\Escritorio\uvg\4toSemestre\PrograDeMicros\Programas_ensamblador\Proyecto1.X\main.asm
          CORRECCION_HORA   0x000255    program     static C:\Users\AngelOrellana\OneDrive\Escritorio\uvg\4toSemestre\PrograDeMicros\Programas_ensamblador\Proyecto1.X\main.asm
              EDITAR_HORA   0x00025d    program     static C:\Users\AngelOrellana\OneDrive\Escritorio\uvg\4toSemestre\PrograDeMicros\Programas_ensamblador\Proyecto1.X\main.asm
     SI_YA_SE_ENTRO_ANTES   0x00026a    program     static C:\Users\AngelOrellana\OneDrive\Escritorio\uvg\4toSemestre\PrograDeMicros\Programas_ensamblador\Proyecto1.X\main.asm
                CAMBIAR_0   0x000273    program     static C:\Users\AngelOrellana\OneDrive\Escritorio\uvg\4toSemestre\PrograDeMicros\Programas_ensamblador\Proyecto1.X\main.asm
                  CAMBIAR   0x000274    program     static C:\Users\AngelOrellana\OneDrive\Escritorio\uvg\4toSemestre\PrograDeMicros\Programas_ensamblador\Proyecto1.X\main.asm
       DECREMENTAR_MINUTE   0x000276    program     static C:\Users\AngelOrellana\OneDrive\Escritorio\uvg\4toSemestre\PrograDeMicros\Programas_ensamblador\Proyecto1.X\main.asm
              EDIT_MINUTE   0x000276    program     static C:\Users\AngelOrellana\OneDrive\Escritorio\uvg\4toSemestre\PrograDeMicros\Programas_ensamblador\Proyecto1.X\main.asm
CORREGIR_BCD_MINUTO_EDITAR   0x000281    program     static C:\Users\AngelOrellana\OneDrive\Escritorio\uvg\4toSemestre\PrograDeMicros\Programas_ensamblador\Proyecto1.X\main.asm
       INCREMENTAR_MINUTE   0x000288    program     static C:\Users\AngelOrellana\OneDrive\Escritorio\uvg\4toSemestre\PrograDeMicros\Programas_ensamblador\Proyecto1.X\main.asm
VERIFICAR_OVERFLOW_MINUTO_EDITAR   0x000294    program     static C:\Users\AngelOrellana\OneDrive\Escritorio\uvg\4toSemestre\PrograDeMicros\Programas_ensamblador\Proyecto1.X\main.asm
                EDIT_HOUR   0x000299    program     static C:\Users\AngelOrellana\OneDrive\Escritorio\uvg\4toSemestre\PrograDeMicros\Programas_ensamblador\Proyecto1.X\main.asm
 CORREGIR_BCD_HORA_EDITAR   0x0002a4    program     static C:\Users\AngelOrellana\OneDrive\Escritorio\uvg\4toSemestre\PrograDeMicros\Programas_ensamblador\Proyecto1.X\main.asm
         INCREMENTAR_HOUR   0x0002ab    program     static C:\Users\AngelOrellana\OneDrive\Escritorio\uvg\4toSemestre\PrograDeMicros\Programas_ensamblador\Proyecto1.X\main.asm
VERIFICAR_OVERFLOW_HORA_EDITAR   0x0002b7    program     static C:\Users\AngelOrellana\OneDrive\Escritorio\uvg\4toSemestre\PrograDeMicros\Programas_ensamblador\Proyecto1.X\main.asm
                    SALIR   0x0002bb    program     static C:\Users\AngelOrellana\OneDrive\Escritorio\uvg\4toSemestre\PrograDeMicros\Programas_ensamblador\Proyecto1.X\main.asm
             EDITAR_FECHA   0x0002ca    program     static C:\Users\AngelOrellana\OneDrive\Escritorio\uvg\4toSemestre\PrograDeMicros\Programas_ensamblador\Proyecto1.X\main.asm
SI_YA_SE_ENTRO_ANTES_FECHA   0x0002d9    program     static C:\Users\AngelOrellana\OneDrive\Escritorio\uvg\4toSemestre\PrograDeMicros\Programas_ensamblador\Proyecto1.X\main.asm
                CAMBIAR_1   0x0002e2    program     static C:\Users\AngelOrellana\OneDrive\Escritorio\uvg\4toSemestre\PrograDeMicros\Programas_ensamblador\Proyecto1.X\main.asm
            CAMBIAR_FECHA   0x0002e3    program     static C:\Users\AngelOrellana\OneDrive\Escritorio\uvg\4toSemestre\PrograDeMicros\Programas_ensamblador\Proyecto1.X\main.asm
           DECISION_FECHA   0x0002eb    program     static C:\Users\AngelOrellana\OneDrive\Escritorio\uvg\4toSemestre\PrograDeMicros\Programas_ensamblador\Proyecto1.X\main.asm
                 EDIT_DAY   0x0002ee    program     static C:\Users\AngelOrellana\OneDrive\Escritorio\uvg\4toSemestre\PrograDeMicros\Programas_ensamblador\Proyecto1.X\main.asm
          DECREMENTAR_DAY   0x0002ee    program     static C:\Users\AngelOrellana\OneDrive\Escritorio\uvg\4toSemestre\PrograDeMicros\Programas_ensamblador\Proyecto1.X\main.asm
  CORREGIR_BCD_DIA_EDITAR   0x0002f7    program     static C:\Users\AngelOrellana\OneDrive\Escritorio\uvg\4toSemestre\PrograDeMicros\Programas_ensamblador\Proyecto1.X\main.asm
          INCREMENTAR_DAY   0x0002fe    program     static C:\Users\AngelOrellana\OneDrive\Escritorio\uvg\4toSemestre\PrograDeMicros\Programas_ensamblador\Proyecto1.X\main.asm
             OVERFLOW_DIA   0x00030a    program     static C:\Users\AngelOrellana\OneDrive\Escritorio\uvg\4toSemestre\PrograDeMicros\Programas_ensamblador\Proyecto1.X\main.asm
               EDIT_MONTH   0x000311    program     static C:\Users\AngelOrellana\OneDrive\Escritorio\uvg\4toSemestre\PrograDeMicros\Programas_ensamblador\Proyecto1.X\main.asm
  CORREGIR_BCD_MES_EDITAR   0x00031d    program     static C:\Users\AngelOrellana\OneDrive\Escritorio\uvg\4toSemestre\PrograDeMicros\Programas_ensamblador\Proyecto1.X\main.asm
        INCREMENTAR_MONTH   0x000324    program     static C:\Users\AngelOrellana\OneDrive\Escritorio\uvg\4toSemestre\PrograDeMicros\Programas_ensamblador\Proyecto1.X\main.asm
CORREGIR_BCD_MES_INCREMENTAR   0x000331    program     static C:\Users\AngelOrellana\OneDrive\Escritorio\uvg\4toSemestre\PrograDeMicros\Programas_ensamblador\Proyecto1.X\main.asm
              SALIR_FECHA   0x000338    program     static C:\Users\AngelOrellana\OneDrive\Escritorio\uvg\4toSemestre\PrograDeMicros\Programas_ensamblador\Proyecto1.X\main.asm
      EDITAR_TEMPORIZADOR   0x000347    program     static C:\Users\AngelOrellana\OneDrive\Escritorio\uvg\4toSemestre\PrograDeMicros\Programas_ensamblador\Proyecto1.X\main.asm
              IF_NOT_CERO   0x000351    program     static C:\Users\AngelOrellana\OneDrive\Escritorio\uvg\4toSemestre\PrograDeMicros\Programas_ensamblador\Proyecto1.X\main.asm
                 CONTINUE   0x000352    program     static C:\Users\AngelOrellana\OneDrive\Escritorio\uvg\4toSemestre\PrograDeMicros\Programas_ensamblador\Proyecto1.X\main.asm
SI_YA_SE_ENTRO_ANTES_TEMPORIZADO   0x00035a    program     static C:\Users\AngelOrellana\OneDrive\Escritorio\uvg\4toSemestre\PrograDeMicros\Programas_ensamblador\Proyecto1.X\main.asm
   CAMBIAR_0_TEMPORIZADOR   0x000363    program     static C:\Users\AngelOrellana\OneDrive\Escritorio\uvg\4toSemestre\PrograDeMicros\Programas_ensamblador\Proyecto1.X\main.asm
     CAMBIAR_TEMPORIZADOR   0x000364    program     static C:\Users\AngelOrellana\OneDrive\Escritorio\uvg\4toSemestre\PrograDeMicros\Programas_ensamblador\Proyecto1.X\main.asm
       DECREMENTAR_SECOND   0x000366    program     static C:\Users\AngelOrellana\OneDrive\Escritorio\uvg\4toSemestre\PrograDeMicros\Programas_ensamblador\Proyecto1.X\main.asm
              EDIT_SECOND   0x000366    program     static C:\Users\AngelOrellana\OneDrive\Escritorio\uvg\4toSemestre\PrograDeMicros\Programas_ensamblador\Proyecto1.X\main.asm
CORREGIR_BCD_SEGUNDO_TEMPORIZADO   0x000371    program     static C:\Users\AngelOrellana\OneDrive\Escritorio\uvg\4toSemestre\PrograDeMicros\Programas_ensamblador\Proyecto1.X\main.asm
       INCREMENTAR_SECOND   0x000378    program     static C:\Users\AngelOrellana\OneDrive\Escritorio\uvg\4toSemestre\PrograDeMicros\Programas_ensamblador\Proyecto1.X\main.asm
VERIFICAR_OVERFLOW_SEGUNDOS_TEMP   0x000384    program     static C:\Users\AngelOrellana\OneDrive\Escritorio\uvg\4toSemestre\PrograDeMicros\Programas_ensamblador\Proyecto1.X\main.asm
 EDIT_MINUTE_TEMPORIZADOR   0x000389    program     static C:\Users\AngelOrellana\OneDrive\Escritorio\uvg\4toSemestre\PrograDeMicros\Programas_ensamblador\Proyecto1.X\main.asm
CORREGIR_BCD_MINUTOS_TEMPORIZADO   0x000394    program     static C:\Users\AngelOrellana\OneDrive\Escritorio\uvg\4toSemestre\PrograDeMicros\Programas_ensamblador\Proyecto1.X\main.asm
INCREMENTAR_MINUTE_TEMPORIZADOR   0x00039b    program     static C:\Users\AngelOrellana\OneDrive\Escritorio\uvg\4toSemestre\PrograDeMicros\Programas_ensamblador\Proyecto1.X\main.asm
VERIFICAR_OVERFLOW_MINUTOS_EDITA   0x0003a7    program     static C:\Users\AngelOrellana\OneDrive\Escritorio\uvg\4toSemestre\PrograDeMicros\Programas_ensamblador\Proyecto1.X\main.asm
       SALIR_TEMPORIZADOR   0x0003ab    program     static C:\Users\AngelOrellana\OneDrive\Escritorio\uvg\4toSemestre\PrograDeMicros\Programas_ensamblador\Proyecto1.X\main.asm
                 DELAY_US   0x0003ba    program     static C:\Users\AngelOrellana\OneDrive\Escritorio\uvg\4toSemestre\PrograDeMicros\Programas_ensamblador\Proyecto1.X\main.asm
          _MAIN_PROG_0312   0x0003bd    program     static C:\Users\AngelOrellana\OneDrive\Escritorio\uvg\4toSemestre\PrograDeMicros\Programas_ensamblador\Proyecto1.X\main.asm
               CUENTATMR0   0x000020       data     static C:\Users\AngelOrellana\OneDrive\Escritorio\uvg\4toSemestre\PrograDeMicros\Programas_ensamblador\Proyecto1.X\main.asm
                CUENTALED   0x000021       data     static C:\Users\AngelOrellana\OneDrive\Escritorio\uvg\4toSemestre\PrograDeMicros\Programas_ensamblador\Proyecto1.X\main.asm
                 SEGUNDOS   0x000022       data     static C:\Users\AngelOrellana\OneDrive\Escritorio\uvg\4toSemestre\PrograDeMicros\Programas_ensamblador\Proyecto1.X\main.asm
                  MINUTOS   0x000023       data     static C:\Users\AngelOrellana\OneDrive\Escritorio\uvg\4toSemestre\PrograDeMicros\Programas_ensamblador\Proyecto1.X\main.asm
                    HORAS   0x000024       data     static C:\Users\AngelOrellana\OneDrive\Escritorio\uvg\4toSemestre\PrograDeMicros\Programas_ensamblador\Proyecto1.X\main.asm
                      DIA   0x000025       data     static C:\Users\AngelOrellana\OneDrive\Escritorio\uvg\4toSemestre\PrograDeMicros\Programas_ensamblador\Proyecto1.X\main.asm
                  MES_BCD   0x000026       data     static C:\Users\AngelOrellana\OneDrive\Escritorio\uvg\4toSemestre\PrograDeMicros\Programas_ensamblador\Proyecto1.X\main.asm
                  MES_BIN   0x000027       data     static C:\Users\AngelOrellana\OneDrive\Escritorio\uvg\4toSemestre\PrograDeMicros\Programas_ensamblador\Proyecto1.X\main.asm
          CONTROL_DISPLAY   0x000028       data     static C:\Users\AngelOrellana\OneDrive\Escritorio\uvg\4toSemestre\PrograDeMicros\Programas_ensamblador\Proyecto1.X\main.asm
                     WRAM   0x000029       data     static C:\Users\AngelOrellana\OneDrive\Escritorio\uvg\4toSemestre\PrograDeMicros\Programas_ensamblador\Proyecto1.X\main.asm
                STATUSRAM   0x00002a       data     static C:\Users\AngelOrellana\OneDrive\Escritorio\uvg\4toSemestre\PrograDeMicros\Programas_ensamblador\Proyecto1.X\main.asm
             PORTB_ACTUAL   0x00002b       data     static C:\Users\AngelOrellana\OneDrive\Escritorio\uvg\4toSemestre\PrograDeMicros\Programas_ensamblador\Proyecto1.X\main.asm
           PORTB_ANTERIOR   0x00002c       data     static C:\Users\AngelOrellana\OneDrive\Escritorio\uvg\4toSemestre\PrograDeMicros\Programas_ensamblador\Proyecto1.X\main.asm
                    FLAGS   0x00002d       data     static C:\Users\AngelOrellana\OneDrive\Escritorio\uvg\4toSemestre\PrograDeMicros\Programas_ensamblador\Proyecto1.X\main.asm
                   OPCION   0x00002e       data     static C:\Users\AngelOrellana\OneDrive\Escritorio\uvg\4toSemestre\PrograDeMicros\Programas_ensamblador\Proyecto1.X\main.asm
                    DELAY   0x00002f       data     static C:\Users\AngelOrellana\OneDrive\Escritorio\uvg\4toSemestre\PrograDeMicros\Programas_ensamblador\Proyecto1.X\main.asm
            MINUTO_EDITAR   0x000030       data     static C:\Users\AngelOrellana\OneDrive\Escritorio\uvg\4toSemestre\PrograDeMicros\Programas_ensamblador\Proyecto1.X\main.asm
              HORA_EDITAR   0x000031       data     static C:\Users\AngelOrellana\OneDrive\Escritorio\uvg\4toSemestre\PrograDeMicros\Programas_ensamblador\Proyecto1.X\main.asm
           MES_BCD_EDITAR   0x000032       data     static C:\Users\AngelOrellana\OneDrive\Escritorio\uvg\4toSemestre\PrograDeMicros\Programas_ensamblador\Proyecto1.X\main.asm
           MES_BIN_EDITAR   0x000033       data     static C:\Users\AngelOrellana\OneDrive\Escritorio\uvg\4toSemestre\PrograDeMicros\Programas_ensamblador\Proyecto1.X\main.asm
               DIA_EDITAR   0x000034       data     static C:\Users\AngelOrellana\OneDrive\Escritorio\uvg\4toSemestre\PrograDeMicros\Programas_ensamblador\Proyecto1.X\main.asm
                SAVE_TEMP   0x000035       data     static C:\Users\AngelOrellana\OneDrive\Escritorio\uvg\4toSemestre\PrograDeMicros\Programas_ensamblador\Proyecto1.X\main.asm
            CONTADOR_TMR1   0x000036       data     static C:\Users\AngelOrellana\OneDrive\Escritorio\uvg\4toSemestre\PrograDeMicros\Programas_ensamblador\Proyecto1.X\main.asm
         TITILAR_DISPLAYS   0x000037       data     static C:\Users\AngelOrellana\OneDrive\Escritorio\uvg\4toSemestre\PrograDeMicros\Programas_ensamblador\Proyecto1.X\main.asm
          CONTADOR_BUZZER   0x000038       data     static C:\Users\AngelOrellana\OneDrive\Escritorio\uvg\4toSemestre\PrograDeMicros\Programas_ensamblador\Proyecto1.X\main.asm
                  DIA_MAX   0x000039       data     static C:\Users\AngelOrellana\OneDrive\Escritorio\uvg\4toSemestre\PrograDeMicros\Programas_ensamblador\Proyecto1.X\main.asm
    SEGUNDOS_TEMPORIZADOR   0x00003a       data     static C:\Users\AngelOrellana\OneDrive\Escritorio\uvg\4toSemestre\PrograDeMicros\Programas_ensamblador\Proyecto1.X\main.asm
     MINUTOS_TEMPORIZADOR   0x00003b       data     static C:\Users\AngelOrellana\OneDrive\Escritorio\uvg\4toSemestre\PrograDeMicros\Programas_ensamblador\Proyecto1.X\main.asm
SEGUNDOS_TEMPORIZADOR_EDITAR   0x00003c       data     static C:\Users\AngelOrellana\OneDrive\Escritorio\uvg\4toSemestre\PrograDeMicros\Programas_ensamblador\Proyecto1.X\main.asm
MINUTOS_TEMPORIZADOR_EDITAR   0x00003d       data     static C:\Users\AngelOrellana\OneDrive\Escritorio\uvg\4toSemestre\PrograDeMicros\Programas_ensamblador\Proyecto1.X\main.asm
            CONTADOR_TMR2   0x00003e       data     static C:\Users\AngelOrellana\OneDrive\Escritorio\uvg\4toSemestre\PrograDeMicros\Programas_ensamblador\Proyecto1.X\main.asm
          CONTADOR_ALARMA   0x00003f       data     static C:\Users\AngelOrellana\OneDrive\Escritorio\uvg\4toSemestre\PrograDeMicros\Programas_ensamblador\Proyecto1.X\main.asm
          SEGUNDOS_ALARMA   0x000040       data     static C:\Users\AngelOrellana\OneDrive\Escritorio\uvg\4toSemestre\PrograDeMicros\Programas_ensamblador\Proyecto1.X\main.asm


