MPLINK 5.09, LINKER
Linker Map File - Created Sun Sep 20 14:16:59 2020

                                 Section Info
                  Section       Type    Address   Location Size(Bytes)
                ---------  ---------  ---------  ---------  ---------
                 RES_VECT       code   0x000000    program   0x000002
                   .cinit    romdata   0x000001    program   0x000004
            INTERRUPT_VEC       code   0x000004    program   0x00014a
                MAIN_PROG       code   0x0000a9    program   0x000676
.config_2007_BUILD/DEFAULT/PRODUCTION/MAIN.O       code   0x002007    program   0x000002
.config_2008_BUILD/DEFAULT/PRODUCTION/MAIN.O       code   0x002008    program   0x000002
                    DATOS      udata   0x000020       data   0x000021



                              Program Memory Usage 
                               Start         End      
                           ---------   ---------      
                            0x000000    0x000002      
                            0x000004    0x0003e3      
                            0x002007    0x002008      
            997 out of 8455 program addresses used, program memory utilization is 11%



                              Symbols - Sorted by Name
                     Name    Address   Location    Storage File                     
                ---------  ---------  ---------  --------- ---------                
                  CAMBIAR   0x000272    program     static C:\Users\AngelOrellana\OneDrive\Escritorio\uvg\4toSemestre\PrograDeMicros\Programas_ensamblador\Proyecto1.X\main.asm
                CAMBIAR_0   0x000271    program     static C:\Users\AngelOrellana\OneDrive\Escritorio\uvg\4toSemestre\PrograDeMicros\Programas_ensamblador\Proyecto1.X\main.asm
   CAMBIAR_0_TEMPORIZADOR   0x00036a    program     static C:\Users\AngelOrellana\OneDrive\Escritorio\uvg\4toSemestre\PrograDeMicros\Programas_ensamblador\Proyecto1.X\main.asm
                CAMBIAR_1   0x0002e0    program     static C:\Users\AngelOrellana\OneDrive\Escritorio\uvg\4toSemestre\PrograDeMicros\Programas_ensamblador\Proyecto1.X\main.asm
            CAMBIAR_FECHA   0x0002e1    program     static C:\Users\AngelOrellana\OneDrive\Escritorio\uvg\4toSemestre\PrograDeMicros\Programas_ensamblador\Proyecto1.X\main.asm
     CAMBIAR_TEMPORIZADOR   0x00036b    program     static C:\Users\AngelOrellana\OneDrive\Escritorio\uvg\4toSemestre\PrograDeMicros\Programas_ensamblador\Proyecto1.X\main.asm
           CONTAR_SEGUNDO   0x000042    program     static C:\Users\AngelOrellana\OneDrive\Escritorio\uvg\4toSemestre\PrograDeMicros\Programas_ensamblador\Proyecto1.X\main.asm
                 CONTINUE   0x000359    program     static C:\Users\AngelOrellana\OneDrive\Escritorio\uvg\4toSemestre\PrograDeMicros\Programas_ensamblador\Proyecto1.X\main.asm
          CORRECCION_HORA   0x000253    program     static C:\Users\AngelOrellana\OneDrive\Escritorio\uvg\4toSemestre\PrograDeMicros\Programas_ensamblador\Proyecto1.X\main.asm
  CORREGIR_BCD_DIA_EDITAR   0x0002f5    program     static C:\Users\AngelOrellana\OneDrive\Escritorio\uvg\4toSemestre\PrograDeMicros\Programas_ensamblador\Proyecto1.X\main.asm
 CORREGIR_BCD_HORA_EDITAR   0x0002a2    program     static C:\Users\AngelOrellana\OneDrive\Escritorio\uvg\4toSemestre\PrograDeMicros\Programas_ensamblador\Proyecto1.X\main.asm
  CORREGIR_BCD_MES_EDITAR   0x00031b    program     static C:\Users\AngelOrellana\OneDrive\Escritorio\uvg\4toSemestre\PrograDeMicros\Programas_ensamblador\Proyecto1.X\main.asm
CORREGIR_BCD_MES_INCREMENTAR   0x00032f    program     static C:\Users\AngelOrellana\OneDrive\Escritorio\uvg\4toSemestre\PrograDeMicros\Programas_ensamblador\Proyecto1.X\main.asm
CORREGIR_BCD_MINUTOS_TEMPORIZADO   0x0003b9    program     static C:\Users\AngelOrellana\OneDrive\Escritorio\uvg\4toSemestre\PrograDeMicros\Programas_ensamblador\Proyecto1.X\main.asm
CORREGIR_BCD_MINUTO_EDITAR   0x00027f    program     static C:\Users\AngelOrellana\OneDrive\Escritorio\uvg\4toSemestre\PrograDeMicros\Programas_ensamblador\Proyecto1.X\main.asm
CORREGIR_BCD_SEGUNDO_TEMPORIZADO   0x000382    program     static C:\Users\AngelOrellana\OneDrive\Escritorio\uvg\4toSemestre\PrograDeMicros\Programas_ensamblador\Proyecto1.X\main.asm
CORREGIR_BCD_TEMP_SEG_DEC   0x00037c    program     static C:\Users\AngelOrellana\OneDrive\Escritorio\uvg\4toSemestre\PrograDeMicros\Programas_ensamblador\Proyecto1.X\main.asm
CORREGIR_BCD_TEMP_SEG_INC   0x000398    program     static C:\Users\AngelOrellana\OneDrive\Escritorio\uvg\4toSemestre\PrograDeMicros\Programas_ensamblador\Proyecto1.X\main.asm
           DECISION_FECHA   0x0002e9    program     static C:\Users\AngelOrellana\OneDrive\Escritorio\uvg\4toSemestre\PrograDeMicros\Programas_ensamblador\Proyecto1.X\main.asm
          DECREMENTAR_DAY   0x0002ec    program     static C:\Users\AngelOrellana\OneDrive\Escritorio\uvg\4toSemestre\PrograDeMicros\Programas_ensamblador\Proyecto1.X\main.asm
       DECREMENTAR_MINUTE   0x000274    program     static C:\Users\AngelOrellana\OneDrive\Escritorio\uvg\4toSemestre\PrograDeMicros\Programas_ensamblador\Proyecto1.X\main.asm
DECREMENTAR_MINUTOS_TEMPORIZADOR   0x000085    program     static C:\Users\AngelOrellana\OneDrive\Escritorio\uvg\4toSemestre\PrograDeMicros\Programas_ensamblador\Proyecto1.X\main.asm
       DECREMENTAR_SECOND   0x00036d    program     static C:\Users\AngelOrellana\OneDrive\Escritorio\uvg\4toSemestre\PrograDeMicros\Programas_ensamblador\Proyecto1.X\main.asm
  DEC_MINUTO_TEMPORIZADOR   0x000218    program     static C:\Users\AngelOrellana\OneDrive\Escritorio\uvg\4toSemestre\PrograDeMicros\Programas_ensamblador\Proyecto1.X\main.asm
                 DELAY_US   0x0003df    program     static C:\Users\AngelOrellana\OneDrive\Escritorio\uvg\4toSemestre\PrograDeMicros\Programas_ensamblador\Proyecto1.X\main.asm
                    DIA_1   0x000175    program     static C:\Users\AngelOrellana\OneDrive\Escritorio\uvg\4toSemestre\PrograDeMicros\Programas_ensamblador\Proyecto1.X\main.asm
             DIA_1_EDITAR   0x0001d8    program     static C:\Users\AngelOrellana\OneDrive\Escritorio\uvg\4toSemestre\PrograDeMicros\Programas_ensamblador\Proyecto1.X\main.asm
      DIA_1_EDITAR_NORMAL   0x0001dc    program     static C:\Users\AngelOrellana\OneDrive\Escritorio\uvg\4toSemestre\PrograDeMicros\Programas_ensamblador\Proyecto1.X\main.asm
                    DIA_2   0x000179    program     static C:\Users\AngelOrellana\OneDrive\Escritorio\uvg\4toSemestre\PrograDeMicros\Programas_ensamblador\Proyecto1.X\main.asm
             DIA_2_EDITAR   0x0001e0    program     static C:\Users\AngelOrellana\OneDrive\Escritorio\uvg\4toSemestre\PrograDeMicros\Programas_ensamblador\Proyecto1.X\main.asm
      DIA_2_EDITAR_NORMAL   0x0001e4    program     static C:\Users\AngelOrellana\OneDrive\Escritorio\uvg\4toSemestre\PrograDeMicros\Programas_ensamblador\Proyecto1.X\main.asm
            DISPLAY_FECHA   0x000164    program     static C:\Users\AngelOrellana\OneDrive\Escritorio\uvg\4toSemestre\PrograDeMicros\Programas_ensamblador\Proyecto1.X\main.asm
     DISPLAY_FECHA_EDITAR   0x0001bf    program     static C:\Users\AngelOrellana\OneDrive\Escritorio\uvg\4toSemestre\PrograDeMicros\Programas_ensamblador\Proyecto1.X\main.asm
             DISPLAY_HORA   0x00017d    program     static C:\Users\AngelOrellana\OneDrive\Escritorio\uvg\4toSemestre\PrograDeMicros\Programas_ensamblador\Proyecto1.X\main.asm
      DISPLAY_HORA_EDITAR   0x000196    program     static C:\Users\AngelOrellana\OneDrive\Escritorio\uvg\4toSemestre\PrograDeMicros\Programas_ensamblador\Proyecto1.X\main.asm
     DISPLAY_TEMPORIZADOR   0x00014b    program     static C:\Users\AngelOrellana\OneDrive\Escritorio\uvg\4toSemestre\PrograDeMicros\Programas_ensamblador\Proyecto1.X\main.asm
DISPLAY_TEMPORIZADOR_EDITAR   0x0001e8    program     static C:\Users\AngelOrellana\OneDrive\Escritorio\uvg\4toSemestre\PrograDeMicros\Programas_ensamblador\Proyecto1.X\main.asm
           EDITANDO_FECHA   0x000062    program     static C:\Users\AngelOrellana\OneDrive\Escritorio\uvg\4toSemestre\PrograDeMicros\Programas_ensamblador\Proyecto1.X\main.asm
            EDITANDO_HORA   0x00005c    program     static C:\Users\AngelOrellana\OneDrive\Escritorio\uvg\4toSemestre\PrograDeMicros\Programas_ensamblador\Proyecto1.X\main.asm
           EDITANDO_TIMER   0x000069    program     static C:\Users\AngelOrellana\OneDrive\Escritorio\uvg\4toSemestre\PrograDeMicros\Programas_ensamblador\Proyecto1.X\main.asm
             EDITAR_FECHA   0x0002c8    program     static C:\Users\AngelOrellana\OneDrive\Escritorio\uvg\4toSemestre\PrograDeMicros\Programas_ensamblador\Proyecto1.X\main.asm
              EDITAR_HORA   0x00025b    program     static C:\Users\AngelOrellana\OneDrive\Escritorio\uvg\4toSemestre\PrograDeMicros\Programas_ensamblador\Proyecto1.X\main.asm
      EDITAR_TEMPORIZADOR   0x000345    program     static C:\Users\AngelOrellana\OneDrive\Escritorio\uvg\4toSemestre\PrograDeMicros\Programas_ensamblador\Proyecto1.X\main.asm
                 EDIT_DAY   0x0002ec    program     static C:\Users\AngelOrellana\OneDrive\Escritorio\uvg\4toSemestre\PrograDeMicros\Programas_ensamblador\Proyecto1.X\main.asm
                EDIT_HOUR   0x000297    program     static C:\Users\AngelOrellana\OneDrive\Escritorio\uvg\4toSemestre\PrograDeMicros\Programas_ensamblador\Proyecto1.X\main.asm
              EDIT_MINUTE   0x000274    program     static C:\Users\AngelOrellana\OneDrive\Escritorio\uvg\4toSemestre\PrograDeMicros\Programas_ensamblador\Proyecto1.X\main.asm
 EDIT_MINUTE_TEMPORIZADOR   0x0003a4    program     static C:\Users\AngelOrellana\OneDrive\Escritorio\uvg\4toSemestre\PrograDeMicros\Programas_ensamblador\Proyecto1.X\main.asm
               EDIT_MONTH   0x00030f    program     static C:\Users\AngelOrellana\OneDrive\Escritorio\uvg\4toSemestre\PrograDeMicros\Programas_ensamblador\Proyecto1.X\main.asm
              EDIT_SECOND   0x00036d    program     static C:\Users\AngelOrellana\OneDrive\Escritorio\uvg\4toSemestre\PrograDeMicros\Programas_ensamblador\Proyecto1.X\main.asm
        ESTABLECER_OPCION   0x000100    program     static C:\Users\AngelOrellana\OneDrive\Escritorio\uvg\4toSemestre\PrograDeMicros\Programas_ensamblador\Proyecto1.X\main.asm
FUNCIONAMIENTO_NORMAL_TEMPORIZAD   0x00007f    program     static C:\Users\AngelOrellana\OneDrive\Escritorio\uvg\4toSemestre\PrograDeMicros\Programas_ensamblador\Proyecto1.X\main.asm
                  HORAS_1   0x00018e    program     static C:\Users\AngelOrellana\OneDrive\Escritorio\uvg\4toSemestre\PrograDeMicros\Programas_ensamblador\Proyecto1.X\main.asm
           HORAS_1_EDITAR   0x0001af    program     static C:\Users\AngelOrellana\OneDrive\Escritorio\uvg\4toSemestre\PrograDeMicros\Programas_ensamblador\Proyecto1.X\main.asm
    HORAS_1_EDITAR_NORMAL   0x0001b3    program     static C:\Users\AngelOrellana\OneDrive\Escritorio\uvg\4toSemestre\PrograDeMicros\Programas_ensamblador\Proyecto1.X\main.asm
                  HORAS_2   0x000192    program     static C:\Users\AngelOrellana\OneDrive\Escritorio\uvg\4toSemestre\PrograDeMicros\Programas_ensamblador\Proyecto1.X\main.asm
           HORAS_2_EDITAR   0x0001b7    program     static C:\Users\AngelOrellana\OneDrive\Escritorio\uvg\4toSemestre\PrograDeMicros\Programas_ensamblador\Proyecto1.X\main.asm
    HORAS_2_EDITAR_NORMAL   0x0001bb    program     static C:\Users\AngelOrellana\OneDrive\Escritorio\uvg\4toSemestre\PrograDeMicros\Programas_ensamblador\Proyecto1.X\main.asm
              IF_NOT_CERO   0x000357    program     static C:\Users\AngelOrellana\OneDrive\Escritorio\uvg\4toSemestre\PrograDeMicros\Programas_ensamblador\Proyecto1.X\main.asm
          INCREMENTAR_DAY   0x0002fc    program     static C:\Users\AngelOrellana\OneDrive\Escritorio\uvg\4toSemestre\PrograDeMicros\Programas_ensamblador\Proyecto1.X\main.asm
         INCREMENTAR_HOUR   0x0002a9    program     static C:\Users\AngelOrellana\OneDrive\Escritorio\uvg\4toSemestre\PrograDeMicros\Programas_ensamblador\Proyecto1.X\main.asm
       INCREMENTAR_MINUTE   0x000286    program     static C:\Users\AngelOrellana\OneDrive\Escritorio\uvg\4toSemestre\PrograDeMicros\Programas_ensamblador\Proyecto1.X\main.asm
INCREMENTAR_MINUTE_TEMPORIZADOR   0x0003c0    program     static C:\Users\AngelOrellana\OneDrive\Escritorio\uvg\4toSemestre\PrograDeMicros\Programas_ensamblador\Proyecto1.X\main.asm
        INCREMENTAR_MONTH   0x000322    program     static C:\Users\AngelOrellana\OneDrive\Escritorio\uvg\4toSemestre\PrograDeMicros\Programas_ensamblador\Proyecto1.X\main.asm
       INCREMENTAR_SECOND   0x000389    program     static C:\Users\AngelOrellana\OneDrive\Escritorio\uvg\4toSemestre\PrograDeMicros\Programas_ensamblador\Proyecto1.X\main.asm
                     LOAD   0x000086    program     static C:\Users\AngelOrellana\OneDrive\Escritorio\uvg\4toSemestre\PrograDeMicros\Programas_ensamblador\Proyecto1.X\main.asm
                     LOOP   0x0000e8    program     static C:\Users\AngelOrellana\OneDrive\Escritorio\uvg\4toSemestre\PrograDeMicros\Programas_ensamblador\Proyecto1.X\main.asm
                    MES_1   0x00016d    program     static C:\Users\AngelOrellana\OneDrive\Escritorio\uvg\4toSemestre\PrograDeMicros\Programas_ensamblador\Proyecto1.X\main.asm
             MES_1_EDITAR   0x0001c8    program     static C:\Users\AngelOrellana\OneDrive\Escritorio\uvg\4toSemestre\PrograDeMicros\Programas_ensamblador\Proyecto1.X\main.asm
      MES_1_EDITAR_NORMAL   0x0001cc    program     static C:\Users\AngelOrellana\OneDrive\Escritorio\uvg\4toSemestre\PrograDeMicros\Programas_ensamblador\Proyecto1.X\main.asm
                    MES_2   0x000171    program     static C:\Users\AngelOrellana\OneDrive\Escritorio\uvg\4toSemestre\PrograDeMicros\Programas_ensamblador\Proyecto1.X\main.asm
             MES_2_EDITAR   0x0001d0    program     static C:\Users\AngelOrellana\OneDrive\Escritorio\uvg\4toSemestre\PrograDeMicros\Programas_ensamblador\Proyecto1.X\main.asm
      MES_2_EDITAR_NORMAL   0x0001d4    program     static C:\Users\AngelOrellana\OneDrive\Escritorio\uvg\4toSemestre\PrograDeMicros\Programas_ensamblador\Proyecto1.X\main.asm
                MINUTOS_1   0x000186    program     static C:\Users\AngelOrellana\OneDrive\Escritorio\uvg\4toSemestre\PrograDeMicros\Programas_ensamblador\Proyecto1.X\main.asm
         MINUTOS_1_EDITAR   0x00019f    program     static C:\Users\AngelOrellana\OneDrive\Escritorio\uvg\4toSemestre\PrograDeMicros\Programas_ensamblador\Proyecto1.X\main.asm
  MINUTOS_1_EDITAR_NORMAL   0x0001a3    program     static C:\Users\AngelOrellana\OneDrive\Escritorio\uvg\4toSemestre\PrograDeMicros\Programas_ensamblador\Proyecto1.X\main.asm
           MINUTOS_1_TEMP   0x00015c    program     static C:\Users\AngelOrellana\OneDrive\Escritorio\uvg\4toSemestre\PrograDeMicros\Programas_ensamblador\Proyecto1.X\main.asm
                MINUTOS_2   0x00018a    program     static C:\Users\AngelOrellana\OneDrive\Escritorio\uvg\4toSemestre\PrograDeMicros\Programas_ensamblador\Proyecto1.X\main.asm
         MINUTOS_2_EDITAR   0x0001a7    program     static C:\Users\AngelOrellana\OneDrive\Escritorio\uvg\4toSemestre\PrograDeMicros\Programas_ensamblador\Proyecto1.X\main.asm
  MINUTOS_2_EDITAR_NORMAL   0x0001ab    program     static C:\Users\AngelOrellana\OneDrive\Escritorio\uvg\4toSemestre\PrograDeMicros\Programas_ensamblador\Proyecto1.X\main.asm
           MINUTOS_2_TEMP   0x000160    program     static C:\Users\AngelOrellana\OneDrive\Escritorio\uvg\4toSemestre\PrograDeMicros\Programas_ensamblador\Proyecto1.X\main.asm
MINUTOS_TEMPORIZADOR_1_EDITAR   0x000201    program     static C:\Users\AngelOrellana\OneDrive\Escritorio\uvg\4toSemestre\PrograDeMicros\Programas_ensamblador\Proyecto1.X\main.asm
MINUTOS_TEMPORIZADOR_1_EDITAR_NO   0x000205    program     static C:\Users\AngelOrellana\OneDrive\Escritorio\uvg\4toSemestre\PrograDeMicros\Programas_ensamblador\Proyecto1.X\main.asm
MINUTOS_TEMPORIZADOR_2_EDITAR   0x000209    program     static C:\Users\AngelOrellana\OneDrive\Escritorio\uvg\4toSemestre\PrograDeMicros\Programas_ensamblador\Proyecto1.X\main.asm
MINUTOS_TEMPORIZADOR_2_EDITAR_NO   0x00020d    program     static C:\Users\AngelOrellana\OneDrive\Escritorio\uvg\4toSemestre\PrograDeMicros\Programas_ensamblador\Proyecto1.X\main.asm
                   NORMAL   0x0000f6    program     static C:\Users\AngelOrellana\OneDrive\Escritorio\uvg\4toSemestre\PrograDeMicros\Programas_ensamblador\Proyecto1.X\main.asm
          NO_EDITAR_FECHA   0x000128    program     static C:\Users\AngelOrellana\OneDrive\Escritorio\uvg\4toSemestre\PrograDeMicros\Programas_ensamblador\Proyecto1.X\main.asm
           NO_EDITAR_HORA   0x00011a    program     static C:\Users\AngelOrellana\OneDrive\Escritorio\uvg\4toSemestre\PrograDeMicros\Programas_ensamblador\Proyecto1.X\main.asm
   NO_EDITAR_TEMPORIZADOR   0x000136    program     static C:\Users\AngelOrellana\OneDrive\Escritorio\uvg\4toSemestre\PrograDeMicros\Programas_ensamblador\Proyecto1.X\main.asm
                 OPCIONES   0x00010e    program     static C:\Users\AngelOrellana\OneDrive\Escritorio\uvg\4toSemestre\PrograDeMicros\Programas_ensamblador\Proyecto1.X\main.asm
          OPCIONES_NORMAL   0x00010b    program     static C:\Users\AngelOrellana\OneDrive\Escritorio\uvg\4toSemestre\PrograDeMicros\Programas_ensamblador\Proyecto1.X\main.asm
             OPCION_FECHA   0x000125    program     static C:\Users\AngelOrellana\OneDrive\Escritorio\uvg\4toSemestre\PrograDeMicros\Programas_ensamblador\Proyecto1.X\main.asm
             OPCION_RELOJ   0x000117    program     static C:\Users\AngelOrellana\OneDrive\Escritorio\uvg\4toSemestre\PrograDeMicros\Programas_ensamblador\Proyecto1.X\main.asm
      OPCION_TEMPORIZADOR   0x000133    program     static C:\Users\AngelOrellana\OneDrive\Escritorio\uvg\4toSemestre\PrograDeMicros\Programas_ensamblador\Proyecto1.X\main.asm
             OVERFLOW_DIA   0x000308    program     static C:\Users\AngelOrellana\OneDrive\Escritorio\uvg\4toSemestre\PrograDeMicros\Programas_ensamblador\Proyecto1.X\main.asm
           PUNTOS_ENMEDIO   0x000031    program     static C:\Users\AngelOrellana\OneDrive\Escritorio\uvg\4toSemestre\PrograDeMicros\Programas_ensamblador\Proyecto1.X\main.asm
                    SALIR   0x0002b9    program     static C:\Users\AngelOrellana\OneDrive\Escritorio\uvg\4toSemestre\PrograDeMicros\Programas_ensamblador\Proyecto1.X\main.asm
              SALIR_FECHA   0x000336    program     static C:\Users\AngelOrellana\OneDrive\Escritorio\uvg\4toSemestre\PrograDeMicros\Programas_ensamblador\Proyecto1.X\main.asm
       SALIR_TEMPORIZADOR   0x0003d0    program     static C:\Users\AngelOrellana\OneDrive\Escritorio\uvg\4toSemestre\PrograDeMicros\Programas_ensamblador\Proyecto1.X\main.asm
                     SAVE   0x000004    program     static C:\Users\AngelOrellana\OneDrive\Escritorio\uvg\4toSemestre\PrograDeMicros\Programas_ensamblador\Proyecto1.X\main.asm
         SEGUIR_NO_EDITAR   0x000140    program     static C:\Users\AngelOrellana\OneDrive\Escritorio\uvg\4toSemestre\PrograDeMicros\Programas_ensamblador\Proyecto1.X\main.asm
          SEGUNDOS_1_TEMP   0x000154    program     static C:\Users\AngelOrellana\OneDrive\Escritorio\uvg\4toSemestre\PrograDeMicros\Programas_ensamblador\Proyecto1.X\main.asm
          SEGUNDOS_2_TEMP   0x000158    program     static C:\Users\AngelOrellana\OneDrive\Escritorio\uvg\4toSemestre\PrograDeMicros\Programas_ensamblador\Proyecto1.X\main.asm
SEGUNDOS_TEMPORIZADOR_1_EDITAR   0x0001f1    program     static C:\Users\AngelOrellana\OneDrive\Escritorio\uvg\4toSemestre\PrograDeMicros\Programas_ensamblador\Proyecto1.X\main.asm
SEGUNDOS_TEMPORIZADOR_1_EDITAR_N   0x0001f5    program     static C:\Users\AngelOrellana\OneDrive\Escritorio\uvg\4toSemestre\PrograDeMicros\Programas_ensamblador\Proyecto1.X\main.asm
SEGUNDOS_TEMPORIZADOR_2_EDITAR   0x0001f9    program     static C:\Users\AngelOrellana\OneDrive\Escritorio\uvg\4toSemestre\PrograDeMicros\Programas_ensamblador\Proyecto1.X\main.asm
SEGUNDOS_TEMPORIZADOR_2_EDITAR_N   0x0001fd    program     static C:\Users\AngelOrellana\OneDrive\Escritorio\uvg\4toSemestre\PrograDeMicros\Programas_ensamblador\Proyecto1.X\main.asm
              SELECCIONAR   0x000007    program     static C:\Users\AngelOrellana\OneDrive\Escritorio\uvg\4toSemestre\PrograDeMicros\Programas_ensamblador\Proyecto1.X\main.asm
          SI_EDITAR_FECHA   0x00012d    program     static C:\Users\AngelOrellana\OneDrive\Escritorio\uvg\4toSemestre\PrograDeMicros\Programas_ensamblador\Proyecto1.X\main.asm
           SI_EDITAR_HORA   0x00011f    program     static C:\Users\AngelOrellana\OneDrive\Escritorio\uvg\4toSemestre\PrograDeMicros\Programas_ensamblador\Proyecto1.X\main.asm
   SI_EDITAR_TEMPORIZADOR   0x000145    program     static C:\Users\AngelOrellana\OneDrive\Escritorio\uvg\4toSemestre\PrograDeMicros\Programas_ensamblador\Proyecto1.X\main.asm
     SI_YA_SE_ENTRO_ANTES   0x000268    program     static C:\Users\AngelOrellana\OneDrive\Escritorio\uvg\4toSemestre\PrograDeMicros\Programas_ensamblador\Proyecto1.X\main.asm
SI_YA_SE_ENTRO_ANTES_FECHA   0x0002d7    program     static C:\Users\AngelOrellana\OneDrive\Escritorio\uvg\4toSemestre\PrograDeMicros\Programas_ensamblador\Proyecto1.X\main.asm
SI_YA_SE_ENTRO_ANTES_TEMPORIZADO   0x000361    program     static C:\Users\AngelOrellana\OneDrive\Escritorio\uvg\4toSemestre\PrograDeMicros\Programas_ensamblador\Proyecto1.X\main.asm
             SONAR_BUZZER   0x00001c    program     static C:\Users\AngelOrellana\OneDrive\Escritorio\uvg\4toSemestre\PrograDeMicros\Programas_ensamblador\Proyecto1.X\main.asm
                    START   0x0000a9    program     static C:\Users\AngelOrellana\OneDrive\Escritorio\uvg\4toSemestre\PrograDeMicros\Programas_ensamblador\Proyecto1.X\main.asm
                    TABLA   0x00008b    program     static C:\Users\AngelOrellana\OneDrive\Escritorio\uvg\4toSemestre\PrograDeMicros\Programas_ensamblador\Proyecto1.X\main.asm
              TABLA_MESES   0x000097    program     static C:\Users\AngelOrellana\OneDrive\Escritorio\uvg\4toSemestre\PrograDeMicros\Programas_ensamblador\Proyecto1.X\main.asm
               TITILAR_7S   0x000026    program     static C:\Users\AngelOrellana\OneDrive\Escritorio\uvg\4toSemestre\PrograDeMicros\Programas_ensamblador\Proyecto1.X\main.asm
                 TMR0_INT   0x00000e    program     static C:\Users\AngelOrellana\OneDrive\Escritorio\uvg\4toSemestre\PrograDeMicros\Programas_ensamblador\Proyecto1.X\main.asm
                 TMR1_INT   0x000048    program     static C:\Users\AngelOrellana\OneDrive\Escritorio\uvg\4toSemestre\PrograDeMicros\Programas_ensamblador\Proyecto1.X\main.asm
                 TMR2_INT   0x00006e    program     static C:\Users\AngelOrellana\OneDrive\Escritorio\uvg\4toSemestre\PrograDeMicros\Programas_ensamblador\Proyecto1.X\main.asm
              VALOR_FECHA   0x000220    program     static C:\Users\AngelOrellana\OneDrive\Escritorio\uvg\4toSemestre\PrograDeMicros\Programas_ensamblador\Proyecto1.X\main.asm
                VALOR_MES   0x000229    program     static C:\Users\AngelOrellana\OneDrive\Escritorio\uvg\4toSemestre\PrograDeMicros\Programas_ensamblador\Proyecto1.X\main.asm
              VALOR_RELOJ   0x00023e    program     static C:\Users\AngelOrellana\OneDrive\Escritorio\uvg\4toSemestre\PrograDeMicros\Programas_ensamblador\Proyecto1.X\main.asm
       VALOR_TEMPORIZADOR   0x000211    program     static C:\Users\AngelOrellana\OneDrive\Escritorio\uvg\4toSemestre\PrograDeMicros\Programas_ensamblador\Proyecto1.X\main.asm
VERIFICAR_OVERFLOW_HORA_EDITAR   0x0002b5    program     static C:\Users\AngelOrellana\OneDrive\Escritorio\uvg\4toSemestre\PrograDeMicros\Programas_ensamblador\Proyecto1.X\main.asm
VERIFICAR_OVERFLOW_MINUTOS_EDITA   0x0003cc    program     static C:\Users\AngelOrellana\OneDrive\Escritorio\uvg\4toSemestre\PrograDeMicros\Programas_ensamblador\Proyecto1.X\main.asm
VERIFICAR_OVERFLOW_MINUTO_EDITAR   0x000292    program     static C:\Users\AngelOrellana\OneDrive\Escritorio\uvg\4toSemestre\PrograDeMicros\Programas_ensamblador\Proyecto1.X\main.asm
VERIFICAR_OVERFLOW_SEGUNDOS_TEMP   0x00039f    program     static C:\Users\AngelOrellana\OneDrive\Escritorio\uvg\4toSemestre\PrograDeMicros\Programas_ensamblador\Proyecto1.X\main.asm
                VER_PORTB   0x0003ae    program     static C:\Users\AngelOrellana\OneDrive\Escritorio\uvg\4toSemestre\PrograDeMicros\Programas_ensamblador\Proyecto1.X\main.asm
          _MAIN_PROG_0339   0x0003e2    program     static C:\Users\AngelOrellana\OneDrive\Escritorio\uvg\4toSemestre\PrograDeMicros\Programas_ensamblador\Proyecto1.X\main.asm
          CONTADOR_ALARMA   0x00003f       data     static C:\Users\AngelOrellana\OneDrive\Escritorio\uvg\4toSemestre\PrograDeMicros\Programas_ensamblador\Proyecto1.X\main.asm
          CONTADOR_BUZZER   0x000038       data     static C:\Users\AngelOrellana\OneDrive\Escritorio\uvg\4toSemestre\PrograDeMicros\Programas_ensamblador\Proyecto1.X\main.asm
            CONTADOR_TMR1   0x000036       data     static C:\Users\AngelOrellana\OneDrive\Escritorio\uvg\4toSemestre\PrograDeMicros\Programas_ensamblador\Proyecto1.X\main.asm
            CONTADOR_TMR2   0x00003e       data     static C:\Users\AngelOrellana\OneDrive\Escritorio\uvg\4toSemestre\PrograDeMicros\Programas_ensamblador\Proyecto1.X\main.asm
          CONTROL_DISPLAY   0x000028       data     static C:\Users\AngelOrellana\OneDrive\Escritorio\uvg\4toSemestre\PrograDeMicros\Programas_ensamblador\Proyecto1.X\main.asm
                CUENTALED   0x000021       data     static C:\Users\AngelOrellana\OneDrive\Escritorio\uvg\4toSemestre\PrograDeMicros\Programas_ensamblador\Proyecto1.X\main.asm
               CUENTATMR0   0x000020       data     static C:\Users\AngelOrellana\OneDrive\Escritorio\uvg\4toSemestre\PrograDeMicros\Programas_ensamblador\Proyecto1.X\main.asm
                    DELAY   0x00002f       data     static C:\Users\AngelOrellana\OneDrive\Escritorio\uvg\4toSemestre\PrograDeMicros\Programas_ensamblador\Proyecto1.X\main.asm
                      DIA   0x000025       data     static C:\Users\AngelOrellana\OneDrive\Escritorio\uvg\4toSemestre\PrograDeMicros\Programas_ensamblador\Proyecto1.X\main.asm
               DIA_EDITAR   0x000034       data     static C:\Users\AngelOrellana\OneDrive\Escritorio\uvg\4toSemestre\PrograDeMicros\Programas_ensamblador\Proyecto1.X\main.asm
                  DIA_MAX   0x000039       data     static C:\Users\AngelOrellana\OneDrive\Escritorio\uvg\4toSemestre\PrograDeMicros\Programas_ensamblador\Proyecto1.X\main.asm
                    FLAGS   0x00002d       data     static C:\Users\AngelOrellana\OneDrive\Escritorio\uvg\4toSemestre\PrograDeMicros\Programas_ensamblador\Proyecto1.X\main.asm
                    HORAS   0x000024       data     static C:\Users\AngelOrellana\OneDrive\Escritorio\uvg\4toSemestre\PrograDeMicros\Programas_ensamblador\Proyecto1.X\main.asm
              HORA_EDITAR   0x000031       data     static C:\Users\AngelOrellana\OneDrive\Escritorio\uvg\4toSemestre\PrograDeMicros\Programas_ensamblador\Proyecto1.X\main.asm
                  MES_BCD   0x000026       data     static C:\Users\AngelOrellana\OneDrive\Escritorio\uvg\4toSemestre\PrograDeMicros\Programas_ensamblador\Proyecto1.X\main.asm
           MES_BCD_EDITAR   0x000032       data     static C:\Users\AngelOrellana\OneDrive\Escritorio\uvg\4toSemestre\PrograDeMicros\Programas_ensamblador\Proyecto1.X\main.asm
                  MES_BIN   0x000027       data     static C:\Users\AngelOrellana\OneDrive\Escritorio\uvg\4toSemestre\PrograDeMicros\Programas_ensamblador\Proyecto1.X\main.asm
           MES_BIN_EDITAR   0x000033       data     static C:\Users\AngelOrellana\OneDrive\Escritorio\uvg\4toSemestre\PrograDeMicros\Programas_ensamblador\Proyecto1.X\main.asm
                  MINUTOS   0x000023       data     static C:\Users\AngelOrellana\OneDrive\Escritorio\uvg\4toSemestre\PrograDeMicros\Programas_ensamblador\Proyecto1.X\main.asm
     MINUTOS_TEMPORIZADOR   0x00003b       data     static C:\Users\AngelOrellana\OneDrive\Escritorio\uvg\4toSemestre\PrograDeMicros\Programas_ensamblador\Proyecto1.X\main.asm
MINUTOS_TEMPORIZADOR_EDITAR   0x00003d       data     static C:\Users\AngelOrellana\OneDrive\Escritorio\uvg\4toSemestre\PrograDeMicros\Programas_ensamblador\Proyecto1.X\main.asm
            MINUTO_EDITAR   0x000030       data     static C:\Users\AngelOrellana\OneDrive\Escritorio\uvg\4toSemestre\PrograDeMicros\Programas_ensamblador\Proyecto1.X\main.asm
                   OPCION   0x00002e       data     static C:\Users\AngelOrellana\OneDrive\Escritorio\uvg\4toSemestre\PrograDeMicros\Programas_ensamblador\Proyecto1.X\main.asm
             PORTB_ACTUAL   0x00002b       data     static C:\Users\AngelOrellana\OneDrive\Escritorio\uvg\4toSemestre\PrograDeMicros\Programas_ensamblador\Proyecto1.X\main.asm
           PORTB_ANTERIOR   0x00002c       data     static C:\Users\AngelOrellana\OneDrive\Escritorio\uvg\4toSemestre\PrograDeMicros\Programas_ensamblador\Proyecto1.X\main.asm
                SAVE_TEMP   0x000035       data     static C:\Users\AngelOrellana\OneDrive\Escritorio\uvg\4toSemestre\PrograDeMicros\Programas_ensamblador\Proyecto1.X\main.asm
                 SEGUNDOS   0x000022       data     static C:\Users\AngelOrellana\OneDrive\Escritorio\uvg\4toSemestre\PrograDeMicros\Programas_ensamblador\Proyecto1.X\main.asm
          SEGUNDOS_ALARMA   0x000040       data     static C:\Users\AngelOrellana\OneDrive\Escritorio\uvg\4toSemestre\PrograDeMicros\Programas_ensamblador\Proyecto1.X\main.asm
    SEGUNDOS_TEMPORIZADOR   0x00003a       data     static C:\Users\AngelOrellana\OneDrive\Escritorio\uvg\4toSemestre\PrograDeMicros\Programas_ensamblador\Proyecto1.X\main.asm
SEGUNDOS_TEMPORIZADOR_EDITAR   0x00003c       data     static C:\Users\AngelOrellana\OneDrive\Escritorio\uvg\4toSemestre\PrograDeMicros\Programas_ensamblador\Proyecto1.X\main.asm
                STATUSRAM   0x00002a       data     static C:\Users\AngelOrellana\OneDrive\Escritorio\uvg\4toSemestre\PrograDeMicros\Programas_ensamblador\Proyecto1.X\main.asm
         TITILAR_DISPLAYS   0x000037       data     static C:\Users\AngelOrellana\OneDrive\Escritorio\uvg\4toSemestre\PrograDeMicros\Programas_ensamblador\Proyecto1.X\main.asm
                     WRAM   0x000029       data     static C:\Users\AngelOrellana\OneDrive\Escritorio\uvg\4toSemestre\PrograDeMicros\Programas_ensamblador\Proyecto1.X\main.asm



                              Symbols - Sorted by Address
                     Name    Address   Location    Storage File                     
                ---------  ---------  ---------  --------- ---------                
                     SAVE   0x000004    program     static C:\Users\AngelOrellana\OneDrive\Escritorio\uvg\4toSemestre\PrograDeMicros\Programas_ensamblador\Proyecto1.X\main.asm
              SELECCIONAR   0x000007    program     static C:\Users\AngelOrellana\OneDrive\Escritorio\uvg\4toSemestre\PrograDeMicros\Programas_ensamblador\Proyecto1.X\main.asm
                 TMR0_INT   0x00000e    program     static C:\Users\AngelOrellana\OneDrive\Escritorio\uvg\4toSemestre\PrograDeMicros\Programas_ensamblador\Proyecto1.X\main.asm
             SONAR_BUZZER   0x00001c    program     static C:\Users\AngelOrellana\OneDrive\Escritorio\uvg\4toSemestre\PrograDeMicros\Programas_ensamblador\Proyecto1.X\main.asm
               TITILAR_7S   0x000026    program     static C:\Users\AngelOrellana\OneDrive\Escritorio\uvg\4toSemestre\PrograDeMicros\Programas_ensamblador\Proyecto1.X\main.asm
           PUNTOS_ENMEDIO   0x000031    program     static C:\Users\AngelOrellana\OneDrive\Escritorio\uvg\4toSemestre\PrograDeMicros\Programas_ensamblador\Proyecto1.X\main.asm
           CONTAR_SEGUNDO   0x000042    program     static C:\Users\AngelOrellana\OneDrive\Escritorio\uvg\4toSemestre\PrograDeMicros\Programas_ensamblador\Proyecto1.X\main.asm
                 TMR1_INT   0x000048    program     static C:\Users\AngelOrellana\OneDrive\Escritorio\uvg\4toSemestre\PrograDeMicros\Programas_ensamblador\Proyecto1.X\main.asm
            EDITANDO_HORA   0x00005c    program     static C:\Users\AngelOrellana\OneDrive\Escritorio\uvg\4toSemestre\PrograDeMicros\Programas_ensamblador\Proyecto1.X\main.asm
           EDITANDO_FECHA   0x000062    program     static C:\Users\AngelOrellana\OneDrive\Escritorio\uvg\4toSemestre\PrograDeMicros\Programas_ensamblador\Proyecto1.X\main.asm
           EDITANDO_TIMER   0x000069    program     static C:\Users\AngelOrellana\OneDrive\Escritorio\uvg\4toSemestre\PrograDeMicros\Programas_ensamblador\Proyecto1.X\main.asm
                 TMR2_INT   0x00006e    program     static C:\Users\AngelOrellana\OneDrive\Escritorio\uvg\4toSemestre\PrograDeMicros\Programas_ensamblador\Proyecto1.X\main.asm
FUNCIONAMIENTO_NORMAL_TEMPORIZAD   0x00007f    program     static C:\Users\AngelOrellana\OneDrive\Escritorio\uvg\4toSemestre\PrograDeMicros\Programas_ensamblador\Proyecto1.X\main.asm
DECREMENTAR_MINUTOS_TEMPORIZADOR   0x000085    program     static C:\Users\AngelOrellana\OneDrive\Escritorio\uvg\4toSemestre\PrograDeMicros\Programas_ensamblador\Proyecto1.X\main.asm
                     LOAD   0x000086    program     static C:\Users\AngelOrellana\OneDrive\Escritorio\uvg\4toSemestre\PrograDeMicros\Programas_ensamblador\Proyecto1.X\main.asm
                    TABLA   0x00008b    program     static C:\Users\AngelOrellana\OneDrive\Escritorio\uvg\4toSemestre\PrograDeMicros\Programas_ensamblador\Proyecto1.X\main.asm
              TABLA_MESES   0x000097    program     static C:\Users\AngelOrellana\OneDrive\Escritorio\uvg\4toSemestre\PrograDeMicros\Programas_ensamblador\Proyecto1.X\main.asm
                    START   0x0000a9    program     static C:\Users\AngelOrellana\OneDrive\Escritorio\uvg\4toSemestre\PrograDeMicros\Programas_ensamblador\Proyecto1.X\main.asm
                     LOOP   0x0000e8    program     static C:\Users\AngelOrellana\OneDrive\Escritorio\uvg\4toSemestre\PrograDeMicros\Programas_ensamblador\Proyecto1.X\main.asm
                   NORMAL   0x0000f6    program     static C:\Users\AngelOrellana\OneDrive\Escritorio\uvg\4toSemestre\PrograDeMicros\Programas_ensamblador\Proyecto1.X\main.asm
        ESTABLECER_OPCION   0x000100    program     static C:\Users\AngelOrellana\OneDrive\Escritorio\uvg\4toSemestre\PrograDeMicros\Programas_ensamblador\Proyecto1.X\main.asm
          OPCIONES_NORMAL   0x00010b    program     static C:\Users\AngelOrellana\OneDrive\Escritorio\uvg\4toSemestre\PrograDeMicros\Programas_ensamblador\Proyecto1.X\main.asm
                 OPCIONES   0x00010e    program     static C:\Users\AngelOrellana\OneDrive\Escritorio\uvg\4toSemestre\PrograDeMicros\Programas_ensamblador\Proyecto1.X\main.asm
             OPCION_RELOJ   0x000117    program     static C:\Users\AngelOrellana\OneDrive\Escritorio\uvg\4toSemestre\PrograDeMicros\Programas_ensamblador\Proyecto1.X\main.asm
           NO_EDITAR_HORA   0x00011a    program     static C:\Users\AngelOrellana\OneDrive\Escritorio\uvg\4toSemestre\PrograDeMicros\Programas_ensamblador\Proyecto1.X\main.asm
           SI_EDITAR_HORA   0x00011f    program     static C:\Users\AngelOrellana\OneDrive\Escritorio\uvg\4toSemestre\PrograDeMicros\Programas_ensamblador\Proyecto1.X\main.asm
             OPCION_FECHA   0x000125    program     static C:\Users\AngelOrellana\OneDrive\Escritorio\uvg\4toSemestre\PrograDeMicros\Programas_ensamblador\Proyecto1.X\main.asm
          NO_EDITAR_FECHA   0x000128    program     static C:\Users\AngelOrellana\OneDrive\Escritorio\uvg\4toSemestre\PrograDeMicros\Programas_ensamblador\Proyecto1.X\main.asm
          SI_EDITAR_FECHA   0x00012d    program     static C:\Users\AngelOrellana\OneDrive\Escritorio\uvg\4toSemestre\PrograDeMicros\Programas_ensamblador\Proyecto1.X\main.asm
      OPCION_TEMPORIZADOR   0x000133    program     static C:\Users\AngelOrellana\OneDrive\Escritorio\uvg\4toSemestre\PrograDeMicros\Programas_ensamblador\Proyecto1.X\main.asm
   NO_EDITAR_TEMPORIZADOR   0x000136    program     static C:\Users\AngelOrellana\OneDrive\Escritorio\uvg\4toSemestre\PrograDeMicros\Programas_ensamblador\Proyecto1.X\main.asm
         SEGUIR_NO_EDITAR   0x000140    program     static C:\Users\AngelOrellana\OneDrive\Escritorio\uvg\4toSemestre\PrograDeMicros\Programas_ensamblador\Proyecto1.X\main.asm
   SI_EDITAR_TEMPORIZADOR   0x000145    program     static C:\Users\AngelOrellana\OneDrive\Escritorio\uvg\4toSemestre\PrograDeMicros\Programas_ensamblador\Proyecto1.X\main.asm
     DISPLAY_TEMPORIZADOR   0x00014b    program     static C:\Users\AngelOrellana\OneDrive\Escritorio\uvg\4toSemestre\PrograDeMicros\Programas_ensamblador\Proyecto1.X\main.asm
          SEGUNDOS_1_TEMP   0x000154    program     static C:\Users\AngelOrellana\OneDrive\Escritorio\uvg\4toSemestre\PrograDeMicros\Programas_ensamblador\Proyecto1.X\main.asm
          SEGUNDOS_2_TEMP   0x000158    program     static C:\Users\AngelOrellana\OneDrive\Escritorio\uvg\4toSemestre\PrograDeMicros\Programas_ensamblador\Proyecto1.X\main.asm
           MINUTOS_1_TEMP   0x00015c    program     static C:\Users\AngelOrellana\OneDrive\Escritorio\uvg\4toSemestre\PrograDeMicros\Programas_ensamblador\Proyecto1.X\main.asm
           MINUTOS_2_TEMP   0x000160    program     static C:\Users\AngelOrellana\OneDrive\Escritorio\uvg\4toSemestre\PrograDeMicros\Programas_ensamblador\Proyecto1.X\main.asm
            DISPLAY_FECHA   0x000164    program     static C:\Users\AngelOrellana\OneDrive\Escritorio\uvg\4toSemestre\PrograDeMicros\Programas_ensamblador\Proyecto1.X\main.asm
                    MES_1   0x00016d    program     static C:\Users\AngelOrellana\OneDrive\Escritorio\uvg\4toSemestre\PrograDeMicros\Programas_ensamblador\Proyecto1.X\main.asm
                    MES_2   0x000171    program     static C:\Users\AngelOrellana\OneDrive\Escritorio\uvg\4toSemestre\PrograDeMicros\Programas_ensamblador\Proyecto1.X\main.asm
                    DIA_1   0x000175    program     static C:\Users\AngelOrellana\OneDrive\Escritorio\uvg\4toSemestre\PrograDeMicros\Programas_ensamblador\Proyecto1.X\main.asm
                    DIA_2   0x000179    program     static C:\Users\AngelOrellana\OneDrive\Escritorio\uvg\4toSemestre\PrograDeMicros\Programas_ensamblador\Proyecto1.X\main.asm
             DISPLAY_HORA   0x00017d    program     static C:\Users\AngelOrellana\OneDrive\Escritorio\uvg\4toSemestre\PrograDeMicros\Programas_ensamblador\Proyecto1.X\main.asm
                MINUTOS_1   0x000186    program     static C:\Users\AngelOrellana\OneDrive\Escritorio\uvg\4toSemestre\PrograDeMicros\Programas_ensamblador\Proyecto1.X\main.asm
                MINUTOS_2   0x00018a    program     static C:\Users\AngelOrellana\OneDrive\Escritorio\uvg\4toSemestre\PrograDeMicros\Programas_ensamblador\Proyecto1.X\main.asm
                  HORAS_1   0x00018e    program     static C:\Users\AngelOrellana\OneDrive\Escritorio\uvg\4toSemestre\PrograDeMicros\Programas_ensamblador\Proyecto1.X\main.asm
                  HORAS_2   0x000192    program     static C:\Users\AngelOrellana\OneDrive\Escritorio\uvg\4toSemestre\PrograDeMicros\Programas_ensamblador\Proyecto1.X\main.asm
      DISPLAY_HORA_EDITAR   0x000196    program     static C:\Users\AngelOrellana\OneDrive\Escritorio\uvg\4toSemestre\PrograDeMicros\Programas_ensamblador\Proyecto1.X\main.asm
         MINUTOS_1_EDITAR   0x00019f    program     static C:\Users\AngelOrellana\OneDrive\Escritorio\uvg\4toSemestre\PrograDeMicros\Programas_ensamblador\Proyecto1.X\main.asm
  MINUTOS_1_EDITAR_NORMAL   0x0001a3    program     static C:\Users\AngelOrellana\OneDrive\Escritorio\uvg\4toSemestre\PrograDeMicros\Programas_ensamblador\Proyecto1.X\main.asm
         MINUTOS_2_EDITAR   0x0001a7    program     static C:\Users\AngelOrellana\OneDrive\Escritorio\uvg\4toSemestre\PrograDeMicros\Programas_ensamblador\Proyecto1.X\main.asm
  MINUTOS_2_EDITAR_NORMAL   0x0001ab    program     static C:\Users\AngelOrellana\OneDrive\Escritorio\uvg\4toSemestre\PrograDeMicros\Programas_ensamblador\Proyecto1.X\main.asm
           HORAS_1_EDITAR   0x0001af    program     static C:\Users\AngelOrellana\OneDrive\Escritorio\uvg\4toSemestre\PrograDeMicros\Programas_ensamblador\Proyecto1.X\main.asm
    HORAS_1_EDITAR_NORMAL   0x0001b3    program     static C:\Users\AngelOrellana\OneDrive\Escritorio\uvg\4toSemestre\PrograDeMicros\Programas_ensamblador\Proyecto1.X\main.asm
           HORAS_2_EDITAR   0x0001b7    program     static C:\Users\AngelOrellana\OneDrive\Escritorio\uvg\4toSemestre\PrograDeMicros\Programas_ensamblador\Proyecto1.X\main.asm
    HORAS_2_EDITAR_NORMAL   0x0001bb    program     static C:\Users\AngelOrellana\OneDrive\Escritorio\uvg\4toSemestre\PrograDeMicros\Programas_ensamblador\Proyecto1.X\main.asm
     DISPLAY_FECHA_EDITAR   0x0001bf    program     static C:\Users\AngelOrellana\OneDrive\Escritorio\uvg\4toSemestre\PrograDeMicros\Programas_ensamblador\Proyecto1.X\main.asm
             MES_1_EDITAR   0x0001c8    program     static C:\Users\AngelOrellana\OneDrive\Escritorio\uvg\4toSemestre\PrograDeMicros\Programas_ensamblador\Proyecto1.X\main.asm
      MES_1_EDITAR_NORMAL   0x0001cc    program     static C:\Users\AngelOrellana\OneDrive\Escritorio\uvg\4toSemestre\PrograDeMicros\Programas_ensamblador\Proyecto1.X\main.asm
             MES_2_EDITAR   0x0001d0    program     static C:\Users\AngelOrellana\OneDrive\Escritorio\uvg\4toSemestre\PrograDeMicros\Programas_ensamblador\Proyecto1.X\main.asm
      MES_2_EDITAR_NORMAL   0x0001d4    program     static C:\Users\AngelOrellana\OneDrive\Escritorio\uvg\4toSemestre\PrograDeMicros\Programas_ensamblador\Proyecto1.X\main.asm
             DIA_1_EDITAR   0x0001d8    program     static C:\Users\AngelOrellana\OneDrive\Escritorio\uvg\4toSemestre\PrograDeMicros\Programas_ensamblador\Proyecto1.X\main.asm
      DIA_1_EDITAR_NORMAL   0x0001dc    program     static C:\Users\AngelOrellana\OneDrive\Escritorio\uvg\4toSemestre\PrograDeMicros\Programas_ensamblador\Proyecto1.X\main.asm
             DIA_2_EDITAR   0x0001e0    program     static C:\Users\AngelOrellana\OneDrive\Escritorio\uvg\4toSemestre\PrograDeMicros\Programas_ensamblador\Proyecto1.X\main.asm
      DIA_2_EDITAR_NORMAL   0x0001e4    program     static C:\Users\AngelOrellana\OneDrive\Escritorio\uvg\4toSemestre\PrograDeMicros\Programas_ensamblador\Proyecto1.X\main.asm
DISPLAY_TEMPORIZADOR_EDITAR   0x0001e8    program     static C:\Users\AngelOrellana\OneDrive\Escritorio\uvg\4toSemestre\PrograDeMicros\Programas_ensamblador\Proyecto1.X\main.asm
SEGUNDOS_TEMPORIZADOR_1_EDITAR   0x0001f1    program     static C:\Users\AngelOrellana\OneDrive\Escritorio\uvg\4toSemestre\PrograDeMicros\Programas_ensamblador\Proyecto1.X\main.asm
SEGUNDOS_TEMPORIZADOR_1_EDITAR_N   0x0001f5    program     static C:\Users\AngelOrellana\OneDrive\Escritorio\uvg\4toSemestre\PrograDeMicros\Programas_ensamblador\Proyecto1.X\main.asm
SEGUNDOS_TEMPORIZADOR_2_EDITAR   0x0001f9    program     static C:\Users\AngelOrellana\OneDrive\Escritorio\uvg\4toSemestre\PrograDeMicros\Programas_ensamblador\Proyecto1.X\main.asm
SEGUNDOS_TEMPORIZADOR_2_EDITAR_N   0x0001fd    program     static C:\Users\AngelOrellana\OneDrive\Escritorio\uvg\4toSemestre\PrograDeMicros\Programas_ensamblador\Proyecto1.X\main.asm
MINUTOS_TEMPORIZADOR_1_EDITAR   0x000201    program     static C:\Users\AngelOrellana\OneDrive\Escritorio\uvg\4toSemestre\PrograDeMicros\Programas_ensamblador\Proyecto1.X\main.asm
MINUTOS_TEMPORIZADOR_1_EDITAR_NO   0x000205    program     static C:\Users\AngelOrellana\OneDrive\Escritorio\uvg\4toSemestre\PrograDeMicros\Programas_ensamblador\Proyecto1.X\main.asm
MINUTOS_TEMPORIZADOR_2_EDITAR   0x000209    program     static C:\Users\AngelOrellana\OneDrive\Escritorio\uvg\4toSemestre\PrograDeMicros\Programas_ensamblador\Proyecto1.X\main.asm
MINUTOS_TEMPORIZADOR_2_EDITAR_NO   0x00020d    program     static C:\Users\AngelOrellana\OneDrive\Escritorio\uvg\4toSemestre\PrograDeMicros\Programas_ensamblador\Proyecto1.X\main.asm
       VALOR_TEMPORIZADOR   0x000211    program     static C:\Users\AngelOrellana\OneDrive\Escritorio\uvg\4toSemestre\PrograDeMicros\Programas_ensamblador\Proyecto1.X\main.asm
  DEC_MINUTO_TEMPORIZADOR   0x000218    program     static C:\Users\AngelOrellana\OneDrive\Escritorio\uvg\4toSemestre\PrograDeMicros\Programas_ensamblador\Proyecto1.X\main.asm
              VALOR_FECHA   0x000220    program     static C:\Users\AngelOrellana\OneDrive\Escritorio\uvg\4toSemestre\PrograDeMicros\Programas_ensamblador\Proyecto1.X\main.asm
                VALOR_MES   0x000229    program     static C:\Users\AngelOrellana\OneDrive\Escritorio\uvg\4toSemestre\PrograDeMicros\Programas_ensamblador\Proyecto1.X\main.asm
              VALOR_RELOJ   0x00023e    program     static C:\Users\AngelOrellana\OneDrive\Escritorio\uvg\4toSemestre\PrograDeMicros\Programas_ensamblador\Proyecto1.X\main.asm
          CORRECCION_HORA   0x000253    program     static C:\Users\AngelOrellana\OneDrive\Escritorio\uvg\4toSemestre\PrograDeMicros\Programas_ensamblador\Proyecto1.X\main.asm
              EDITAR_HORA   0x00025b    program     static C:\Users\AngelOrellana\OneDrive\Escritorio\uvg\4toSemestre\PrograDeMicros\Programas_ensamblador\Proyecto1.X\main.asm
     SI_YA_SE_ENTRO_ANTES   0x000268    program     static C:\Users\AngelOrellana\OneDrive\Escritorio\uvg\4toSemestre\PrograDeMicros\Programas_ensamblador\Proyecto1.X\main.asm
                CAMBIAR_0   0x000271    program     static C:\Users\AngelOrellana\OneDrive\Escritorio\uvg\4toSemestre\PrograDeMicros\Programas_ensamblador\Proyecto1.X\main.asm
                  CAMBIAR   0x000272    program     static C:\Users\AngelOrellana\OneDrive\Escritorio\uvg\4toSemestre\PrograDeMicros\Programas_ensamblador\Proyecto1.X\main.asm
       DECREMENTAR_MINUTE   0x000274    program     static C:\Users\AngelOrellana\OneDrive\Escritorio\uvg\4toSemestre\PrograDeMicros\Programas_ensamblador\Proyecto1.X\main.asm
              EDIT_MINUTE   0x000274    program     static C:\Users\AngelOrellana\OneDrive\Escritorio\uvg\4toSemestre\PrograDeMicros\Programas_ensamblador\Proyecto1.X\main.asm
CORREGIR_BCD_MINUTO_EDITAR   0x00027f    program     static C:\Users\AngelOrellana\OneDrive\Escritorio\uvg\4toSemestre\PrograDeMicros\Programas_ensamblador\Proyecto1.X\main.asm
       INCREMENTAR_MINUTE   0x000286    program     static C:\Users\AngelOrellana\OneDrive\Escritorio\uvg\4toSemestre\PrograDeMicros\Programas_ensamblador\Proyecto1.X\main.asm
VERIFICAR_OVERFLOW_MINUTO_EDITAR   0x000292    program     static C:\Users\AngelOrellana\OneDrive\Escritorio\uvg\4toSemestre\PrograDeMicros\Programas_ensamblador\Proyecto1.X\main.asm
                EDIT_HOUR   0x000297    program     static C:\Users\AngelOrellana\OneDrive\Escritorio\uvg\4toSemestre\PrograDeMicros\Programas_ensamblador\Proyecto1.X\main.asm
 CORREGIR_BCD_HORA_EDITAR   0x0002a2    program     static C:\Users\AngelOrellana\OneDrive\Escritorio\uvg\4toSemestre\PrograDeMicros\Programas_ensamblador\Proyecto1.X\main.asm
         INCREMENTAR_HOUR   0x0002a9    program     static C:\Users\AngelOrellana\OneDrive\Escritorio\uvg\4toSemestre\PrograDeMicros\Programas_ensamblador\Proyecto1.X\main.asm
VERIFICAR_OVERFLOW_HORA_EDITAR   0x0002b5    program     static C:\Users\AngelOrellana\OneDrive\Escritorio\uvg\4toSemestre\PrograDeMicros\Programas_ensamblador\Proyecto1.X\main.asm
                    SALIR   0x0002b9    program     static C:\Users\AngelOrellana\OneDrive\Escritorio\uvg\4toSemestre\PrograDeMicros\Programas_ensamblador\Proyecto1.X\main.asm
             EDITAR_FECHA   0x0002c8    program     static C:\Users\AngelOrellana\OneDrive\Escritorio\uvg\4toSemestre\PrograDeMicros\Programas_ensamblador\Proyecto1.X\main.asm
SI_YA_SE_ENTRO_ANTES_FECHA   0x0002d7    program     static C:\Users\AngelOrellana\OneDrive\Escritorio\uvg\4toSemestre\PrograDeMicros\Programas_ensamblador\Proyecto1.X\main.asm
                CAMBIAR_1   0x0002e0    program     static C:\Users\AngelOrellana\OneDrive\Escritorio\uvg\4toSemestre\PrograDeMicros\Programas_ensamblador\Proyecto1.X\main.asm
            CAMBIAR_FECHA   0x0002e1    program     static C:\Users\AngelOrellana\OneDrive\Escritorio\uvg\4toSemestre\PrograDeMicros\Programas_ensamblador\Proyecto1.X\main.asm
           DECISION_FECHA   0x0002e9    program     static C:\Users\AngelOrellana\OneDrive\Escritorio\uvg\4toSemestre\PrograDeMicros\Programas_ensamblador\Proyecto1.X\main.asm
                 EDIT_DAY   0x0002ec    program     static C:\Users\AngelOrellana\OneDrive\Escritorio\uvg\4toSemestre\PrograDeMicros\Programas_ensamblador\Proyecto1.X\main.asm
          DECREMENTAR_DAY   0x0002ec    program     static C:\Users\AngelOrellana\OneDrive\Escritorio\uvg\4toSemestre\PrograDeMicros\Programas_ensamblador\Proyecto1.X\main.asm
  CORREGIR_BCD_DIA_EDITAR   0x0002f5    program     static C:\Users\AngelOrellana\OneDrive\Escritorio\uvg\4toSemestre\PrograDeMicros\Programas_ensamblador\Proyecto1.X\main.asm
          INCREMENTAR_DAY   0x0002fc    program     static C:\Users\AngelOrellana\OneDrive\Escritorio\uvg\4toSemestre\PrograDeMicros\Programas_ensamblador\Proyecto1.X\main.asm
             OVERFLOW_DIA   0x000308    program     static C:\Users\AngelOrellana\OneDrive\Escritorio\uvg\4toSemestre\PrograDeMicros\Programas_ensamblador\Proyecto1.X\main.asm
               EDIT_MONTH   0x00030f    program     static C:\Users\AngelOrellana\OneDrive\Escritorio\uvg\4toSemestre\PrograDeMicros\Programas_ensamblador\Proyecto1.X\main.asm
  CORREGIR_BCD_MES_EDITAR   0x00031b    program     static C:\Users\AngelOrellana\OneDrive\Escritorio\uvg\4toSemestre\PrograDeMicros\Programas_ensamblador\Proyecto1.X\main.asm
        INCREMENTAR_MONTH   0x000322    program     static C:\Users\AngelOrellana\OneDrive\Escritorio\uvg\4toSemestre\PrograDeMicros\Programas_ensamblador\Proyecto1.X\main.asm
CORREGIR_BCD_MES_INCREMENTAR   0x00032f    program     static C:\Users\AngelOrellana\OneDrive\Escritorio\uvg\4toSemestre\PrograDeMicros\Programas_ensamblador\Proyecto1.X\main.asm
              SALIR_FECHA   0x000336    program     static C:\Users\AngelOrellana\OneDrive\Escritorio\uvg\4toSemestre\PrograDeMicros\Programas_ensamblador\Proyecto1.X\main.asm
      EDITAR_TEMPORIZADOR   0x000345    program     static C:\Users\AngelOrellana\OneDrive\Escritorio\uvg\4toSemestre\PrograDeMicros\Programas_ensamblador\Proyecto1.X\main.asm
              IF_NOT_CERO   0x000357    program     static C:\Users\AngelOrellana\OneDrive\Escritorio\uvg\4toSemestre\PrograDeMicros\Programas_ensamblador\Proyecto1.X\main.asm
                 CONTINUE   0x000359    program     static C:\Users\AngelOrellana\OneDrive\Escritorio\uvg\4toSemestre\PrograDeMicros\Programas_ensamblador\Proyecto1.X\main.asm
SI_YA_SE_ENTRO_ANTES_TEMPORIZADO   0x000361    program     static C:\Users\AngelOrellana\OneDrive\Escritorio\uvg\4toSemestre\PrograDeMicros\Programas_ensamblador\Proyecto1.X\main.asm
   CAMBIAR_0_TEMPORIZADOR   0x00036a    program     static C:\Users\AngelOrellana\OneDrive\Escritorio\uvg\4toSemestre\PrograDeMicros\Programas_ensamblador\Proyecto1.X\main.asm
     CAMBIAR_TEMPORIZADOR   0x00036b    program     static C:\Users\AngelOrellana\OneDrive\Escritorio\uvg\4toSemestre\PrograDeMicros\Programas_ensamblador\Proyecto1.X\main.asm
       DECREMENTAR_SECOND   0x00036d    program     static C:\Users\AngelOrellana\OneDrive\Escritorio\uvg\4toSemestre\PrograDeMicros\Programas_ensamblador\Proyecto1.X\main.asm
              EDIT_SECOND   0x00036d    program     static C:\Users\AngelOrellana\OneDrive\Escritorio\uvg\4toSemestre\PrograDeMicros\Programas_ensamblador\Proyecto1.X\main.asm
CORREGIR_BCD_TEMP_SEG_DEC   0x00037c    program     static C:\Users\AngelOrellana\OneDrive\Escritorio\uvg\4toSemestre\PrograDeMicros\Programas_ensamblador\Proyecto1.X\main.asm
CORREGIR_BCD_SEGUNDO_TEMPORIZADO   0x000382    program     static C:\Users\AngelOrellana\OneDrive\Escritorio\uvg\4toSemestre\PrograDeMicros\Programas_ensamblador\Proyecto1.X\main.asm
       INCREMENTAR_SECOND   0x000389    program     static C:\Users\AngelOrellana\OneDrive\Escritorio\uvg\4toSemestre\PrograDeMicros\Programas_ensamblador\Proyecto1.X\main.asm
CORREGIR_BCD_TEMP_SEG_INC   0x000398    program     static C:\Users\AngelOrellana\OneDrive\Escritorio\uvg\4toSemestre\PrograDeMicros\Programas_ensamblador\Proyecto1.X\main.asm
VERIFICAR_OVERFLOW_SEGUNDOS_TEMP   0x00039f    program     static C:\Users\AngelOrellana\OneDrive\Escritorio\uvg\4toSemestre\PrograDeMicros\Programas_ensamblador\Proyecto1.X\main.asm
 EDIT_MINUTE_TEMPORIZADOR   0x0003a4    program     static C:\Users\AngelOrellana\OneDrive\Escritorio\uvg\4toSemestre\PrograDeMicros\Programas_ensamblador\Proyecto1.X\main.asm
                VER_PORTB   0x0003ae    program     static C:\Users\AngelOrellana\OneDrive\Escritorio\uvg\4toSemestre\PrograDeMicros\Programas_ensamblador\Proyecto1.X\main.asm
CORREGIR_BCD_MINUTOS_TEMPORIZADO   0x0003b9    program     static C:\Users\AngelOrellana\OneDrive\Escritorio\uvg\4toSemestre\PrograDeMicros\Programas_ensamblador\Proyecto1.X\main.asm
INCREMENTAR_MINUTE_TEMPORIZADOR   0x0003c0    program     static C:\Users\AngelOrellana\OneDrive\Escritorio\uvg\4toSemestre\PrograDeMicros\Programas_ensamblador\Proyecto1.X\main.asm
VERIFICAR_OVERFLOW_MINUTOS_EDITA   0x0003cc    program     static C:\Users\AngelOrellana\OneDrive\Escritorio\uvg\4toSemestre\PrograDeMicros\Programas_ensamblador\Proyecto1.X\main.asm
       SALIR_TEMPORIZADOR   0x0003d0    program     static C:\Users\AngelOrellana\OneDrive\Escritorio\uvg\4toSemestre\PrograDeMicros\Programas_ensamblador\Proyecto1.X\main.asm
                 DELAY_US   0x0003df    program     static C:\Users\AngelOrellana\OneDrive\Escritorio\uvg\4toSemestre\PrograDeMicros\Programas_ensamblador\Proyecto1.X\main.asm
          _MAIN_PROG_0339   0x0003e2    program     static C:\Users\AngelOrellana\OneDrive\Escritorio\uvg\4toSemestre\PrograDeMicros\Programas_ensamblador\Proyecto1.X\main.asm
               CUENTATMR0   0x000020       data     static C:\Users\AngelOrellana\OneDrive\Escritorio\uvg\4toSemestre\PrograDeMicros\Programas_ensamblador\Proyecto1.X\main.asm
                CUENTALED   0x000021       data     static C:\Users\AngelOrellana\OneDrive\Escritorio\uvg\4toSemestre\PrograDeMicros\Programas_ensamblador\Proyecto1.X\main.asm
                 SEGUNDOS   0x000022       data     static C:\Users\AngelOrellana\OneDrive\Escritorio\uvg\4toSemestre\PrograDeMicros\Programas_ensamblador\Proyecto1.X\main.asm
                  MINUTOS   0x000023       data     static C:\Users\AngelOrellana\OneDrive\Escritorio\uvg\4toSemestre\PrograDeMicros\Programas_ensamblador\Proyecto1.X\main.asm
                    HORAS   0x000024       data     static C:\Users\AngelOrellana\OneDrive\Escritorio\uvg\4toSemestre\PrograDeMicros\Programas_ensamblador\Proyecto1.X\main.asm
                      DIA   0x000025       data     static C:\Users\AngelOrellana\OneDrive\Escritorio\uvg\4toSemestre\PrograDeMicros\Programas_ensamblador\Proyecto1.X\main.asm
                  MES_BCD   0x000026       data     static C:\Users\AngelOrellana\OneDrive\Escritorio\uvg\4toSemestre\PrograDeMicros\Programas_ensamblador\Proyecto1.X\main.asm
                  MES_BIN   0x000027       data     static C:\Users\AngelOrellana\OneDrive\Escritorio\uvg\4toSemestre\PrograDeMicros\Programas_ensamblador\Proyecto1.X\main.asm
          CONTROL_DISPLAY   0x000028       data     static C:\Users\AngelOrellana\OneDrive\Escritorio\uvg\4toSemestre\PrograDeMicros\Programas_ensamblador\Proyecto1.X\main.asm
                     WRAM   0x000029       data     static C:\Users\AngelOrellana\OneDrive\Escritorio\uvg\4toSemestre\PrograDeMicros\Programas_ensamblador\Proyecto1.X\main.asm
                STATUSRAM   0x00002a       data     static C:\Users\AngelOrellana\OneDrive\Escritorio\uvg\4toSemestre\PrograDeMicros\Programas_ensamblador\Proyecto1.X\main.asm
             PORTB_ACTUAL   0x00002b       data     static C:\Users\AngelOrellana\OneDrive\Escritorio\uvg\4toSemestre\PrograDeMicros\Programas_ensamblador\Proyecto1.X\main.asm
           PORTB_ANTERIOR   0x00002c       data     static C:\Users\AngelOrellana\OneDrive\Escritorio\uvg\4toSemestre\PrograDeMicros\Programas_ensamblador\Proyecto1.X\main.asm
                    FLAGS   0x00002d       data     static C:\Users\AngelOrellana\OneDrive\Escritorio\uvg\4toSemestre\PrograDeMicros\Programas_ensamblador\Proyecto1.X\main.asm
                   OPCION   0x00002e       data     static C:\Users\AngelOrellana\OneDrive\Escritorio\uvg\4toSemestre\PrograDeMicros\Programas_ensamblador\Proyecto1.X\main.asm
                    DELAY   0x00002f       data     static C:\Users\AngelOrellana\OneDrive\Escritorio\uvg\4toSemestre\PrograDeMicros\Programas_ensamblador\Proyecto1.X\main.asm
            MINUTO_EDITAR   0x000030       data     static C:\Users\AngelOrellana\OneDrive\Escritorio\uvg\4toSemestre\PrograDeMicros\Programas_ensamblador\Proyecto1.X\main.asm
              HORA_EDITAR   0x000031       data     static C:\Users\AngelOrellana\OneDrive\Escritorio\uvg\4toSemestre\PrograDeMicros\Programas_ensamblador\Proyecto1.X\main.asm
           MES_BCD_EDITAR   0x000032       data     static C:\Users\AngelOrellana\OneDrive\Escritorio\uvg\4toSemestre\PrograDeMicros\Programas_ensamblador\Proyecto1.X\main.asm
           MES_BIN_EDITAR   0x000033       data     static C:\Users\AngelOrellana\OneDrive\Escritorio\uvg\4toSemestre\PrograDeMicros\Programas_ensamblador\Proyecto1.X\main.asm
               DIA_EDITAR   0x000034       data     static C:\Users\AngelOrellana\OneDrive\Escritorio\uvg\4toSemestre\PrograDeMicros\Programas_ensamblador\Proyecto1.X\main.asm
                SAVE_TEMP   0x000035       data     static C:\Users\AngelOrellana\OneDrive\Escritorio\uvg\4toSemestre\PrograDeMicros\Programas_ensamblador\Proyecto1.X\main.asm
            CONTADOR_TMR1   0x000036       data     static C:\Users\AngelOrellana\OneDrive\Escritorio\uvg\4toSemestre\PrograDeMicros\Programas_ensamblador\Proyecto1.X\main.asm
         TITILAR_DISPLAYS   0x000037       data     static C:\Users\AngelOrellana\OneDrive\Escritorio\uvg\4toSemestre\PrograDeMicros\Programas_ensamblador\Proyecto1.X\main.asm
          CONTADOR_BUZZER   0x000038       data     static C:\Users\AngelOrellana\OneDrive\Escritorio\uvg\4toSemestre\PrograDeMicros\Programas_ensamblador\Proyecto1.X\main.asm
                  DIA_MAX   0x000039       data     static C:\Users\AngelOrellana\OneDrive\Escritorio\uvg\4toSemestre\PrograDeMicros\Programas_ensamblador\Proyecto1.X\main.asm
    SEGUNDOS_TEMPORIZADOR   0x00003a       data     static C:\Users\AngelOrellana\OneDrive\Escritorio\uvg\4toSemestre\PrograDeMicros\Programas_ensamblador\Proyecto1.X\main.asm
     MINUTOS_TEMPORIZADOR   0x00003b       data     static C:\Users\AngelOrellana\OneDrive\Escritorio\uvg\4toSemestre\PrograDeMicros\Programas_ensamblador\Proyecto1.X\main.asm
SEGUNDOS_TEMPORIZADOR_EDITAR   0x00003c       data     static C:\Users\AngelOrellana\OneDrive\Escritorio\uvg\4toSemestre\PrograDeMicros\Programas_ensamblador\Proyecto1.X\main.asm
MINUTOS_TEMPORIZADOR_EDITAR   0x00003d       data     static C:\Users\AngelOrellana\OneDrive\Escritorio\uvg\4toSemestre\PrograDeMicros\Programas_ensamblador\Proyecto1.X\main.asm
            CONTADOR_TMR2   0x00003e       data     static C:\Users\AngelOrellana\OneDrive\Escritorio\uvg\4toSemestre\PrograDeMicros\Programas_ensamblador\Proyecto1.X\main.asm
          CONTADOR_ALARMA   0x00003f       data     static C:\Users\AngelOrellana\OneDrive\Escritorio\uvg\4toSemestre\PrograDeMicros\Programas_ensamblador\Proyecto1.X\main.asm
          SEGUNDOS_ALARMA   0x000040       data     static C:\Users\AngelOrellana\OneDrive\Escritorio\uvg\4toSemestre\PrograDeMicros\Programas_ensamblador\Proyecto1.X\main.asm


