MPLINK 5.09, LINKER
Linker Map File - Created Fri Aug 14 16:14:16 2020

                                 Section Info
                  Section       Type    Address   Location Size(Bytes)
                ---------  ---------  ---------  ---------  ---------
                 RES_VECT       code   0x000000    program   0x000002
                   .cinit    romdata   0x000001    program   0x000004
                MAIN_PROG       code   0x000003    program   0x00012a
.config_2007_BUILD/DEFAULT/DEBUG/MAIN.O       code   0x002007    program   0x000002
.config_2008_BUILD/DEFAULT/DEBUG/MAIN.O       code   0x002008    program   0x000002



                              Program Memory Usage 
                               Start         End      
                           ---------   ---------      
                            0x000000    0x000097      
                            0x002007    0x002008      
            154 out of 8455 program addresses used, program memory utilization is 1%



                              Symbols - Sorted by Name
                     Name    Address   Location    Storage File                     
                ---------  ---------  ---------  --------- ---------                
               CONTAR_TMR   0x000069    program     static C:\Users\AngelOrellana\OneDrive\Escritorio\uvg\4toSemestre\PrograDeMicros\Laboratorios\ProgramacionMicrosPIC\lab3.X\main.asm
               DECREMENTO   0x000086    program     static C:\Users\AngelOrellana\OneDrive\Escritorio\uvg\4toSemestre\PrograDeMicros\Laboratorios\ProgramacionMicrosPIC\lab3.X\main.asm
                DELAY_MED   0x00008d    program     static C:\Users\AngelOrellana\OneDrive\Escritorio\uvg\4toSemestre\PrograDeMicros\Laboratorios\ProgramacionMicrosPIC\lab3.X\main.asm
              DELAY_SMALL   0x000093    program     static C:\Users\AngelOrellana\OneDrive\Escritorio\uvg\4toSemestre\PrograDeMicros\Laboratorios\ProgramacionMicrosPIC\lab3.X\main.asm
               INCREMENTO   0x00007a    program     static C:\Users\AngelOrellana\OneDrive\Escritorio\uvg\4toSemestre\PrograDeMicros\Laboratorios\ProgramacionMicrosPIC\lab3.X\main.asm
             INC_CONTADOR   0x000070    program     static C:\Users\AngelOrellana\OneDrive\Escritorio\uvg\4toSemestre\PrograDeMicros\Laboratorios\ProgramacionMicrosPIC\lab3.X\main.asm
                     LOOP   0x00004c    program     static C:\Users\AngelOrellana\OneDrive\Escritorio\uvg\4toSemestre\PrograDeMicros\Laboratorios\ProgramacionMicrosPIC\lab3.X\main.asm
               LOOP_DELAY   0x00008f    program     static C:\Users\AngelOrellana\OneDrive\Escritorio\uvg\4toSemestre\PrograDeMicros\Laboratorios\ProgramacionMicrosPIC\lab3.X\main.asm
                MOSTRAR7S   0x000080    program     static C:\Users\AngelOrellana\OneDrive\Escritorio\uvg\4toSemestre\PrograDeMicros\Laboratorios\ProgramacionMicrosPIC\lab3.X\main.asm
             SONAR_ALARMA   0x00005e    program     static C:\Users\AngelOrellana\OneDrive\Escritorio\uvg\4toSemestre\PrograDeMicros\Laboratorios\ProgramacionMicrosPIC\lab3.X\main.asm
         SONAR_ALARMA_SI0   0x00005c    program     static C:\Users\AngelOrellana\OneDrive\Escritorio\uvg\4toSemestre\PrograDeMicros\Laboratorios\ProgramacionMicrosPIC\lab3.X\main.asm
                    START   0x000003    program     static C:\Users\AngelOrellana\OneDrive\Escritorio\uvg\4toSemestre\PrograDeMicros\Laboratorios\ProgramacionMicrosPIC\lab3.X\main.asm
          _MAIN_PROG_0093   0x000096    program     static C:\Users\AngelOrellana\OneDrive\Escritorio\uvg\4toSemestre\PrograDeMicros\Laboratorios\ProgramacionMicrosPIC\lab3.X\main.asm



                              Symbols - Sorted by Address
                     Name    Address   Location    Storage File                     
                ---------  ---------  ---------  --------- ---------                
                    START   0x000003    program     static C:\Users\AngelOrellana\OneDrive\Escritorio\uvg\4toSemestre\PrograDeMicros\Laboratorios\ProgramacionMicrosPIC\lab3.X\main.asm
                     LOOP   0x00004c    program     static C:\Users\AngelOrellana\OneDrive\Escritorio\uvg\4toSemestre\PrograDeMicros\Laboratorios\ProgramacionMicrosPIC\lab3.X\main.asm
         SONAR_ALARMA_SI0   0x00005c    program     static C:\Users\AngelOrellana\OneDrive\Escritorio\uvg\4toSemestre\PrograDeMicros\Laboratorios\ProgramacionMicrosPIC\lab3.X\main.asm
             SONAR_ALARMA   0x00005e    program     static C:\Users\AngelOrellana\OneDrive\Escritorio\uvg\4toSemestre\PrograDeMicros\Laboratorios\ProgramacionMicrosPIC\lab3.X\main.asm
               CONTAR_TMR   0x000069    program     static C:\Users\AngelOrellana\OneDrive\Escritorio\uvg\4toSemestre\PrograDeMicros\Laboratorios\ProgramacionMicrosPIC\lab3.X\main.asm
             INC_CONTADOR   0x000070    program     static C:\Users\AngelOrellana\OneDrive\Escritorio\uvg\4toSemestre\PrograDeMicros\Laboratorios\ProgramacionMicrosPIC\lab3.X\main.asm
               INCREMENTO   0x00007a    program     static C:\Users\AngelOrellana\OneDrive\Escritorio\uvg\4toSemestre\PrograDeMicros\Laboratorios\ProgramacionMicrosPIC\lab3.X\main.asm
                MOSTRAR7S   0x000080    program     static C:\Users\AngelOrellana\OneDrive\Escritorio\uvg\4toSemestre\PrograDeMicros\Laboratorios\ProgramacionMicrosPIC\lab3.X\main.asm
               DECREMENTO   0x000086    program     static C:\Users\AngelOrellana\OneDrive\Escritorio\uvg\4toSemestre\PrograDeMicros\Laboratorios\ProgramacionMicrosPIC\lab3.X\main.asm
                DELAY_MED   0x00008d    program     static C:\Users\AngelOrellana\OneDrive\Escritorio\uvg\4toSemestre\PrograDeMicros\Laboratorios\ProgramacionMicrosPIC\lab3.X\main.asm
               LOOP_DELAY   0x00008f    program     static C:\Users\AngelOrellana\OneDrive\Escritorio\uvg\4toSemestre\PrograDeMicros\Laboratorios\ProgramacionMicrosPIC\lab3.X\main.asm
              DELAY_SMALL   0x000093    program     static C:\Users\AngelOrellana\OneDrive\Escritorio\uvg\4toSemestre\PrograDeMicros\Laboratorios\ProgramacionMicrosPIC\lab3.X\main.asm
          _MAIN_PROG_0093   0x000096    program     static C:\Users\AngelOrellana\OneDrive\Escritorio\uvg\4toSemestre\PrograDeMicros\Laboratorios\ProgramacionMicrosPIC\lab3.X\main.asm


