MPLINK 5.09, LINKER
Linker Map File - Created Thu Sep 03 23:20:44 2020

                                 Section Info
                  Section       Type    Address   Location Size(Bytes)
                ---------  ---------  ---------  ---------  ---------
                 RES_VECT       code   0x000000    program   0x000002
                   .cinit    romdata   0x000001    program   0x000004
                 ISR_VECT       code   0x000004    program   0x000064
                MAIN_PROG       code   0x000036    program   0x00010a
.config_2007_BUILD/DEFAULT/PRODUCTION/NEWPIC_       code   0x002007    program   0x000002
.config_2008_BUILD/DEFAULT/PRODUCTION/NEWPIC_       code   0x002008    program   0x000002
                  GPR_VAR      udata   0x000020       data   0x00000a



                              Program Memory Usage 
                               Start         End      
                           ---------   ---------      
                            0x000000    0x000002      
                            0x000004    0x0000ba      
                            0x002007    0x002008      
            188 out of 8455 program addresses used, program memory utilization is 2%



                              Symbols - Sorted by Name
                     Name    Address   Location    Storage File                     
                ---------  ---------  ---------  --------- ---------                
              APAGAR_LEDS   0x000055    program     static C:\Users\AngelOrellana\OneDrive\Escritorio\uvg\4toSemestre\PrograDeMicros\Laboratorios\ProgramacionPic\prueba.X\newpic_8b_simple.asm
         CONFIG_INTERRUPT   0x0000ae    program     static C:\Users\AngelOrellana\OneDrive\Escritorio\uvg\4toSemestre\PrograDeMicros\Laboratorios\ProgramacionPic\prueba.X\newpic_8b_simple.asm
                CONFIG_IO   0x000074    program     static C:\Users\AngelOrellana\OneDrive\Escritorio\uvg\4toSemestre\PrograDeMicros\Laboratorios\ProgramacionPic\prueba.X\newpic_8b_simple.asm
              CONFIG_TMR0   0x000086    program     static C:\Users\AngelOrellana\OneDrive\Escritorio\uvg\4toSemestre\PrograDeMicros\Laboratorios\ProgramacionPic\prueba.X\newpic_8b_simple.asm
              CONFIG_TMR1   0x000093    program     static C:\Users\AngelOrellana\OneDrive\Escritorio\uvg\4toSemestre\PrograDeMicros\Laboratorios\ProgramacionPic\prueba.X\newpic_8b_simple.asm
              CONFIG_TMR2   0x0000a1    program     static C:\Users\AngelOrellana\OneDrive\Escritorio\uvg\4toSemestre\PrograDeMicros\Laboratorios\ProgramacionPic\prueba.X\newpic_8b_simple.asm
                  DISPLAY   0x000065    program     static C:\Users\AngelOrellana\OneDrive\Escritorio\uvg\4toSemestre\PrograDeMicros\Laboratorios\ProgramacionPic\prueba.X\newpic_8b_simple.asm
                DISPLAY_0   0x000068    program     static C:\Users\AngelOrellana\OneDrive\Escritorio\uvg\4toSemestre\PrograDeMicros\Laboratorios\ProgramacionPic\prueba.X\newpic_8b_simple.asm
                DISPLAY_1   0x00006d    program     static C:\Users\AngelOrellana\OneDrive\Escritorio\uvg\4toSemestre\PrograDeMicros\Laboratorios\ProgramacionPic\prueba.X\newpic_8b_simple.asm
              FIN_DISPLAY   0x000072    program     static C:\Users\AngelOrellana\OneDrive\Escritorio\uvg\4toSemestre\PrograDeMicros\Laboratorios\ProgramacionPic\prueba.X\newpic_8b_simple.asm
                 FUE_TMR0   0x00000e    program     static C:\Users\AngelOrellana\OneDrive\Escritorio\uvg\4toSemestre\PrograDeMicros\Laboratorios\ProgramacionPic\prueba.X\newpic_8b_simple.asm
                 FUE_TMR1   0x000013    program     static C:\Users\AngelOrellana\OneDrive\Escritorio\uvg\4toSemestre\PrograDeMicros\Laboratorios\ProgramacionPic\prueba.X\newpic_8b_simple.asm
                 FUE_TMR2   0x00001a    program     static C:\Users\AngelOrellana\OneDrive\Escritorio\uvg\4toSemestre\PrograDeMicros\Laboratorios\ProgramacionPic\prueba.X\newpic_8b_simple.asm
                      ISR   0x000008    program     static C:\Users\AngelOrellana\OneDrive\Escritorio\uvg\4toSemestre\PrograDeMicros\Laboratorios\ProgramacionPic\prueba.X\newpic_8b_simple.asm
                     LEDS   0x00004d    program     static C:\Users\AngelOrellana\OneDrive\Escritorio\uvg\4toSemestre\PrograDeMicros\Laboratorios\ProgramacionPic\prueba.X\newpic_8b_simple.asm
                     LOOP   0x00003c    program     static C:\Users\AngelOrellana\OneDrive\Escritorio\uvg\4toSemestre\PrograDeMicros\Laboratorios\ProgramacionPic\prueba.X\newpic_8b_simple.asm
                      POP   0x00001e    program     static C:\Users\AngelOrellana\OneDrive\Escritorio\uvg\4toSemestre\PrograDeMicros\Laboratorios\ProgramacionPic\prueba.X\newpic_8b_simple.asm
             PRENDER_LEDS   0x000052    program     static C:\Users\AngelOrellana\OneDrive\Escritorio\uvg\4toSemestre\PrograDeMicros\Laboratorios\ProgramacionPic\prueba.X\newpic_8b_simple.asm
                     PUSH   0x000004    program     static C:\Users\AngelOrellana\OneDrive\Escritorio\uvg\4toSemestre\PrograDeMicros\Laboratorios\ProgramacionPic\prueba.X\newpic_8b_simple.asm
           SEPARAR_NIBBLE   0x000058    program     static C:\Users\AngelOrellana\OneDrive\Escritorio\uvg\4toSemestre\PrograDeMicros\Laboratorios\ProgramacionPic\prueba.X\newpic_8b_simple.asm
                SIGUIENTE   0x000045    program     static C:\Users\AngelOrellana\OneDrive\Escritorio\uvg\4toSemestre\PrograDeMicros\Laboratorios\ProgramacionPic\prueba.X\newpic_8b_simple.asm
                    START   0x000036    program     static C:\Users\AngelOrellana\OneDrive\Escritorio\uvg\4toSemestre\PrograDeMicros\Laboratorios\ProgramacionPic\prueba.X\newpic_8b_simple.asm
                    TABLE   0x000024    program     static C:\Users\AngelOrellana\OneDrive\Escritorio\uvg\4toSemestre\PrograDeMicros\Laboratorios\ProgramacionPic\prueba.X\newpic_8b_simple.asm
                TOGGLE_B0   0x00005f    program     static C:\Users\AngelOrellana\OneDrive\Escritorio\uvg\4toSemestre\PrograDeMicros\Laboratorios\ProgramacionPic\prueba.X\newpic_8b_simple.asm
                    TOG_0   0x000063    program     static C:\Users\AngelOrellana\OneDrive\Escritorio\uvg\4toSemestre\PrograDeMicros\Laboratorios\ProgramacionPic\prueba.X\newpic_8b_simple.asm
                    TOG_1   0x000061    program     static C:\Users\AngelOrellana\OneDrive\Escritorio\uvg\4toSemestre\PrograDeMicros\Laboratorios\ProgramacionPic\prueba.X\newpic_8b_simple.asm
          _MAIN_PROG_0016   0x00004c    program     static C:\Users\AngelOrellana\OneDrive\Escritorio\uvg\4toSemestre\PrograDeMicros\Laboratorios\ProgramacionPic\prueba.X\newpic_8b_simple.asm
                 BANDERAS   0x000026       data     static C:\Users\AngelOrellana\OneDrive\Escritorio\uvg\4toSemestre\PrograDeMicros\Laboratorios\ProgramacionPic\prueba.X\newpic_8b_simple.asm
                      BCD   0x000028       data     static C:\Users\AngelOrellana\OneDrive\Escritorio\uvg\4toSemestre\PrograDeMicros\Laboratorios\ProgramacionPic\prueba.X\newpic_8b_simple.asm
                    CONT1   0x000022       data     static C:\Users\AngelOrellana\OneDrive\Escritorio\uvg\4toSemestre\PrograDeMicros\Laboratorios\ProgramacionPic\prueba.X\newpic_8b_simple.asm
                    CONT2   0x000023       data     static C:\Users\AngelOrellana\OneDrive\Escritorio\uvg\4toSemestre\PrograDeMicros\Laboratorios\ProgramacionPic\prueba.X\newpic_8b_simple.asm
                 NIBBLE_H   0x000025       data     static C:\Users\AngelOrellana\OneDrive\Escritorio\uvg\4toSemestre\PrograDeMicros\Laboratorios\ProgramacionPic\prueba.X\newpic_8b_simple.asm
                 NIBBLE_L   0x000024       data     static C:\Users\AngelOrellana\OneDrive\Escritorio\uvg\4toSemestre\PrograDeMicros\Laboratorios\ProgramacionPic\prueba.X\newpic_8b_simple.asm
              STATUS_TEMP   0x000021       data     static C:\Users\AngelOrellana\OneDrive\Escritorio\uvg\4toSemestre\PrograDeMicros\Laboratorios\ProgramacionPic\prueba.X\newpic_8b_simple.asm
              VAR_DISPLAY   0x000027       data     static C:\Users\AngelOrellana\OneDrive\Escritorio\uvg\4toSemestre\PrograDeMicros\Laboratorios\ProgramacionPic\prueba.X\newpic_8b_simple.asm
              VAR_REVTEMP   0x000029       data     static C:\Users\AngelOrellana\OneDrive\Escritorio\uvg\4toSemestre\PrograDeMicros\Laboratorios\ProgramacionPic\prueba.X\newpic_8b_simple.asm
                   W_TEMP   0x000020       data     static C:\Users\AngelOrellana\OneDrive\Escritorio\uvg\4toSemestre\PrograDeMicros\Laboratorios\ProgramacionPic\prueba.X\newpic_8b_simple.asm



                              Symbols - Sorted by Address
                     Name    Address   Location    Storage File                     
                ---------  ---------  ---------  --------- ---------                
                     PUSH   0x000004    program     static C:\Users\AngelOrellana\OneDrive\Escritorio\uvg\4toSemestre\PrograDeMicros\Laboratorios\ProgramacionPic\prueba.X\newpic_8b_simple.asm
                      ISR   0x000008    program     static C:\Users\AngelOrellana\OneDrive\Escritorio\uvg\4toSemestre\PrograDeMicros\Laboratorios\ProgramacionPic\prueba.X\newpic_8b_simple.asm
                 FUE_TMR0   0x00000e    program     static C:\Users\AngelOrellana\OneDrive\Escritorio\uvg\4toSemestre\PrograDeMicros\Laboratorios\ProgramacionPic\prueba.X\newpic_8b_simple.asm
                 FUE_TMR1   0x000013    program     static C:\Users\AngelOrellana\OneDrive\Escritorio\uvg\4toSemestre\PrograDeMicros\Laboratorios\ProgramacionPic\prueba.X\newpic_8b_simple.asm
                 FUE_TMR2   0x00001a    program     static C:\Users\AngelOrellana\OneDrive\Escritorio\uvg\4toSemestre\PrograDeMicros\Laboratorios\ProgramacionPic\prueba.X\newpic_8b_simple.asm
                      POP   0x00001e    program     static C:\Users\AngelOrellana\OneDrive\Escritorio\uvg\4toSemestre\PrograDeMicros\Laboratorios\ProgramacionPic\prueba.X\newpic_8b_simple.asm
                    TABLE   0x000024    program     static C:\Users\AngelOrellana\OneDrive\Escritorio\uvg\4toSemestre\PrograDeMicros\Laboratorios\ProgramacionPic\prueba.X\newpic_8b_simple.asm
                    START   0x000036    program     static C:\Users\AngelOrellana\OneDrive\Escritorio\uvg\4toSemestre\PrograDeMicros\Laboratorios\ProgramacionPic\prueba.X\newpic_8b_simple.asm
                     LOOP   0x00003c    program     static C:\Users\AngelOrellana\OneDrive\Escritorio\uvg\4toSemestre\PrograDeMicros\Laboratorios\ProgramacionPic\prueba.X\newpic_8b_simple.asm
                SIGUIENTE   0x000045    program     static C:\Users\AngelOrellana\OneDrive\Escritorio\uvg\4toSemestre\PrograDeMicros\Laboratorios\ProgramacionPic\prueba.X\newpic_8b_simple.asm
          _MAIN_PROG_0016   0x00004c    program     static C:\Users\AngelOrellana\OneDrive\Escritorio\uvg\4toSemestre\PrograDeMicros\Laboratorios\ProgramacionPic\prueba.X\newpic_8b_simple.asm
                     LEDS   0x00004d    program     static C:\Users\AngelOrellana\OneDrive\Escritorio\uvg\4toSemestre\PrograDeMicros\Laboratorios\ProgramacionPic\prueba.X\newpic_8b_simple.asm
             PRENDER_LEDS   0x000052    program     static C:\Users\AngelOrellana\OneDrive\Escritorio\uvg\4toSemestre\PrograDeMicros\Laboratorios\ProgramacionPic\prueba.X\newpic_8b_simple.asm
              APAGAR_LEDS   0x000055    program     static C:\Users\AngelOrellana\OneDrive\Escritorio\uvg\4toSemestre\PrograDeMicros\Laboratorios\ProgramacionPic\prueba.X\newpic_8b_simple.asm
           SEPARAR_NIBBLE   0x000058    program     static C:\Users\AngelOrellana\OneDrive\Escritorio\uvg\4toSemestre\PrograDeMicros\Laboratorios\ProgramacionPic\prueba.X\newpic_8b_simple.asm
                TOGGLE_B0   0x00005f    program     static C:\Users\AngelOrellana\OneDrive\Escritorio\uvg\4toSemestre\PrograDeMicros\Laboratorios\ProgramacionPic\prueba.X\newpic_8b_simple.asm
                    TOG_1   0x000061    program     static C:\Users\AngelOrellana\OneDrive\Escritorio\uvg\4toSemestre\PrograDeMicros\Laboratorios\ProgramacionPic\prueba.X\newpic_8b_simple.asm
                    TOG_0   0x000063    program     static C:\Users\AngelOrellana\OneDrive\Escritorio\uvg\4toSemestre\PrograDeMicros\Laboratorios\ProgramacionPic\prueba.X\newpic_8b_simple.asm
                  DISPLAY   0x000065    program     static C:\Users\AngelOrellana\OneDrive\Escritorio\uvg\4toSemestre\PrograDeMicros\Laboratorios\ProgramacionPic\prueba.X\newpic_8b_simple.asm
                DISPLAY_0   0x000068    program     static C:\Users\AngelOrellana\OneDrive\Escritorio\uvg\4toSemestre\PrograDeMicros\Laboratorios\ProgramacionPic\prueba.X\newpic_8b_simple.asm
                DISPLAY_1   0x00006d    program     static C:\Users\AngelOrellana\OneDrive\Escritorio\uvg\4toSemestre\PrograDeMicros\Laboratorios\ProgramacionPic\prueba.X\newpic_8b_simple.asm
              FIN_DISPLAY   0x000072    program     static C:\Users\AngelOrellana\OneDrive\Escritorio\uvg\4toSemestre\PrograDeMicros\Laboratorios\ProgramacionPic\prueba.X\newpic_8b_simple.asm
                CONFIG_IO   0x000074    program     static C:\Users\AngelOrellana\OneDrive\Escritorio\uvg\4toSemestre\PrograDeMicros\Laboratorios\ProgramacionPic\prueba.X\newpic_8b_simple.asm
              CONFIG_TMR0   0x000086    program     static C:\Users\AngelOrellana\OneDrive\Escritorio\uvg\4toSemestre\PrograDeMicros\Laboratorios\ProgramacionPic\prueba.X\newpic_8b_simple.asm
              CONFIG_TMR1   0x000093    program     static C:\Users\AngelOrellana\OneDrive\Escritorio\uvg\4toSemestre\PrograDeMicros\Laboratorios\ProgramacionPic\prueba.X\newpic_8b_simple.asm
              CONFIG_TMR2   0x0000a1    program     static C:\Users\AngelOrellana\OneDrive\Escritorio\uvg\4toSemestre\PrograDeMicros\Laboratorios\ProgramacionPic\prueba.X\newpic_8b_simple.asm
         CONFIG_INTERRUPT   0x0000ae    program     static C:\Users\AngelOrellana\OneDrive\Escritorio\uvg\4toSemestre\PrograDeMicros\Laboratorios\ProgramacionPic\prueba.X\newpic_8b_simple.asm
                   W_TEMP   0x000020       data     static C:\Users\AngelOrellana\OneDrive\Escritorio\uvg\4toSemestre\PrograDeMicros\Laboratorios\ProgramacionPic\prueba.X\newpic_8b_simple.asm
              STATUS_TEMP   0x000021       data     static C:\Users\AngelOrellana\OneDrive\Escritorio\uvg\4toSemestre\PrograDeMicros\Laboratorios\ProgramacionPic\prueba.X\newpic_8b_simple.asm
                    CONT1   0x000022       data     static C:\Users\AngelOrellana\OneDrive\Escritorio\uvg\4toSemestre\PrograDeMicros\Laboratorios\ProgramacionPic\prueba.X\newpic_8b_simple.asm
                    CONT2   0x000023       data     static C:\Users\AngelOrellana\OneDrive\Escritorio\uvg\4toSemestre\PrograDeMicros\Laboratorios\ProgramacionPic\prueba.X\newpic_8b_simple.asm
                 NIBBLE_L   0x000024       data     static C:\Users\AngelOrellana\OneDrive\Escritorio\uvg\4toSemestre\PrograDeMicros\Laboratorios\ProgramacionPic\prueba.X\newpic_8b_simple.asm
                 NIBBLE_H   0x000025       data     static C:\Users\AngelOrellana\OneDrive\Escritorio\uvg\4toSemestre\PrograDeMicros\Laboratorios\ProgramacionPic\prueba.X\newpic_8b_simple.asm
                 BANDERAS   0x000026       data     static C:\Users\AngelOrellana\OneDrive\Escritorio\uvg\4toSemestre\PrograDeMicros\Laboratorios\ProgramacionPic\prueba.X\newpic_8b_simple.asm
              VAR_DISPLAY   0x000027       data     static C:\Users\AngelOrellana\OneDrive\Escritorio\uvg\4toSemestre\PrograDeMicros\Laboratorios\ProgramacionPic\prueba.X\newpic_8b_simple.asm
                      BCD   0x000028       data     static C:\Users\AngelOrellana\OneDrive\Escritorio\uvg\4toSemestre\PrograDeMicros\Laboratorios\ProgramacionPic\prueba.X\newpic_8b_simple.asm
              VAR_REVTEMP   0x000029       data     static C:\Users\AngelOrellana\OneDrive\Escritorio\uvg\4toSemestre\PrograDeMicros\Laboratorios\ProgramacionPic\prueba.X\newpic_8b_simple.asm


