MPLINK 5.09, LINKER
Linker Map File - Created Fri Sep 04 16:05:10 2020

                                 Section Info
                  Section       Type    Address   Location Size(Bytes)
                ---------  ---------  ---------  ---------  ---------
                 RES_VECT       code   0x000000    program   0x000002
                   .cinit    romdata   0x000001    program   0x000004
                    INTER       code   0x000004    program   0x00005c
                MAIN_PROG       code   0x000032    program   0x00009a
.config_2007_BUILD/DEFAULT/PRODUCTION/MAIN.O       code   0x002007    program   0x000002
.config_2008_BUILD/DEFAULT/PRODUCTION/MAIN.O       code   0x002008    program   0x000002



                              Program Memory Usage 
                               Start         End      
                           ---------   ---------      
                            0x000000    0x000002      
                            0x000004    0x00007e      
                            0x002007    0x002008      
            128 out of 8455 program addresses used, program memory utilization is 1%



                              Symbols - Sorted by Name
                     Name    Address   Location    Storage File                     
                ---------  ---------  ---------  --------- ---------                
             CORREGIR_BCD   0x000071    program     static C:\Users\AngelOrellana\OneDrive\Escritorio\uvg\4toSemestre\PrograDeMicros\Laboratorios\ProgramacionPic\Lab5.X\main.asm
                 INT_TMR0   0x00000f    program     static C:\Users\AngelOrellana\OneDrive\Escritorio\uvg\4toSemestre\PrograDeMicros\Laboratorios\ProgramacionPic\Lab5.X\main.asm
                 INT_TMR1   0x000007    program     static C:\Users\AngelOrellana\OneDrive\Escritorio\uvg\4toSemestre\PrograDeMicros\Laboratorios\ProgramacionPic\Lab5.X\main.asm
                 INT_TMR2   0x00001d    program     static C:\Users\AngelOrellana\OneDrive\Escritorio\uvg\4toSemestre\PrograDeMicros\Laboratorios\ProgramacionPic\Lab5.X\main.asm
                     LOAD   0x00002d    program     static C:\Users\AngelOrellana\OneDrive\Escritorio\uvg\4toSemestre\PrograDeMicros\Laboratorios\ProgramacionPic\Lab5.X\main.asm
                     LOOP   0x000058    program     static C:\Users\AngelOrellana\OneDrive\Escritorio\uvg\4toSemestre\PrograDeMicros\Laboratorios\ProgramacionPic\Lab5.X\main.asm
                     SAVE   0x000004    program     static C:\Users\AngelOrellana\OneDrive\Escritorio\uvg\4toSemestre\PrograDeMicros\Laboratorios\ProgramacionPic\Lab5.X\main.asm
                    START   0x000032    program     static C:\Users\AngelOrellana\OneDrive\Escritorio\uvg\4toSemestre\PrograDeMicros\Laboratorios\ProgramacionPic\Lab5.X\main.asm
                  SUMA_10   0x000078    program     static C:\Users\AngelOrellana\OneDrive\Escritorio\uvg\4toSemestre\PrograDeMicros\Laboratorios\ProgramacionPic\Lab5.X\main.asm
                    TABLA   0x000062    program     static C:\Users\AngelOrellana\OneDrive\Escritorio\uvg\4toSemestre\PrograDeMicros\Laboratorios\ProgramacionPic\Lab5.X\main.asm



                              Symbols - Sorted by Address
                     Name    Address   Location    Storage File                     
                ---------  ---------  ---------  --------- ---------                
                     SAVE   0x000004    program     static C:\Users\AngelOrellana\OneDrive\Escritorio\uvg\4toSemestre\PrograDeMicros\Laboratorios\ProgramacionPic\Lab5.X\main.asm
                 INT_TMR1   0x000007    program     static C:\Users\AngelOrellana\OneDrive\Escritorio\uvg\4toSemestre\PrograDeMicros\Laboratorios\ProgramacionPic\Lab5.X\main.asm
                 INT_TMR0   0x00000f    program     static C:\Users\AngelOrellana\OneDrive\Escritorio\uvg\4toSemestre\PrograDeMicros\Laboratorios\ProgramacionPic\Lab5.X\main.asm
                 INT_TMR2   0x00001d    program     static C:\Users\AngelOrellana\OneDrive\Escritorio\uvg\4toSemestre\PrograDeMicros\Laboratorios\ProgramacionPic\Lab5.X\main.asm
                     LOAD   0x00002d    program     static C:\Users\AngelOrellana\OneDrive\Escritorio\uvg\4toSemestre\PrograDeMicros\Laboratorios\ProgramacionPic\Lab5.X\main.asm
                    START   0x000032    program     static C:\Users\AngelOrellana\OneDrive\Escritorio\uvg\4toSemestre\PrograDeMicros\Laboratorios\ProgramacionPic\Lab5.X\main.asm
                     LOOP   0x000058    program     static C:\Users\AngelOrellana\OneDrive\Escritorio\uvg\4toSemestre\PrograDeMicros\Laboratorios\ProgramacionPic\Lab5.X\main.asm
                    TABLA   0x000062    program     static C:\Users\AngelOrellana\OneDrive\Escritorio\uvg\4toSemestre\PrograDeMicros\Laboratorios\ProgramacionPic\Lab5.X\main.asm
             CORREGIR_BCD   0x000071    program     static C:\Users\AngelOrellana\OneDrive\Escritorio\uvg\4toSemestre\PrograDeMicros\Laboratorios\ProgramacionPic\Lab5.X\main.asm
                  SUMA_10   0x000078    program     static C:\Users\AngelOrellana\OneDrive\Escritorio\uvg\4toSemestre\PrograDeMicros\Laboratorios\ProgramacionPic\Lab5.X\main.asm


