MPLINK 5.09, LINKER
Linker Map File - Created Mon Nov 09 23:23:49 2020

                                 Section Info
                  Section       Type    Address   Location Size(Bytes)
                ---------  ---------  ---------  ---------  ---------
                 RES_VECT       code   0x000000    program   0x000002
                   .cinit    romdata   0x000001    program   0x000004
                 INT_VECT       code   0x000004    program   0x00001e
                MAIN_PROG       code   0x000013    program   0x000094
.config_2007_BUILD/DEFAULT/PRODUCTION/MAIN.O       code   0x002007    program   0x000002
.config_2008_BUILD/DEFAULT/PRODUCTION/MAIN.O       code   0x002008    program   0x000002
                     VARS      udata   0x000020       data   0x000006



                              Program Memory Usage 
                               Start         End      
                           ---------   ---------      
                            0x000000    0x000002      
                            0x000004    0x00005c      
                            0x002007    0x002008      
            94 out of 8455 program addresses used, program memory utilization is 1%



                              Symbols - Sorted by Name
                     Name    Address   Location    Storage File                     
                ---------  ---------  ---------  --------- ---------                
                    DELAY   0x000056    program     static C:\Users\AngelOrellana\OneDrive\Escritorio\uvg\4toSemestre\PrograDeMicros\Programas_ensamblador\LAB9.X\main.asm
                ESCRITURA   0x000042    program     static C:\Users\AngelOrellana\OneDrive\Escritorio\uvg\4toSemestre\PrograDeMicros\Programas_ensamblador\LAB9.X\main.asm
                      ISR   0x000007    program     static C:\Users\AngelOrellana\OneDrive\Escritorio\uvg\4toSemestre\PrograDeMicros\Programas_ensamblador\LAB9.X\main.asm
                  LECTURA   0x000038    program     static C:\Users\AngelOrellana\OneDrive\Escritorio\uvg\4toSemestre\PrograDeMicros\Programas_ensamblador\LAB9.X\main.asm
                     LOAD   0x00000e    program     static C:\Users\AngelOrellana\OneDrive\Escritorio\uvg\4toSemestre\PrograDeMicros\Programas_ensamblador\LAB9.X\main.asm
                     LOOP   0x00002e    program     static C:\Users\AngelOrellana\OneDrive\Escritorio\uvg\4toSemestre\PrograDeMicros\Programas_ensamblador\LAB9.X\main.asm
                     SAVE   0x000004    program     static C:\Users\AngelOrellana\OneDrive\Escritorio\uvg\4toSemestre\PrograDeMicros\Programas_ensamblador\LAB9.X\main.asm
                    START   0x000013    program     static C:\Users\AngelOrellana\OneDrive\Escritorio\uvg\4toSemestre\PrograDeMicros\Programas_ensamblador\LAB9.X\main.asm
          _MAIN_PROG_0048   0x00005b    program     static C:\Users\AngelOrellana\OneDrive\Escritorio\uvg\4toSemestre\PrograDeMicros\Programas_ensamblador\LAB9.X\main.asm
                      ADC   0x000020       data     static C:\Users\AngelOrellana\OneDrive\Escritorio\uvg\4toSemestre\PrograDeMicros\Programas_ensamblador\LAB9.X\main.asm
              ANTIRREBOTE   0x000022       data     static C:\Users\AngelOrellana\OneDrive\Escritorio\uvg\4toSemestre\PrograDeMicros\Programas_ensamblador\LAB9.X\main.asm
                   DELAY1   0x000025       data     static C:\Users\AngelOrellana\OneDrive\Escritorio\uvg\4toSemestre\PrograDeMicros\Programas_ensamblador\LAB9.X\main.asm
              EEPROM_READ   0x000021       data     static C:\Users\AngelOrellana\OneDrive\Escritorio\uvg\4toSemestre\PrograDeMicros\Programas_ensamblador\LAB9.X\main.asm
               STATUS_RAM   0x000024       data     static C:\Users\AngelOrellana\OneDrive\Escritorio\uvg\4toSemestre\PrograDeMicros\Programas_ensamblador\LAB9.X\main.asm
                    W_RAM   0x000023       data     static C:\Users\AngelOrellana\OneDrive\Escritorio\uvg\4toSemestre\PrograDeMicros\Programas_ensamblador\LAB9.X\main.asm



                              Symbols - Sorted by Address
                     Name    Address   Location    Storage File                     
                ---------  ---------  ---------  --------- ---------                
                     SAVE   0x000004    program     static C:\Users\AngelOrellana\OneDrive\Escritorio\uvg\4toSemestre\PrograDeMicros\Programas_ensamblador\LAB9.X\main.asm
                      ISR   0x000007    program     static C:\Users\AngelOrellana\OneDrive\Escritorio\uvg\4toSemestre\PrograDeMicros\Programas_ensamblador\LAB9.X\main.asm
                     LOAD   0x00000e    program     static C:\Users\AngelOrellana\OneDrive\Escritorio\uvg\4toSemestre\PrograDeMicros\Programas_ensamblador\LAB9.X\main.asm
                    START   0x000013    program     static C:\Users\AngelOrellana\OneDrive\Escritorio\uvg\4toSemestre\PrograDeMicros\Programas_ensamblador\LAB9.X\main.asm
                     LOOP   0x00002e    program     static C:\Users\AngelOrellana\OneDrive\Escritorio\uvg\4toSemestre\PrograDeMicros\Programas_ensamblador\LAB9.X\main.asm
                  LECTURA   0x000038    program     static C:\Users\AngelOrellana\OneDrive\Escritorio\uvg\4toSemestre\PrograDeMicros\Programas_ensamblador\LAB9.X\main.asm
                ESCRITURA   0x000042    program     static C:\Users\AngelOrellana\OneDrive\Escritorio\uvg\4toSemestre\PrograDeMicros\Programas_ensamblador\LAB9.X\main.asm
                    DELAY   0x000056    program     static C:\Users\AngelOrellana\OneDrive\Escritorio\uvg\4toSemestre\PrograDeMicros\Programas_ensamblador\LAB9.X\main.asm
          _MAIN_PROG_0048   0x00005b    program     static C:\Users\AngelOrellana\OneDrive\Escritorio\uvg\4toSemestre\PrograDeMicros\Programas_ensamblador\LAB9.X\main.asm
                      ADC   0x000020       data     static C:\Users\AngelOrellana\OneDrive\Escritorio\uvg\4toSemestre\PrograDeMicros\Programas_ensamblador\LAB9.X\main.asm
              EEPROM_READ   0x000021       data     static C:\Users\AngelOrellana\OneDrive\Escritorio\uvg\4toSemestre\PrograDeMicros\Programas_ensamblador\LAB9.X\main.asm
              ANTIRREBOTE   0x000022       data     static C:\Users\AngelOrellana\OneDrive\Escritorio\uvg\4toSemestre\PrograDeMicros\Programas_ensamblador\LAB9.X\main.asm
                    W_RAM   0x000023       data     static C:\Users\AngelOrellana\OneDrive\Escritorio\uvg\4toSemestre\PrograDeMicros\Programas_ensamblador\LAB9.X\main.asm
               STATUS_RAM   0x000024       data     static C:\Users\AngelOrellana\OneDrive\Escritorio\uvg\4toSemestre\PrograDeMicros\Programas_ensamblador\LAB9.X\main.asm
                   DELAY1   0x000025       data     static C:\Users\AngelOrellana\OneDrive\Escritorio\uvg\4toSemestre\PrograDeMicros\Programas_ensamblador\LAB9.X\main.asm


